\n--- ERROR AT http://localhost:8000/api/v1/domain/analytics/reports?start_date=2026-03-01&end_date=2026-03-31&period=monthly ---\nTraceback (most recent call last):
  File "/Users/macbook13/Documents/pharma_new/.venv/lib/python3.13/site-packages/starlette/middleware/errors.py", line 164, in __call__
    await self.app(scope, receive, _send)
  File "/Users/macbook13/Documents/pharma_new/.venv/lib/python3.13/site-packages/starlette/middleware/cors.py", line 95, in __call__
    await self.simple_response(scope, receive, send, request_headers=headers)
  File "/Users/macbook13/Documents/pharma_new/.venv/lib/python3.13/site-packages/starlette/middleware/cors.py", line 153, in simple_response
    await self.app(scope, receive, send)
  File "/Users/macbook13/Documents/pharma_new/.venv/lib/python3.13/site-packages/starlette/middleware/exceptions.py", line 63, in __call__
    await wrap_app_handling_exceptions(self.app, conn)(scope, receive, send)
  File "/Users/macbook13/Documents/pharma_new/.venv/lib/python3.13/site-packages/starlette/_exception_handler.py", line 53, in wrapped_app
    raise exc
  File "/Users/macbook13/Documents/pharma_new/.venv/lib/python3.13/site-packages/starlette/_exception_handler.py", line 42, in wrapped_app
    await app(scope, receive, sender)
  File "/Users/macbook13/Documents/pharma_new/.venv/lib/python3.13/site-packages/fastapi/middleware/asyncexitstack.py", line 18, in __call__
    await self.app(scope, receive, send)
  File "/Users/macbook13/Documents/pharma_new/.venv/lib/python3.13/site-packages/starlette/routing.py", line 716, in __call__
    await self.middleware_stack(scope, receive, send)
  File "/Users/macbook13/Documents/pharma_new/.venv/lib/python3.13/site-packages/starlette/routing.py", line 736, in app
    await route.handle(scope, receive, send)
  File "/Users/macbook13/Documents/pharma_new/.venv/lib/python3.13/site-packages/starlette/routing.py", line 290, in handle
    await self.app(scope, receive, send)
  File "/Users/macbook13/Documents/pharma_new/.venv/lib/python3.13/site-packages/fastapi/routing.py", line 119, in app
    await wrap_app_handling_exceptions(app, request)(scope, receive, send)
  File "/Users/macbook13/Documents/pharma_new/.venv/lib/python3.13/site-packages/starlette/_exception_handler.py", line 53, in wrapped_app
    raise exc
  File "/Users/macbook13/Documents/pharma_new/.venv/lib/python3.13/site-packages/starlette/_exception_handler.py", line 42, in wrapped_app
    await app(scope, receive, sender)
  File "/Users/macbook13/Documents/pharma_new/.venv/lib/python3.13/site-packages/fastapi/routing.py", line 105, in app
    response = await f(request)
               ^^^^^^^^^^^^^^^^
  File "/Users/macbook13/Documents/pharma_new/.venv/lib/python3.13/site-packages/fastapi/routing.py", line 424, in app
    raw_response = await run_endpoint_function(
                   ^^^^^^^^^^^^^^^^^^^^^^^^^^^^
    ...<3 lines>...
    )
    ^
  File "/Users/macbook13/Documents/pharma_new/.venv/lib/python3.13/site-packages/fastapi/routing.py", line 312, in run_endpoint_function
    return await dependant.call(**values)
           ^^^^^^^^^^^^^^^^^^^^^^^^^^^^^^
  File "/Users/macbook13/Documents/pharma_new/backend/app/api/v1/endpoints/reports.py", line 72, in get_comprehensive_reports
    func.case(
    ~~~~~~~~~^
        (BonusLedger.ledger_type == "accrual", BonusLedger.amount),
        ^^^^^^^^^^^^^^^^^^^^^^^^^^^^^^^^^^^^^^^^^^^^^^^^^^^^^^^^^^^
        else_=0
        ^^^^^^^
    )
    ^
  File "/Users/macbook13/Documents/pharma_new/.venv/lib/python3.13/site-packages/sqlalchemy/sql/functions.py", line 995, in __call__
    return Function(
        self.__names[-1], packagenames=tuple(self.__names[0:-1]), *c, **o
    )
TypeError: Function.__init__() got an unexpected keyword argument 'else_'
\n--- ERROR AT http://localhost:8000/api/v1/domain/analytics/reports?start_date=2026-03-01&end_date=2026-03-31&period=monthly ---\nTraceback (most recent call last):
  File "/Users/macbook13/Documents/pharma_new/.venv/lib/python3.13/site-packages/starlette/middleware/errors.py", line 164, in __call__
    await self.app(scope, receive, _send)
  File "/Users/macbook13/Documents/pharma_new/.venv/lib/python3.13/site-packages/starlette/middleware/cors.py", line 95, in __call__
    await self.simple_response(scope, receive, send, request_headers=headers)
  File "/Users/macbook13/Documents/pharma_new/.venv/lib/python3.13/site-packages/starlette/middleware/cors.py", line 153, in simple_response
    await self.app(scope, receive, send)
  File "/Users/macbook13/Documents/pharma_new/.venv/lib/python3.13/site-packages/starlette/middleware/exceptions.py", line 63, in __call__
    await wrap_app_handling_exceptions(self.app, conn)(scope, receive, send)
  File "/Users/macbook13/Documents/pharma_new/.venv/lib/python3.13/site-packages/starlette/_exception_handler.py", line 53, in wrapped_app
    raise exc
  File "/Users/macbook13/Documents/pharma_new/.venv/lib/python3.13/site-packages/starlette/_exception_handler.py", line 42, in wrapped_app
    await app(scope, receive, sender)
  File "/Users/macbook13/Documents/pharma_new/.venv/lib/python3.13/site-packages/fastapi/middleware/asyncexitstack.py", line 18, in __call__
    await self.app(scope, receive, send)
  File "/Users/macbook13/Documents/pharma_new/.venv/lib/python3.13/site-packages/starlette/routing.py", line 716, in __call__
    await self.middleware_stack(scope, receive, send)
  File "/Users/macbook13/Documents/pharma_new/.venv/lib/python3.13/site-packages/starlette/routing.py", line 736, in app
    await route.handle(scope, receive, send)
  File "/Users/macbook13/Documents/pharma_new/.venv/lib/python3.13/site-packages/starlette/routing.py", line 290, in handle
    await self.app(scope, receive, send)
  File "/Users/macbook13/Documents/pharma_new/.venv/lib/python3.13/site-packages/fastapi/routing.py", line 119, in app
    await wrap_app_handling_exceptions(app, request)(scope, receive, send)
  File "/Users/macbook13/Documents/pharma_new/.venv/lib/python3.13/site-packages/starlette/_exception_handler.py", line 53, in wrapped_app
    raise exc
  File "/Users/macbook13/Documents/pharma_new/.venv/lib/python3.13/site-packages/starlette/_exception_handler.py", line 42, in wrapped_app
    await app(scope, receive, sender)
  File "/Users/macbook13/Documents/pharma_new/.venv/lib/python3.13/site-packages/fastapi/routing.py", line 105, in app
    response = await f(request)
               ^^^^^^^^^^^^^^^^
  File "/Users/macbook13/Documents/pharma_new/.venv/lib/python3.13/site-packages/fastapi/routing.py", line 424, in app
    raw_response = await run_endpoint_function(
                   ^^^^^^^^^^^^^^^^^^^^^^^^^^^^
    ...<3 lines>...
    )
    ^
  File "/Users/macbook13/Documents/pharma_new/.venv/lib/python3.13/site-packages/fastapi/routing.py", line 312, in run_endpoint_function
    return await dependant.call(**values)
           ^^^^^^^^^^^^^^^^^^^^^^^^^^^^^^
  File "/Users/macbook13/Documents/pharma_new/backend/app/api/v1/endpoints/reports.py", line 72, in get_comprehensive_reports
    func.case(
    ~~~~~~~~~^
        (BonusLedger.ledger_type == "accrual", BonusLedger.amount),
        ^^^^^^^^^^^^^^^^^^^^^^^^^^^^^^^^^^^^^^^^^^^^^^^^^^^^^^^^^^^
        else_=0
        ^^^^^^^
    )
    ^
  File "/Users/macbook13/Documents/pharma_new/.venv/lib/python3.13/site-packages/sqlalchemy/sql/functions.py", line 995, in __call__
    return Function(
        self.__names[-1], packagenames=tuple(self.__names[0:-1]), *c, **o
    )
TypeError: Function.__init__() got an unexpected keyword argument 'else_'
\n--- ERROR AT http://localhost:8000/api/v1/domain/analytics/reports?start_date=2026-03-01&end_date=2026-03-31&period=monthly ---\nTraceback (most recent call last):
  File "/Users/macbook13/Documents/pharma_new/.venv/lib/python3.13/site-packages/starlette/middleware/errors.py", line 164, in __call__
    await self.app(scope, receive, _send)
  File "/Users/macbook13/Documents/pharma_new/.venv/lib/python3.13/site-packages/starlette/middleware/cors.py", line 95, in __call__
    await self.simple_response(scope, receive, send, request_headers=headers)
  File "/Users/macbook13/Documents/pharma_new/.venv/lib/python3.13/site-packages/starlette/middleware/cors.py", line 153, in simple_response
    await self.app(scope, receive, send)
  File "/Users/macbook13/Documents/pharma_new/.venv/lib/python3.13/site-packages/starlette/middleware/exceptions.py", line 63, in __call__
    await wrap_app_handling_exceptions(self.app, conn)(scope, receive, send)
  File "/Users/macbook13/Documents/pharma_new/.venv/lib/python3.13/site-packages/starlette/_exception_handler.py", line 53, in wrapped_app
    raise exc
  File "/Users/macbook13/Documents/pharma_new/.venv/lib/python3.13/site-packages/starlette/_exception_handler.py", line 42, in wrapped_app
    await app(scope, receive, sender)
  File "/Users/macbook13/Documents/pharma_new/.venv/lib/python3.13/site-packages/fastapi/middleware/asyncexitstack.py", line 18, in __call__
    await self.app(scope, receive, send)
  File "/Users/macbook13/Documents/pharma_new/.venv/lib/python3.13/site-packages/starlette/routing.py", line 716, in __call__
    await self.middleware_stack(scope, receive, send)
  File "/Users/macbook13/Documents/pharma_new/.venv/lib/python3.13/site-packages/starlette/routing.py", line 736, in app
    await route.handle(scope, receive, send)
  File "/Users/macbook13/Documents/pharma_new/.venv/lib/python3.13/site-packages/starlette/routing.py", line 290, in handle
    await self.app(scope, receive, send)
  File "/Users/macbook13/Documents/pharma_new/.venv/lib/python3.13/site-packages/fastapi/routing.py", line 119, in app
    await wrap_app_handling_exceptions(app, request)(scope, receive, send)
  File "/Users/macbook13/Documents/pharma_new/.venv/lib/python3.13/site-packages/starlette/_exception_handler.py", line 53, in wrapped_app
    raise exc
  File "/Users/macbook13/Documents/pharma_new/.venv/lib/python3.13/site-packages/starlette/_exception_handler.py", line 42, in wrapped_app
    await app(scope, receive, sender)
  File "/Users/macbook13/Documents/pharma_new/.venv/lib/python3.13/site-packages/fastapi/routing.py", line 105, in app
    response = await f(request)
               ^^^^^^^^^^^^^^^^
  File "/Users/macbook13/Documents/pharma_new/.venv/lib/python3.13/site-packages/fastapi/routing.py", line 424, in app
    raw_response = await run_endpoint_function(
                   ^^^^^^^^^^^^^^^^^^^^^^^^^^^^
    ...<3 lines>...
    )
    ^
  File "/Users/macbook13/Documents/pharma_new/.venv/lib/python3.13/site-packages/fastapi/routing.py", line 312, in run_endpoint_function
    return await dependant.call(**values)
           ^^^^^^^^^^^^^^^^^^^^^^^^^^^^^^
  File "/Users/macbook13/Documents/pharma_new/backend/app/api/v1/endpoints/reports.py", line 72, in get_comprehensive_reports
    func.case(
    ~~~~~~~~~^
        (BonusLedger.ledger_type == "accrual", BonusLedger.amount),
        ^^^^^^^^^^^^^^^^^^^^^^^^^^^^^^^^^^^^^^^^^^^^^^^^^^^^^^^^^^^
        else_=0
        ^^^^^^^
    )
    ^
  File "/Users/macbook13/Documents/pharma_new/.venv/lib/python3.13/site-packages/sqlalchemy/sql/functions.py", line 995, in __call__
    return Function(
        self.__names[-1], packagenames=tuple(self.__names[0:-1]), *c, **o
    )
TypeError: Function.__init__() got an unexpected keyword argument 'else_'
\n--- ERROR AT http://localhost:8000/api/v1/domain/analytics/reports?start_date=2026-03-01&end_date=2026-03-31&period=monthly ---\nTraceback (most recent call last):
  File "/Users/macbook13/Documents/pharma_new/.venv/lib/python3.13/site-packages/starlette/middleware/errors.py", line 164, in __call__
    await self.app(scope, receive, _send)
  File "/Users/macbook13/Documents/pharma_new/.venv/lib/python3.13/site-packages/starlette/middleware/cors.py", line 95, in __call__
    await self.simple_response(scope, receive, send, request_headers=headers)
  File "/Users/macbook13/Documents/pharma_new/.venv/lib/python3.13/site-packages/starlette/middleware/cors.py", line 153, in simple_response
    await self.app(scope, receive, send)
  File "/Users/macbook13/Documents/pharma_new/.venv/lib/python3.13/site-packages/starlette/middleware/exceptions.py", line 63, in __call__
    await wrap_app_handling_exceptions(self.app, conn)(scope, receive, send)
  File "/Users/macbook13/Documents/pharma_new/.venv/lib/python3.13/site-packages/starlette/_exception_handler.py", line 53, in wrapped_app
    raise exc
  File "/Users/macbook13/Documents/pharma_new/.venv/lib/python3.13/site-packages/starlette/_exception_handler.py", line 42, in wrapped_app
    await app(scope, receive, sender)
  File "/Users/macbook13/Documents/pharma_new/.venv/lib/python3.13/site-packages/fastapi/middleware/asyncexitstack.py", line 18, in __call__
    await self.app(scope, receive, send)
  File "/Users/macbook13/Documents/pharma_new/.venv/lib/python3.13/site-packages/starlette/routing.py", line 716, in __call__
    await self.middleware_stack(scope, receive, send)
  File "/Users/macbook13/Documents/pharma_new/.venv/lib/python3.13/site-packages/starlette/routing.py", line 736, in app
    await route.handle(scope, receive, send)
  File "/Users/macbook13/Documents/pharma_new/.venv/lib/python3.13/site-packages/starlette/routing.py", line 290, in handle
    await self.app(scope, receive, send)
  File "/Users/macbook13/Documents/pharma_new/.venv/lib/python3.13/site-packages/fastapi/routing.py", line 119, in app
    await wrap_app_handling_exceptions(app, request)(scope, receive, send)
  File "/Users/macbook13/Documents/pharma_new/.venv/lib/python3.13/site-packages/starlette/_exception_handler.py", line 53, in wrapped_app
    raise exc
  File "/Users/macbook13/Documents/pharma_new/.venv/lib/python3.13/site-packages/starlette/_exception_handler.py", line 42, in wrapped_app
    await app(scope, receive, sender)
  File "/Users/macbook13/Documents/pharma_new/.venv/lib/python3.13/site-packages/fastapi/routing.py", line 105, in app
    response = await f(request)
               ^^^^^^^^^^^^^^^^
  File "/Users/macbook13/Documents/pharma_new/.venv/lib/python3.13/site-packages/fastapi/routing.py", line 424, in app
    raw_response = await run_endpoint_function(
                   ^^^^^^^^^^^^^^^^^^^^^^^^^^^^
    ...<3 lines>...
    )
    ^
  File "/Users/macbook13/Documents/pharma_new/.venv/lib/python3.13/site-packages/fastapi/routing.py", line 312, in run_endpoint_function
    return await dependant.call(**values)
           ^^^^^^^^^^^^^^^^^^^^^^^^^^^^^^
  File "/Users/macbook13/Documents/pharma_new/backend/app/api/v1/endpoints/reports.py", line 72, in get_comprehensive_reports
    func.case(
    ~~~~~~~~~^
        (BonusLedger.ledger_type == "accrual", BonusLedger.amount),
        ^^^^^^^^^^^^^^^^^^^^^^^^^^^^^^^^^^^^^^^^^^^^^^^^^^^^^^^^^^^
        else_=0
        ^^^^^^^
    )
    ^
  File "/Users/macbook13/Documents/pharma_new/.venv/lib/python3.13/site-packages/sqlalchemy/sql/functions.py", line 995, in __call__
    return Function(
        self.__names[-1], packagenames=tuple(self.__names[0:-1]), *c, **o
    )
TypeError: Function.__init__() got an unexpected keyword argument 'else_'
\n--- ERROR AT http://localhost:8000/api/v1/domain/analytics/reports?start_date=2026-03-01&end_date=2026-03-31&period=monthly ---\nTraceback (most recent call last):
  File "/Users/macbook13/Documents/pharma_new/.venv/lib/python3.13/site-packages/starlette/middleware/errors.py", line 164, in __call__
    await self.app(scope, receive, _send)
  File "/Users/macbook13/Documents/pharma_new/.venv/lib/python3.13/site-packages/starlette/middleware/cors.py", line 95, in __call__
    await self.simple_response(scope, receive, send, request_headers=headers)
  File "/Users/macbook13/Documents/pharma_new/.venv/lib/python3.13/site-packages/starlette/middleware/cors.py", line 153, in simple_response
    await self.app(scope, receive, send)
  File "/Users/macbook13/Documents/pharma_new/.venv/lib/python3.13/site-packages/starlette/middleware/exceptions.py", line 63, in __call__
    await wrap_app_handling_exceptions(self.app, conn)(scope, receive, send)
  File "/Users/macbook13/Documents/pharma_new/.venv/lib/python3.13/site-packages/starlette/_exception_handler.py", line 53, in wrapped_app
    raise exc
  File "/Users/macbook13/Documents/pharma_new/.venv/lib/python3.13/site-packages/starlette/_exception_handler.py", line 42, in wrapped_app
    await app(scope, receive, sender)
  File "/Users/macbook13/Documents/pharma_new/.venv/lib/python3.13/site-packages/fastapi/middleware/asyncexitstack.py", line 18, in __call__
    await self.app(scope, receive, send)
  File "/Users/macbook13/Documents/pharma_new/.venv/lib/python3.13/site-packages/starlette/routing.py", line 716, in __call__
    await self.middleware_stack(scope, receive, send)
  File "/Users/macbook13/Documents/pharma_new/.venv/lib/python3.13/site-packages/starlette/routing.py", line 736, in app
    await route.handle(scope, receive, send)
  File "/Users/macbook13/Documents/pharma_new/.venv/lib/python3.13/site-packages/starlette/routing.py", line 290, in handle
    await self.app(scope, receive, send)
  File "/Users/macbook13/Documents/pharma_new/.venv/lib/python3.13/site-packages/fastapi/routing.py", line 119, in app
    await wrap_app_handling_exceptions(app, request)(scope, receive, send)
  File "/Users/macbook13/Documents/pharma_new/.venv/lib/python3.13/site-packages/starlette/_exception_handler.py", line 53, in wrapped_app
    raise exc
  File "/Users/macbook13/Documents/pharma_new/.venv/lib/python3.13/site-packages/starlette/_exception_handler.py", line 42, in wrapped_app
    await app(scope, receive, sender)
  File "/Users/macbook13/Documents/pharma_new/.venv/lib/python3.13/site-packages/fastapi/routing.py", line 105, in app
    response = await f(request)
               ^^^^^^^^^^^^^^^^
  File "/Users/macbook13/Documents/pharma_new/.venv/lib/python3.13/site-packages/fastapi/routing.py", line 424, in app
    raw_response = await run_endpoint_function(
                   ^^^^^^^^^^^^^^^^^^^^^^^^^^^^
    ...<3 lines>...
    )
    ^
  File "/Users/macbook13/Documents/pharma_new/.venv/lib/python3.13/site-packages/fastapi/routing.py", line 312, in run_endpoint_function
    return await dependant.call(**values)
           ^^^^^^^^^^^^^^^^^^^^^^^^^^^^^^
  File "/Users/macbook13/Documents/pharma_new/backend/app/api/v1/endpoints/reports.py", line 72, in get_comprehensive_reports
    func.case(
    ~~~~~~~~~^
        (BonusLedger.ledger_type == "accrual", BonusLedger.amount),
        ^^^^^^^^^^^^^^^^^^^^^^^^^^^^^^^^^^^^^^^^^^^^^^^^^^^^^^^^^^^
        else_=0
        ^^^^^^^
    )
    ^
  File "/Users/macbook13/Documents/pharma_new/.venv/lib/python3.13/site-packages/sqlalchemy/sql/functions.py", line 995, in __call__
    return Function(
        self.__names[-1], packagenames=tuple(self.__names[0:-1]), *c, **o
    )
TypeError: Function.__init__() got an unexpected keyword argument 'else_'
\n--- ERROR AT http://localhost:8000/api/v1/domain/analytics/reports?start_date=2026-03-01&end_date=2026-03-31&period=monthly ---\nTraceback (most recent call last):
  File "/Users/macbook13/Documents/pharma_new/.venv/lib/python3.13/site-packages/starlette/middleware/errors.py", line 164, in __call__
    await self.app(scope, receive, _send)
  File "/Users/macbook13/Documents/pharma_new/.venv/lib/python3.13/site-packages/starlette/middleware/cors.py", line 95, in __call__
    await self.simple_response(scope, receive, send, request_headers=headers)
  File "/Users/macbook13/Documents/pharma_new/.venv/lib/python3.13/site-packages/starlette/middleware/cors.py", line 153, in simple_response
    await self.app(scope, receive, send)
  File "/Users/macbook13/Documents/pharma_new/.venv/lib/python3.13/site-packages/starlette/middleware/exceptions.py", line 63, in __call__
    await wrap_app_handling_exceptions(self.app, conn)(scope, receive, send)
  File "/Users/macbook13/Documents/pharma_new/.venv/lib/python3.13/site-packages/starlette/_exception_handler.py", line 53, in wrapped_app
    raise exc
  File "/Users/macbook13/Documents/pharma_new/.venv/lib/python3.13/site-packages/starlette/_exception_handler.py", line 42, in wrapped_app
    await app(scope, receive, sender)
  File "/Users/macbook13/Documents/pharma_new/.venv/lib/python3.13/site-packages/fastapi/middleware/asyncexitstack.py", line 18, in __call__
    await self.app(scope, receive, send)
  File "/Users/macbook13/Documents/pharma_new/.venv/lib/python3.13/site-packages/starlette/routing.py", line 716, in __call__
    await self.middleware_stack(scope, receive, send)
  File "/Users/macbook13/Documents/pharma_new/.venv/lib/python3.13/site-packages/starlette/routing.py", line 736, in app
    await route.handle(scope, receive, send)
  File "/Users/macbook13/Documents/pharma_new/.venv/lib/python3.13/site-packages/starlette/routing.py", line 290, in handle
    await self.app(scope, receive, send)
  File "/Users/macbook13/Documents/pharma_new/.venv/lib/python3.13/site-packages/fastapi/routing.py", line 119, in app
    await wrap_app_handling_exceptions(app, request)(scope, receive, send)
  File "/Users/macbook13/Documents/pharma_new/.venv/lib/python3.13/site-packages/starlette/_exception_handler.py", line 53, in wrapped_app
    raise exc
  File "/Users/macbook13/Documents/pharma_new/.venv/lib/python3.13/site-packages/starlette/_exception_handler.py", line 42, in wrapped_app
    await app(scope, receive, sender)
  File "/Users/macbook13/Documents/pharma_new/.venv/lib/python3.13/site-packages/fastapi/routing.py", line 105, in app
    response = await f(request)
               ^^^^^^^^^^^^^^^^
  File "/Users/macbook13/Documents/pharma_new/.venv/lib/python3.13/site-packages/fastapi/routing.py", line 424, in app
    raw_response = await run_endpoint_function(
                   ^^^^^^^^^^^^^^^^^^^^^^^^^^^^
    ...<3 lines>...
    )
    ^
  File "/Users/macbook13/Documents/pharma_new/.venv/lib/python3.13/site-packages/fastapi/routing.py", line 312, in run_endpoint_function
    return await dependant.call(**values)
           ^^^^^^^^^^^^^^^^^^^^^^^^^^^^^^
  File "/Users/macbook13/Documents/pharma_new/backend/app/api/v1/endpoints/reports.py", line 72, in get_comprehensive_reports
    func.case(
    ~~~~~~~~~^
        (BonusLedger.ledger_type == "accrual", BonusLedger.amount),
        ^^^^^^^^^^^^^^^^^^^^^^^^^^^^^^^^^^^^^^^^^^^^^^^^^^^^^^^^^^^
        else_=0
        ^^^^^^^
    )
    ^
  File "/Users/macbook13/Documents/pharma_new/.venv/lib/python3.13/site-packages/sqlalchemy/sql/functions.py", line 995, in __call__
    return Function(
        self.__names[-1], packagenames=tuple(self.__names[0:-1]), *c, **o
    )
TypeError: Function.__init__() got an unexpected keyword argument 'else_'
\n--- ERROR AT http://localhost:8000/api/v1/domain/analytics/reports?start_date=2026-01-01&end_date=2026-03-31&period=quarterly ---\nTraceback (most recent call last):
  File "/Users/macbook13/Documents/pharma_new/.venv/lib/python3.13/site-packages/starlette/middleware/errors.py", line 164, in __call__
    await self.app(scope, receive, _send)
  File "/Users/macbook13/Documents/pharma_new/.venv/lib/python3.13/site-packages/starlette/middleware/cors.py", line 95, in __call__
    await self.simple_response(scope, receive, send, request_headers=headers)
  File "/Users/macbook13/Documents/pharma_new/.venv/lib/python3.13/site-packages/starlette/middleware/cors.py", line 153, in simple_response
    await self.app(scope, receive, send)
  File "/Users/macbook13/Documents/pharma_new/.venv/lib/python3.13/site-packages/starlette/middleware/exceptions.py", line 63, in __call__
    await wrap_app_handling_exceptions(self.app, conn)(scope, receive, send)
  File "/Users/macbook13/Documents/pharma_new/.venv/lib/python3.13/site-packages/starlette/_exception_handler.py", line 53, in wrapped_app
    raise exc
  File "/Users/macbook13/Documents/pharma_new/.venv/lib/python3.13/site-packages/starlette/_exception_handler.py", line 42, in wrapped_app
    await app(scope, receive, sender)
  File "/Users/macbook13/Documents/pharma_new/.venv/lib/python3.13/site-packages/fastapi/middleware/asyncexitstack.py", line 18, in __call__
    await self.app(scope, receive, send)
  File "/Users/macbook13/Documents/pharma_new/.venv/lib/python3.13/site-packages/starlette/routing.py", line 716, in __call__
    await self.middleware_stack(scope, receive, send)
  File "/Users/macbook13/Documents/pharma_new/.venv/lib/python3.13/site-packages/starlette/routing.py", line 736, in app
    await route.handle(scope, receive, send)
  File "/Users/macbook13/Documents/pharma_new/.venv/lib/python3.13/site-packages/starlette/routing.py", line 290, in handle
    await self.app(scope, receive, send)
  File "/Users/macbook13/Documents/pharma_new/.venv/lib/python3.13/site-packages/fastapi/routing.py", line 119, in app
    await wrap_app_handling_exceptions(app, request)(scope, receive, send)
  File "/Users/macbook13/Documents/pharma_new/.venv/lib/python3.13/site-packages/starlette/_exception_handler.py", line 53, in wrapped_app
    raise exc
  File "/Users/macbook13/Documents/pharma_new/.venv/lib/python3.13/site-packages/starlette/_exception_handler.py", line 42, in wrapped_app
    await app(scope, receive, sender)
  File "/Users/macbook13/Documents/pharma_new/.venv/lib/python3.13/site-packages/fastapi/routing.py", line 105, in app
    response = await f(request)
               ^^^^^^^^^^^^^^^^
  File "/Users/macbook13/Documents/pharma_new/.venv/lib/python3.13/site-packages/fastapi/routing.py", line 424, in app
    raw_response = await run_endpoint_function(
                   ^^^^^^^^^^^^^^^^^^^^^^^^^^^^
    ...<3 lines>...
    )
    ^
  File "/Users/macbook13/Documents/pharma_new/.venv/lib/python3.13/site-packages/fastapi/routing.py", line 312, in run_endpoint_function
    return await dependant.call(**values)
           ^^^^^^^^^^^^^^^^^^^^^^^^^^^^^^
  File "/Users/macbook13/Documents/pharma_new/backend/app/api/v1/endpoints/reports.py", line 72, in get_comprehensive_reports
    func.case(
    ~~~~~~~~~^
        (BonusLedger.ledger_type == "accrual", BonusLedger.amount),
        ^^^^^^^^^^^^^^^^^^^^^^^^^^^^^^^^^^^^^^^^^^^^^^^^^^^^^^^^^^^
        else_=0
        ^^^^^^^
    )
    ^
  File "/Users/macbook13/Documents/pharma_new/.venv/lib/python3.13/site-packages/sqlalchemy/sql/functions.py", line 995, in __call__
    return Function(
        self.__names[-1], packagenames=tuple(self.__names[0:-1]), *c, **o
    )
TypeError: Function.__init__() got an unexpected keyword argument 'else_'
\n--- ERROR AT http://localhost:8000/api/v1/domain/analytics/reports?start_date=2026-01-01&end_date=2026-03-31&period=quarterly ---\nTraceback (most recent call last):
  File "/Users/macbook13/Documents/pharma_new/.venv/lib/python3.13/site-packages/starlette/middleware/errors.py", line 164, in __call__
    await self.app(scope, receive, _send)
  File "/Users/macbook13/Documents/pharma_new/.venv/lib/python3.13/site-packages/starlette/middleware/cors.py", line 95, in __call__
    await self.simple_response(scope, receive, send, request_headers=headers)
  File "/Users/macbook13/Documents/pharma_new/.venv/lib/python3.13/site-packages/starlette/middleware/cors.py", line 153, in simple_response
    await self.app(scope, receive, send)
  File "/Users/macbook13/Documents/pharma_new/.venv/lib/python3.13/site-packages/starlette/middleware/exceptions.py", line 63, in __call__
    await wrap_app_handling_exceptions(self.app, conn)(scope, receive, send)
  File "/Users/macbook13/Documents/pharma_new/.venv/lib/python3.13/site-packages/starlette/_exception_handler.py", line 53, in wrapped_app
    raise exc
  File "/Users/macbook13/Documents/pharma_new/.venv/lib/python3.13/site-packages/starlette/_exception_handler.py", line 42, in wrapped_app
    await app(scope, receive, sender)
  File "/Users/macbook13/Documents/pharma_new/.venv/lib/python3.13/site-packages/fastapi/middleware/asyncexitstack.py", line 18, in __call__
    await self.app(scope, receive, send)
  File "/Users/macbook13/Documents/pharma_new/.venv/lib/python3.13/site-packages/starlette/routing.py", line 716, in __call__
    await self.middleware_stack(scope, receive, send)
  File "/Users/macbook13/Documents/pharma_new/.venv/lib/python3.13/site-packages/starlette/routing.py", line 736, in app
    await route.handle(scope, receive, send)
  File "/Users/macbook13/Documents/pharma_new/.venv/lib/python3.13/site-packages/starlette/routing.py", line 290, in handle
    await self.app(scope, receive, send)
  File "/Users/macbook13/Documents/pharma_new/.venv/lib/python3.13/site-packages/fastapi/routing.py", line 119, in app
    await wrap_app_handling_exceptions(app, request)(scope, receive, send)
  File "/Users/macbook13/Documents/pharma_new/.venv/lib/python3.13/site-packages/starlette/_exception_handler.py", line 53, in wrapped_app
    raise exc
  File "/Users/macbook13/Documents/pharma_new/.venv/lib/python3.13/site-packages/starlette/_exception_handler.py", line 42, in wrapped_app
    await app(scope, receive, sender)
  File "/Users/macbook13/Documents/pharma_new/.venv/lib/python3.13/site-packages/fastapi/routing.py", line 105, in app
    response = await f(request)
               ^^^^^^^^^^^^^^^^
  File "/Users/macbook13/Documents/pharma_new/.venv/lib/python3.13/site-packages/fastapi/routing.py", line 424, in app
    raw_response = await run_endpoint_function(
                   ^^^^^^^^^^^^^^^^^^^^^^^^^^^^
    ...<3 lines>...
    )
    ^
  File "/Users/macbook13/Documents/pharma_new/.venv/lib/python3.13/site-packages/fastapi/routing.py", line 312, in run_endpoint_function
    return await dependant.call(**values)
           ^^^^^^^^^^^^^^^^^^^^^^^^^^^^^^
  File "/Users/macbook13/Documents/pharma_new/backend/app/api/v1/endpoints/reports.py", line 72, in get_comprehensive_reports
    func.case(
    ~~~~~~~~~^
        (BonusLedger.ledger_type == "accrual", BonusLedger.amount),
        ^^^^^^^^^^^^^^^^^^^^^^^^^^^^^^^^^^^^^^^^^^^^^^^^^^^^^^^^^^^
        else_=0
        ^^^^^^^
    )
    ^
  File "/Users/macbook13/Documents/pharma_new/.venv/lib/python3.13/site-packages/sqlalchemy/sql/functions.py", line 995, in __call__
    return Function(
        self.__names[-1], packagenames=tuple(self.__names[0:-1]), *c, **o
    )
TypeError: Function.__init__() got an unexpected keyword argument 'else_'
\n--- ERROR AT http://localhost:8000/api/v1/domain/analytics/reports?start_date=2026-03-01&end_date=2026-03-31&period=monthly ---\nTraceback (most recent call last):
  File "/Users/macbook13/Documents/pharma_new/.venv/lib/python3.13/site-packages/starlette/middleware/errors.py", line 164, in __call__
    await self.app(scope, receive, _send)
  File "/Users/macbook13/Documents/pharma_new/.venv/lib/python3.13/site-packages/starlette/middleware/cors.py", line 95, in __call__
    await self.simple_response(scope, receive, send, request_headers=headers)
  File "/Users/macbook13/Documents/pharma_new/.venv/lib/python3.13/site-packages/starlette/middleware/cors.py", line 153, in simple_response
    await self.app(scope, receive, send)
  File "/Users/macbook13/Documents/pharma_new/.venv/lib/python3.13/site-packages/starlette/middleware/exceptions.py", line 63, in __call__
    await wrap_app_handling_exceptions(self.app, conn)(scope, receive, send)
  File "/Users/macbook13/Documents/pharma_new/.venv/lib/python3.13/site-packages/starlette/_exception_handler.py", line 53, in wrapped_app
    raise exc
  File "/Users/macbook13/Documents/pharma_new/.venv/lib/python3.13/site-packages/starlette/_exception_handler.py", line 42, in wrapped_app
    await app(scope, receive, sender)
  File "/Users/macbook13/Documents/pharma_new/.venv/lib/python3.13/site-packages/fastapi/middleware/asyncexitstack.py", line 18, in __call__
    await self.app(scope, receive, send)
  File "/Users/macbook13/Documents/pharma_new/.venv/lib/python3.13/site-packages/starlette/routing.py", line 716, in __call__
    await self.middleware_stack(scope, receive, send)
  File "/Users/macbook13/Documents/pharma_new/.venv/lib/python3.13/site-packages/starlette/routing.py", line 736, in app
    await route.handle(scope, receive, send)
  File "/Users/macbook13/Documents/pharma_new/.venv/lib/python3.13/site-packages/starlette/routing.py", line 290, in handle
    await self.app(scope, receive, send)
  File "/Users/macbook13/Documents/pharma_new/.venv/lib/python3.13/site-packages/fastapi/routing.py", line 119, in app
    await wrap_app_handling_exceptions(app, request)(scope, receive, send)
  File "/Users/macbook13/Documents/pharma_new/.venv/lib/python3.13/site-packages/starlette/_exception_handler.py", line 53, in wrapped_app
    raise exc
  File "/Users/macbook13/Documents/pharma_new/.venv/lib/python3.13/site-packages/starlette/_exception_handler.py", line 42, in wrapped_app
    await app(scope, receive, sender)
  File "/Users/macbook13/Documents/pharma_new/.venv/lib/python3.13/site-packages/fastapi/routing.py", line 105, in app
    response = await f(request)
               ^^^^^^^^^^^^^^^^
  File "/Users/macbook13/Documents/pharma_new/.venv/lib/python3.13/site-packages/fastapi/routing.py", line 424, in app
    raw_response = await run_endpoint_function(
                   ^^^^^^^^^^^^^^^^^^^^^^^^^^^^
    ...<3 lines>...
    )
    ^
  File "/Users/macbook13/Documents/pharma_new/.venv/lib/python3.13/site-packages/fastapi/routing.py", line 312, in run_endpoint_function
    return await dependant.call(**values)
           ^^^^^^^^^^^^^^^^^^^^^^^^^^^^^^
  File "/Users/macbook13/Documents/pharma_new/backend/app/api/v1/endpoints/reports.py", line 72, in get_comprehensive_reports
    func.case(
    ~~~~~~~~~^
        (BonusLedger.ledger_type == "accrual", BonusLedger.amount),
        ^^^^^^^^^^^^^^^^^^^^^^^^^^^^^^^^^^^^^^^^^^^^^^^^^^^^^^^^^^^
        else_=0
        ^^^^^^^
    )
    ^
  File "/Users/macbook13/Documents/pharma_new/.venv/lib/python3.13/site-packages/sqlalchemy/sql/functions.py", line 995, in __call__
    return Function(
        self.__names[-1], packagenames=tuple(self.__names[0:-1]), *c, **o
    )
TypeError: Function.__init__() got an unexpected keyword argument 'else_'
\n--- ERROR AT http://localhost:8000/api/v1/domain/analytics/reports?start_date=2026-03-23&end_date=2026-03-29&period=weekly ---\nTraceback (most recent call last):
  File "/Users/macbook13/Documents/pharma_new/.venv/lib/python3.13/site-packages/starlette/middleware/errors.py", line 164, in __call__
    await self.app(scope, receive, _send)
  File "/Users/macbook13/Documents/pharma_new/.venv/lib/python3.13/site-packages/starlette/middleware/cors.py", line 95, in __call__
    await self.simple_response(scope, receive, send, request_headers=headers)
  File "/Users/macbook13/Documents/pharma_new/.venv/lib/python3.13/site-packages/starlette/middleware/cors.py", line 153, in simple_response
    await self.app(scope, receive, send)
  File "/Users/macbook13/Documents/pharma_new/.venv/lib/python3.13/site-packages/starlette/middleware/exceptions.py", line 63, in __call__
    await wrap_app_handling_exceptions(self.app, conn)(scope, receive, send)
  File "/Users/macbook13/Documents/pharma_new/.venv/lib/python3.13/site-packages/starlette/_exception_handler.py", line 53, in wrapped_app
    raise exc
  File "/Users/macbook13/Documents/pharma_new/.venv/lib/python3.13/site-packages/starlette/_exception_handler.py", line 42, in wrapped_app
    await app(scope, receive, sender)
  File "/Users/macbook13/Documents/pharma_new/.venv/lib/python3.13/site-packages/fastapi/middleware/asyncexitstack.py", line 18, in __call__
    await self.app(scope, receive, send)
  File "/Users/macbook13/Documents/pharma_new/.venv/lib/python3.13/site-packages/starlette/routing.py", line 716, in __call__
    await self.middleware_stack(scope, receive, send)
  File "/Users/macbook13/Documents/pharma_new/.venv/lib/python3.13/site-packages/starlette/routing.py", line 736, in app
    await route.handle(scope, receive, send)
  File "/Users/macbook13/Documents/pharma_new/.venv/lib/python3.13/site-packages/starlette/routing.py", line 290, in handle
    await self.app(scope, receive, send)
  File "/Users/macbook13/Documents/pharma_new/.venv/lib/python3.13/site-packages/fastapi/routing.py", line 119, in app
    await wrap_app_handling_exceptions(app, request)(scope, receive, send)
  File "/Users/macbook13/Documents/pharma_new/.venv/lib/python3.13/site-packages/starlette/_exception_handler.py", line 53, in wrapped_app
    raise exc
  File "/Users/macbook13/Documents/pharma_new/.venv/lib/python3.13/site-packages/starlette/_exception_handler.py", line 42, in wrapped_app
    await app(scope, receive, sender)
  File "/Users/macbook13/Documents/pharma_new/.venv/lib/python3.13/site-packages/fastapi/routing.py", line 105, in app
    response = await f(request)
               ^^^^^^^^^^^^^^^^
  File "/Users/macbook13/Documents/pharma_new/.venv/lib/python3.13/site-packages/fastapi/routing.py", line 424, in app
    raw_response = await run_endpoint_function(
                   ^^^^^^^^^^^^^^^^^^^^^^^^^^^^
    ...<3 lines>...
    )
    ^
  File "/Users/macbook13/Documents/pharma_new/.venv/lib/python3.13/site-packages/fastapi/routing.py", line 312, in run_endpoint_function
    return await dependant.call(**values)
           ^^^^^^^^^^^^^^^^^^^^^^^^^^^^^^
  File "/Users/macbook13/Documents/pharma_new/backend/app/api/v1/endpoints/reports.py", line 72, in get_comprehensive_reports
    func.case(
    ~~~~~~~~~^
        (BonusLedger.ledger_type == "accrual", BonusLedger.amount),
        ^^^^^^^^^^^^^^^^^^^^^^^^^^^^^^^^^^^^^^^^^^^^^^^^^^^^^^^^^^^
        else_=0
        ^^^^^^^
    )
    ^
  File "/Users/macbook13/Documents/pharma_new/.venv/lib/python3.13/site-packages/sqlalchemy/sql/functions.py", line 995, in __call__
    return Function(
        self.__names[-1], packagenames=tuple(self.__names[0:-1]), *c, **o
    )
TypeError: Function.__init__() got an unexpected keyword argument 'else_'
\n--- ERROR AT http://localhost:8000/api/v1/domain/analytics/reports?start_date=2026-03-23&end_date=2026-03-29&period=weekly ---\nTraceback (most recent call last):
  File "/Users/macbook13/Documents/pharma_new/.venv/lib/python3.13/site-packages/starlette/middleware/errors.py", line 164, in __call__
    await self.app(scope, receive, _send)
  File "/Users/macbook13/Documents/pharma_new/.venv/lib/python3.13/site-packages/starlette/middleware/cors.py", line 95, in __call__
    await self.simple_response(scope, receive, send, request_headers=headers)
  File "/Users/macbook13/Documents/pharma_new/.venv/lib/python3.13/site-packages/starlette/middleware/cors.py", line 153, in simple_response
    await self.app(scope, receive, send)
  File "/Users/macbook13/Documents/pharma_new/.venv/lib/python3.13/site-packages/starlette/middleware/exceptions.py", line 63, in __call__
    await wrap_app_handling_exceptions(self.app, conn)(scope, receive, send)
  File "/Users/macbook13/Documents/pharma_new/.venv/lib/python3.13/site-packages/starlette/_exception_handler.py", line 53, in wrapped_app
    raise exc
  File "/Users/macbook13/Documents/pharma_new/.venv/lib/python3.13/site-packages/starlette/_exception_handler.py", line 42, in wrapped_app
    await app(scope, receive, sender)
  File "/Users/macbook13/Documents/pharma_new/.venv/lib/python3.13/site-packages/fastapi/middleware/asyncexitstack.py", line 18, in __call__
    await self.app(scope, receive, send)
  File "/Users/macbook13/Documents/pharma_new/.venv/lib/python3.13/site-packages/starlette/routing.py", line 716, in __call__
    await self.middleware_stack(scope, receive, send)
  File "/Users/macbook13/Documents/pharma_new/.venv/lib/python3.13/site-packages/starlette/routing.py", line 736, in app
    await route.handle(scope, receive, send)
  File "/Users/macbook13/Documents/pharma_new/.venv/lib/python3.13/site-packages/starlette/routing.py", line 290, in handle
    await self.app(scope, receive, send)
  File "/Users/macbook13/Documents/pharma_new/.venv/lib/python3.13/site-packages/fastapi/routing.py", line 119, in app
    await wrap_app_handling_exceptions(app, request)(scope, receive, send)
  File "/Users/macbook13/Documents/pharma_new/.venv/lib/python3.13/site-packages/starlette/_exception_handler.py", line 53, in wrapped_app
    raise exc
  File "/Users/macbook13/Documents/pharma_new/.venv/lib/python3.13/site-packages/starlette/_exception_handler.py", line 42, in wrapped_app
    await app(scope, receive, sender)
  File "/Users/macbook13/Documents/pharma_new/.venv/lib/python3.13/site-packages/fastapi/routing.py", line 105, in app
    response = await f(request)
               ^^^^^^^^^^^^^^^^
  File "/Users/macbook13/Documents/pharma_new/.venv/lib/python3.13/site-packages/fastapi/routing.py", line 424, in app
    raw_response = await run_endpoint_function(
                   ^^^^^^^^^^^^^^^^^^^^^^^^^^^^
    ...<3 lines>...
    )
    ^
  File "/Users/macbook13/Documents/pharma_new/.venv/lib/python3.13/site-packages/fastapi/routing.py", line 312, in run_endpoint_function
    return await dependant.call(**values)
           ^^^^^^^^^^^^^^^^^^^^^^^^^^^^^^
  File "/Users/macbook13/Documents/pharma_new/backend/app/api/v1/endpoints/reports.py", line 72, in get_comprehensive_reports
    func.case(
    ~~~~~~~~~^
        (BonusLedger.ledger_type == "accrual", BonusLedger.amount),
        ^^^^^^^^^^^^^^^^^^^^^^^^^^^^^^^^^^^^^^^^^^^^^^^^^^^^^^^^^^^
        else_=0
        ^^^^^^^
    )
    ^
  File "/Users/macbook13/Documents/pharma_new/.venv/lib/python3.13/site-packages/sqlalchemy/sql/functions.py", line 995, in __call__
    return Function(
        self.__names[-1], packagenames=tuple(self.__names[0:-1]), *c, **o
    )
TypeError: Function.__init__() got an unexpected keyword argument 'else_'
\n--- ERROR AT http://localhost:8000/api/v1/domain/analytics/reports?start_date=2026-03-23&end_date=2026-03-29&period=weekly ---\nTraceback (most recent call last):
  File "/Users/macbook13/Documents/pharma_new/.venv/lib/python3.13/site-packages/starlette/middleware/errors.py", line 164, in __call__
    await self.app(scope, receive, _send)
  File "/Users/macbook13/Documents/pharma_new/.venv/lib/python3.13/site-packages/starlette/middleware/cors.py", line 95, in __call__
    await self.simple_response(scope, receive, send, request_headers=headers)
  File "/Users/macbook13/Documents/pharma_new/.venv/lib/python3.13/site-packages/starlette/middleware/cors.py", line 153, in simple_response
    await self.app(scope, receive, send)
  File "/Users/macbook13/Documents/pharma_new/.venv/lib/python3.13/site-packages/starlette/middleware/exceptions.py", line 63, in __call__
    await wrap_app_handling_exceptions(self.app, conn)(scope, receive, send)
  File "/Users/macbook13/Documents/pharma_new/.venv/lib/python3.13/site-packages/starlette/_exception_handler.py", line 53, in wrapped_app
    raise exc
  File "/Users/macbook13/Documents/pharma_new/.venv/lib/python3.13/site-packages/starlette/_exception_handler.py", line 42, in wrapped_app
    await app(scope, receive, sender)
  File "/Users/macbook13/Documents/pharma_new/.venv/lib/python3.13/site-packages/fastapi/middleware/asyncexitstack.py", line 18, in __call__
    await self.app(scope, receive, send)
  File "/Users/macbook13/Documents/pharma_new/.venv/lib/python3.13/site-packages/starlette/routing.py", line 716, in __call__
    await self.middleware_stack(scope, receive, send)
  File "/Users/macbook13/Documents/pharma_new/.venv/lib/python3.13/site-packages/starlette/routing.py", line 736, in app
    await route.handle(scope, receive, send)
  File "/Users/macbook13/Documents/pharma_new/.venv/lib/python3.13/site-packages/starlette/routing.py", line 290, in handle
    await self.app(scope, receive, send)
  File "/Users/macbook13/Documents/pharma_new/.venv/lib/python3.13/site-packages/fastapi/routing.py", line 119, in app
    await wrap_app_handling_exceptions(app, request)(scope, receive, send)
  File "/Users/macbook13/Documents/pharma_new/.venv/lib/python3.13/site-packages/starlette/_exception_handler.py", line 53, in wrapped_app
    raise exc
  File "/Users/macbook13/Documents/pharma_new/.venv/lib/python3.13/site-packages/starlette/_exception_handler.py", line 42, in wrapped_app
    await app(scope, receive, sender)
  File "/Users/macbook13/Documents/pharma_new/.venv/lib/python3.13/site-packages/fastapi/routing.py", line 105, in app
    response = await f(request)
               ^^^^^^^^^^^^^^^^
  File "/Users/macbook13/Documents/pharma_new/.venv/lib/python3.13/site-packages/fastapi/routing.py", line 424, in app
    raw_response = await run_endpoint_function(
                   ^^^^^^^^^^^^^^^^^^^^^^^^^^^^
    ...<3 lines>...
    )
    ^
  File "/Users/macbook13/Documents/pharma_new/.venv/lib/python3.13/site-packages/fastapi/routing.py", line 312, in run_endpoint_function
    return await dependant.call(**values)
           ^^^^^^^^^^^^^^^^^^^^^^^^^^^^^^
  File "/Users/macbook13/Documents/pharma_new/backend/app/api/v1/endpoints/reports.py", line 72, in get_comprehensive_reports
    func.case(
    ~~~~~~~~~^
        (BonusLedger.ledger_type == "accrual", BonusLedger.amount),
        ^^^^^^^^^^^^^^^^^^^^^^^^^^^^^^^^^^^^^^^^^^^^^^^^^^^^^^^^^^^
        else_=0
        ^^^^^^^
    )
    ^
  File "/Users/macbook13/Documents/pharma_new/.venv/lib/python3.13/site-packages/sqlalchemy/sql/functions.py", line 995, in __call__
    return Function(
        self.__names[-1], packagenames=tuple(self.__names[0:-1]), *c, **o
    )
TypeError: Function.__init__() got an unexpected keyword argument 'else_'
\n--- ERROR AT http://localhost:8000/api/v1/domain/analytics/reports?start_date=2026-03-23&end_date=2026-03-23&period=daily ---\nTraceback (most recent call last):
  File "/Users/macbook13/Documents/pharma_new/.venv/lib/python3.13/site-packages/starlette/middleware/errors.py", line 164, in __call__
    await self.app(scope, receive, _send)
  File "/Users/macbook13/Documents/pharma_new/.venv/lib/python3.13/site-packages/starlette/middleware/cors.py", line 95, in __call__
    await self.simple_response(scope, receive, send, request_headers=headers)
  File "/Users/macbook13/Documents/pharma_new/.venv/lib/python3.13/site-packages/starlette/middleware/cors.py", line 153, in simple_response
    await self.app(scope, receive, send)
  File "/Users/macbook13/Documents/pharma_new/.venv/lib/python3.13/site-packages/starlette/middleware/exceptions.py", line 63, in __call__
    await wrap_app_handling_exceptions(self.app, conn)(scope, receive, send)
  File "/Users/macbook13/Documents/pharma_new/.venv/lib/python3.13/site-packages/starlette/_exception_handler.py", line 53, in wrapped_app
    raise exc
  File "/Users/macbook13/Documents/pharma_new/.venv/lib/python3.13/site-packages/starlette/_exception_handler.py", line 42, in wrapped_app
    await app(scope, receive, sender)
  File "/Users/macbook13/Documents/pharma_new/.venv/lib/python3.13/site-packages/fastapi/middleware/asyncexitstack.py", line 18, in __call__
    await self.app(scope, receive, send)
  File "/Users/macbook13/Documents/pharma_new/.venv/lib/python3.13/site-packages/starlette/routing.py", line 716, in __call__
    await self.middleware_stack(scope, receive, send)
  File "/Users/macbook13/Documents/pharma_new/.venv/lib/python3.13/site-packages/starlette/routing.py", line 736, in app
    await route.handle(scope, receive, send)
  File "/Users/macbook13/Documents/pharma_new/.venv/lib/python3.13/site-packages/starlette/routing.py", line 290, in handle
    await self.app(scope, receive, send)
  File "/Users/macbook13/Documents/pharma_new/.venv/lib/python3.13/site-packages/fastapi/routing.py", line 119, in app
    await wrap_app_handling_exceptions(app, request)(scope, receive, send)
  File "/Users/macbook13/Documents/pharma_new/.venv/lib/python3.13/site-packages/starlette/_exception_handler.py", line 53, in wrapped_app
    raise exc
  File "/Users/macbook13/Documents/pharma_new/.venv/lib/python3.13/site-packages/starlette/_exception_handler.py", line 42, in wrapped_app
    await app(scope, receive, sender)
  File "/Users/macbook13/Documents/pharma_new/.venv/lib/python3.13/site-packages/fastapi/routing.py", line 105, in app
    response = await f(request)
               ^^^^^^^^^^^^^^^^
  File "/Users/macbook13/Documents/pharma_new/.venv/lib/python3.13/site-packages/fastapi/routing.py", line 424, in app
    raw_response = await run_endpoint_function(
                   ^^^^^^^^^^^^^^^^^^^^^^^^^^^^
    ...<3 lines>...
    )
    ^
  File "/Users/macbook13/Documents/pharma_new/.venv/lib/python3.13/site-packages/fastapi/routing.py", line 312, in run_endpoint_function
    return await dependant.call(**values)
           ^^^^^^^^^^^^^^^^^^^^^^^^^^^^^^
  File "/Users/macbook13/Documents/pharma_new/backend/app/api/v1/endpoints/reports.py", line 72, in get_comprehensive_reports
    func.case(
    ~~~~~~~~~^
        (BonusLedger.ledger_type == "accrual", BonusLedger.amount),
        ^^^^^^^^^^^^^^^^^^^^^^^^^^^^^^^^^^^^^^^^^^^^^^^^^^^^^^^^^^^
        else_=0
        ^^^^^^^
    )
    ^
  File "/Users/macbook13/Documents/pharma_new/.venv/lib/python3.13/site-packages/sqlalchemy/sql/functions.py", line 995, in __call__
    return Function(
        self.__names[-1], packagenames=tuple(self.__names[0:-1]), *c, **o
    )
TypeError: Function.__init__() got an unexpected keyword argument 'else_'
\n--- ERROR AT http://localhost:8000/api/v1/domain/analytics/reports?start_date=2026-03-23&end_date=2026-03-23&period=daily ---\nTraceback (most recent call last):
  File "/Users/macbook13/Documents/pharma_new/.venv/lib/python3.13/site-packages/starlette/middleware/errors.py", line 164, in __call__
    await self.app(scope, receive, _send)
  File "/Users/macbook13/Documents/pharma_new/.venv/lib/python3.13/site-packages/starlette/middleware/cors.py", line 95, in __call__
    await self.simple_response(scope, receive, send, request_headers=headers)
  File "/Users/macbook13/Documents/pharma_new/.venv/lib/python3.13/site-packages/starlette/middleware/cors.py", line 153, in simple_response
    await self.app(scope, receive, send)
  File "/Users/macbook13/Documents/pharma_new/.venv/lib/python3.13/site-packages/starlette/middleware/exceptions.py", line 63, in __call__
    await wrap_app_handling_exceptions(self.app, conn)(scope, receive, send)
  File "/Users/macbook13/Documents/pharma_new/.venv/lib/python3.13/site-packages/starlette/_exception_handler.py", line 53, in wrapped_app
    raise exc
  File "/Users/macbook13/Documents/pharma_new/.venv/lib/python3.13/site-packages/starlette/_exception_handler.py", line 42, in wrapped_app
    await app(scope, receive, sender)
  File "/Users/macbook13/Documents/pharma_new/.venv/lib/python3.13/site-packages/fastapi/middleware/asyncexitstack.py", line 18, in __call__
    await self.app(scope, receive, send)
  File "/Users/macbook13/Documents/pharma_new/.venv/lib/python3.13/site-packages/starlette/routing.py", line 716, in __call__
    await self.middleware_stack(scope, receive, send)
  File "/Users/macbook13/Documents/pharma_new/.venv/lib/python3.13/site-packages/starlette/routing.py", line 736, in app
    await route.handle(scope, receive, send)
  File "/Users/macbook13/Documents/pharma_new/.venv/lib/python3.13/site-packages/starlette/routing.py", line 290, in handle
    await self.app(scope, receive, send)
  File "/Users/macbook13/Documents/pharma_new/.venv/lib/python3.13/site-packages/fastapi/routing.py", line 119, in app
    await wrap_app_handling_exceptions(app, request)(scope, receive, send)
  File "/Users/macbook13/Documents/pharma_new/.venv/lib/python3.13/site-packages/starlette/_exception_handler.py", line 53, in wrapped_app
    raise exc
  File "/Users/macbook13/Documents/pharma_new/.venv/lib/python3.13/site-packages/starlette/_exception_handler.py", line 42, in wrapped_app
    await app(scope, receive, sender)
  File "/Users/macbook13/Documents/pharma_new/.venv/lib/python3.13/site-packages/fastapi/routing.py", line 105, in app
    response = await f(request)
               ^^^^^^^^^^^^^^^^
  File "/Users/macbook13/Documents/pharma_new/.venv/lib/python3.13/site-packages/fastapi/routing.py", line 424, in app
    raw_response = await run_endpoint_function(
                   ^^^^^^^^^^^^^^^^^^^^^^^^^^^^
    ...<3 lines>...
    )
    ^
  File "/Users/macbook13/Documents/pharma_new/.venv/lib/python3.13/site-packages/fastapi/routing.py", line 312, in run_endpoint_function
    return await dependant.call(**values)
           ^^^^^^^^^^^^^^^^^^^^^^^^^^^^^^
  File "/Users/macbook13/Documents/pharma_new/backend/app/api/v1/endpoints/reports.py", line 72, in get_comprehensive_reports
    func.case(
    ~~~~~~~~~^
        (BonusLedger.ledger_type == "accrual", BonusLedger.amount),
        ^^^^^^^^^^^^^^^^^^^^^^^^^^^^^^^^^^^^^^^^^^^^^^^^^^^^^^^^^^^
        else_=0
        ^^^^^^^
    )
    ^
  File "/Users/macbook13/Documents/pharma_new/.venv/lib/python3.13/site-packages/sqlalchemy/sql/functions.py", line 995, in __call__
    return Function(
        self.__names[-1], packagenames=tuple(self.__names[0:-1]), *c, **o
    )
TypeError: Function.__init__() got an unexpected keyword argument 'else_'
\n--- ERROR AT http://localhost:8000/api/v1/domain/analytics/reports?start_date=2026-03-01&end_date=2026-03-31&period=monthly ---\nTraceback (most recent call last):
  File "/Users/macbook13/Documents/pharma_new/.venv/lib/python3.13/site-packages/starlette/middleware/errors.py", line 164, in __call__
    await self.app(scope, receive, _send)
  File "/Users/macbook13/Documents/pharma_new/.venv/lib/python3.13/site-packages/starlette/middleware/cors.py", line 95, in __call__
    await self.simple_response(scope, receive, send, request_headers=headers)
  File "/Users/macbook13/Documents/pharma_new/.venv/lib/python3.13/site-packages/starlette/middleware/cors.py", line 153, in simple_response
    await self.app(scope, receive, send)
  File "/Users/macbook13/Documents/pharma_new/.venv/lib/python3.13/site-packages/starlette/middleware/exceptions.py", line 63, in __call__
    await wrap_app_handling_exceptions(self.app, conn)(scope, receive, send)
  File "/Users/macbook13/Documents/pharma_new/.venv/lib/python3.13/site-packages/starlette/_exception_handler.py", line 53, in wrapped_app
    raise exc
  File "/Users/macbook13/Documents/pharma_new/.venv/lib/python3.13/site-packages/starlette/_exception_handler.py", line 42, in wrapped_app
    await app(scope, receive, sender)
  File "/Users/macbook13/Documents/pharma_new/.venv/lib/python3.13/site-packages/fastapi/middleware/asyncexitstack.py", line 18, in __call__
    await self.app(scope, receive, send)
  File "/Users/macbook13/Documents/pharma_new/.venv/lib/python3.13/site-packages/starlette/routing.py", line 716, in __call__
    await self.middleware_stack(scope, receive, send)
  File "/Users/macbook13/Documents/pharma_new/.venv/lib/python3.13/site-packages/starlette/routing.py", line 736, in app
    await route.handle(scope, receive, send)
  File "/Users/macbook13/Documents/pharma_new/.venv/lib/python3.13/site-packages/starlette/routing.py", line 290, in handle
    await self.app(scope, receive, send)
  File "/Users/macbook13/Documents/pharma_new/.venv/lib/python3.13/site-packages/fastapi/routing.py", line 119, in app
    await wrap_app_handling_exceptions(app, request)(scope, receive, send)
  File "/Users/macbook13/Documents/pharma_new/.venv/lib/python3.13/site-packages/starlette/_exception_handler.py", line 53, in wrapped_app
    raise exc
  File "/Users/macbook13/Documents/pharma_new/.venv/lib/python3.13/site-packages/starlette/_exception_handler.py", line 42, in wrapped_app
    await app(scope, receive, sender)
  File "/Users/macbook13/Documents/pharma_new/.venv/lib/python3.13/site-packages/fastapi/routing.py", line 105, in app
    response = await f(request)
               ^^^^^^^^^^^^^^^^
  File "/Users/macbook13/Documents/pharma_new/.venv/lib/python3.13/site-packages/fastapi/routing.py", line 424, in app
    raw_response = await run_endpoint_function(
                   ^^^^^^^^^^^^^^^^^^^^^^^^^^^^
    ...<3 lines>...
    )
    ^
  File "/Users/macbook13/Documents/pharma_new/.venv/lib/python3.13/site-packages/fastapi/routing.py", line 312, in run_endpoint_function
    return await dependant.call(**values)
           ^^^^^^^^^^^^^^^^^^^^^^^^^^^^^^
  File "/Users/macbook13/Documents/pharma_new/backend/app/api/v1/endpoints/reports.py", line 72, in get_comprehensive_reports
    func.case(
    ~~~~~~~~~^
        (BonusLedger.ledger_type == "accrual", BonusLedger.amount),
        ^^^^^^^^^^^^^^^^^^^^^^^^^^^^^^^^^^^^^^^^^^^^^^^^^^^^^^^^^^^
        else_=0
        ^^^^^^^
    )
    ^
  File "/Users/macbook13/Documents/pharma_new/.venv/lib/python3.13/site-packages/sqlalchemy/sql/functions.py", line 995, in __call__
    return Function(
        self.__names[-1], packagenames=tuple(self.__names[0:-1]), *c, **o
    )
TypeError: Function.__init__() got an unexpected keyword argument 'else_'
\n--- ERROR AT http://localhost:8000/api/v1/domain/analytics/reports?start_date=2026-01-01&end_date=2026-03-31&period=quarterly ---\nTraceback (most recent call last):
  File "/Users/macbook13/Documents/pharma_new/.venv/lib/python3.13/site-packages/starlette/middleware/errors.py", line 164, in __call__
    await self.app(scope, receive, _send)
  File "/Users/macbook13/Documents/pharma_new/.venv/lib/python3.13/site-packages/starlette/middleware/cors.py", line 95, in __call__
    await self.simple_response(scope, receive, send, request_headers=headers)
  File "/Users/macbook13/Documents/pharma_new/.venv/lib/python3.13/site-packages/starlette/middleware/cors.py", line 153, in simple_response
    await self.app(scope, receive, send)
  File "/Users/macbook13/Documents/pharma_new/.venv/lib/python3.13/site-packages/starlette/middleware/exceptions.py", line 63, in __call__
    await wrap_app_handling_exceptions(self.app, conn)(scope, receive, send)
  File "/Users/macbook13/Documents/pharma_new/.venv/lib/python3.13/site-packages/starlette/_exception_handler.py", line 53, in wrapped_app
    raise exc
  File "/Users/macbook13/Documents/pharma_new/.venv/lib/python3.13/site-packages/starlette/_exception_handler.py", line 42, in wrapped_app
    await app(scope, receive, sender)
  File "/Users/macbook13/Documents/pharma_new/.venv/lib/python3.13/site-packages/fastapi/middleware/asyncexitstack.py", line 18, in __call__
    await self.app(scope, receive, send)
  File "/Users/macbook13/Documents/pharma_new/.venv/lib/python3.13/site-packages/starlette/routing.py", line 716, in __call__
    await self.middleware_stack(scope, receive, send)
  File "/Users/macbook13/Documents/pharma_new/.venv/lib/python3.13/site-packages/starlette/routing.py", line 736, in app
    await route.handle(scope, receive, send)
  File "/Users/macbook13/Documents/pharma_new/.venv/lib/python3.13/site-packages/starlette/routing.py", line 290, in handle
    await self.app(scope, receive, send)
  File "/Users/macbook13/Documents/pharma_new/.venv/lib/python3.13/site-packages/fastapi/routing.py", line 119, in app
    await wrap_app_handling_exceptions(app, request)(scope, receive, send)
  File "/Users/macbook13/Documents/pharma_new/.venv/lib/python3.13/site-packages/starlette/_exception_handler.py", line 53, in wrapped_app
    raise exc
  File "/Users/macbook13/Documents/pharma_new/.venv/lib/python3.13/site-packages/starlette/_exception_handler.py", line 42, in wrapped_app
    await app(scope, receive, sender)
  File "/Users/macbook13/Documents/pharma_new/.venv/lib/python3.13/site-packages/fastapi/routing.py", line 105, in app
    response = await f(request)
               ^^^^^^^^^^^^^^^^
  File "/Users/macbook13/Documents/pharma_new/.venv/lib/python3.13/site-packages/fastapi/routing.py", line 424, in app
    raw_response = await run_endpoint_function(
                   ^^^^^^^^^^^^^^^^^^^^^^^^^^^^
    ...<3 lines>...
    )
    ^
  File "/Users/macbook13/Documents/pharma_new/.venv/lib/python3.13/site-packages/fastapi/routing.py", line 312, in run_endpoint_function
    return await dependant.call(**values)
           ^^^^^^^^^^^^^^^^^^^^^^^^^^^^^^
  File "/Users/macbook13/Documents/pharma_new/backend/app/api/v1/endpoints/reports.py", line 72, in get_comprehensive_reports
    func.case(
    ~~~~~~~~~^
        (BonusLedger.ledger_type == "accrual", BonusLedger.amount),
        ^^^^^^^^^^^^^^^^^^^^^^^^^^^^^^^^^^^^^^^^^^^^^^^^^^^^^^^^^^^
        else_=0
        ^^^^^^^
    )
    ^
  File "/Users/macbook13/Documents/pharma_new/.venv/lib/python3.13/site-packages/sqlalchemy/sql/functions.py", line 995, in __call__
    return Function(
        self.__names[-1], packagenames=tuple(self.__names[0:-1]), *c, **o
    )
TypeError: Function.__init__() got an unexpected keyword argument 'else_'
\n--- ERROR AT http://localhost:8000/api/v1/domain/analytics/reports?start_date=2026-01-01&end_date=2026-03-31&period=quarterly ---\nTraceback (most recent call last):
  File "/Users/macbook13/Documents/pharma_new/.venv/lib/python3.13/site-packages/starlette/middleware/errors.py", line 164, in __call__
    await self.app(scope, receive, _send)
  File "/Users/macbook13/Documents/pharma_new/.venv/lib/python3.13/site-packages/starlette/middleware/cors.py", line 95, in __call__
    await self.simple_response(scope, receive, send, request_headers=headers)
  File "/Users/macbook13/Documents/pharma_new/.venv/lib/python3.13/site-packages/starlette/middleware/cors.py", line 153, in simple_response
    await self.app(scope, receive, send)
  File "/Users/macbook13/Documents/pharma_new/.venv/lib/python3.13/site-packages/starlette/middleware/exceptions.py", line 63, in __call__
    await wrap_app_handling_exceptions(self.app, conn)(scope, receive, send)
  File "/Users/macbook13/Documents/pharma_new/.venv/lib/python3.13/site-packages/starlette/_exception_handler.py", line 53, in wrapped_app
    raise exc
  File "/Users/macbook13/Documents/pharma_new/.venv/lib/python3.13/site-packages/starlette/_exception_handler.py", line 42, in wrapped_app
    await app(scope, receive, sender)
  File "/Users/macbook13/Documents/pharma_new/.venv/lib/python3.13/site-packages/fastapi/middleware/asyncexitstack.py", line 18, in __call__
    await self.app(scope, receive, send)
  File "/Users/macbook13/Documents/pharma_new/.venv/lib/python3.13/site-packages/starlette/routing.py", line 716, in __call__
    await self.middleware_stack(scope, receive, send)
  File "/Users/macbook13/Documents/pharma_new/.venv/lib/python3.13/site-packages/starlette/routing.py", line 736, in app
    await route.handle(scope, receive, send)
  File "/Users/macbook13/Documents/pharma_new/.venv/lib/python3.13/site-packages/starlette/routing.py", line 290, in handle
    await self.app(scope, receive, send)
  File "/Users/macbook13/Documents/pharma_new/.venv/lib/python3.13/site-packages/fastapi/routing.py", line 119, in app
    await wrap_app_handling_exceptions(app, request)(scope, receive, send)
  File "/Users/macbook13/Documents/pharma_new/.venv/lib/python3.13/site-packages/starlette/_exception_handler.py", line 53, in wrapped_app
    raise exc
  File "/Users/macbook13/Documents/pharma_new/.venv/lib/python3.13/site-packages/starlette/_exception_handler.py", line 42, in wrapped_app
    await app(scope, receive, sender)
  File "/Users/macbook13/Documents/pharma_new/.venv/lib/python3.13/site-packages/fastapi/routing.py", line 105, in app
    response = await f(request)
               ^^^^^^^^^^^^^^^^
  File "/Users/macbook13/Documents/pharma_new/.venv/lib/python3.13/site-packages/fastapi/routing.py", line 424, in app
    raw_response = await run_endpoint_function(
                   ^^^^^^^^^^^^^^^^^^^^^^^^^^^^
    ...<3 lines>...
    )
    ^
  File "/Users/macbook13/Documents/pharma_new/.venv/lib/python3.13/site-packages/fastapi/routing.py", line 312, in run_endpoint_function
    return await dependant.call(**values)
           ^^^^^^^^^^^^^^^^^^^^^^^^^^^^^^
  File "/Users/macbook13/Documents/pharma_new/backend/app/api/v1/endpoints/reports.py", line 72, in get_comprehensive_reports
    func.case(
    ~~~~~~~~~^
        (BonusLedger.ledger_type == "accrual", BonusLedger.amount),
        ^^^^^^^^^^^^^^^^^^^^^^^^^^^^^^^^^^^^^^^^^^^^^^^^^^^^^^^^^^^
        else_=0
        ^^^^^^^
    )
    ^
  File "/Users/macbook13/Documents/pharma_new/.venv/lib/python3.13/site-packages/sqlalchemy/sql/functions.py", line 995, in __call__
    return Function(
        self.__names[-1], packagenames=tuple(self.__names[0:-1]), *c, **o
    )
TypeError: Function.__init__() got an unexpected keyword argument 'else_'
\n--- ERROR AT http://localhost:8000/api/v1/domain/analytics/reports?start_date=2026-01-01&end_date=2026-12-31&period=yearly ---\nTraceback (most recent call last):
  File "/Users/macbook13/Documents/pharma_new/.venv/lib/python3.13/site-packages/starlette/middleware/errors.py", line 164, in __call__
    await self.app(scope, receive, _send)
  File "/Users/macbook13/Documents/pharma_new/.venv/lib/python3.13/site-packages/starlette/middleware/cors.py", line 95, in __call__
    await self.simple_response(scope, receive, send, request_headers=headers)
  File "/Users/macbook13/Documents/pharma_new/.venv/lib/python3.13/site-packages/starlette/middleware/cors.py", line 153, in simple_response
    await self.app(scope, receive, send)
  File "/Users/macbook13/Documents/pharma_new/.venv/lib/python3.13/site-packages/starlette/middleware/exceptions.py", line 63, in __call__
    await wrap_app_handling_exceptions(self.app, conn)(scope, receive, send)
  File "/Users/macbook13/Documents/pharma_new/.venv/lib/python3.13/site-packages/starlette/_exception_handler.py", line 53, in wrapped_app
    raise exc
  File "/Users/macbook13/Documents/pharma_new/.venv/lib/python3.13/site-packages/starlette/_exception_handler.py", line 42, in wrapped_app
    await app(scope, receive, sender)
  File "/Users/macbook13/Documents/pharma_new/.venv/lib/python3.13/site-packages/fastapi/middleware/asyncexitstack.py", line 18, in __call__
    await self.app(scope, receive, send)
  File "/Users/macbook13/Documents/pharma_new/.venv/lib/python3.13/site-packages/starlette/routing.py", line 716, in __call__
    await self.middleware_stack(scope, receive, send)
  File "/Users/macbook13/Documents/pharma_new/.venv/lib/python3.13/site-packages/starlette/routing.py", line 736, in app
    await route.handle(scope, receive, send)
  File "/Users/macbook13/Documents/pharma_new/.venv/lib/python3.13/site-packages/starlette/routing.py", line 290, in handle
    await self.app(scope, receive, send)
  File "/Users/macbook13/Documents/pharma_new/.venv/lib/python3.13/site-packages/fastapi/routing.py", line 119, in app
    await wrap_app_handling_exceptions(app, request)(scope, receive, send)
  File "/Users/macbook13/Documents/pharma_new/.venv/lib/python3.13/site-packages/starlette/_exception_handler.py", line 53, in wrapped_app
    raise exc
  File "/Users/macbook13/Documents/pharma_new/.venv/lib/python3.13/site-packages/starlette/_exception_handler.py", line 42, in wrapped_app
    await app(scope, receive, sender)
  File "/Users/macbook13/Documents/pharma_new/.venv/lib/python3.13/site-packages/fastapi/routing.py", line 105, in app
    response = await f(request)
               ^^^^^^^^^^^^^^^^
  File "/Users/macbook13/Documents/pharma_new/.venv/lib/python3.13/site-packages/fastapi/routing.py", line 424, in app
    raw_response = await run_endpoint_function(
                   ^^^^^^^^^^^^^^^^^^^^^^^^^^^^
    ...<3 lines>...
    )
    ^
  File "/Users/macbook13/Documents/pharma_new/.venv/lib/python3.13/site-packages/fastapi/routing.py", line 312, in run_endpoint_function
    return await dependant.call(**values)
           ^^^^^^^^^^^^^^^^^^^^^^^^^^^^^^
  File "/Users/macbook13/Documents/pharma_new/backend/app/api/v1/endpoints/reports.py", line 72, in get_comprehensive_reports
    func.case(
    ~~~~~~~~~^
        (BonusLedger.ledger_type == "accrual", BonusLedger.amount),
        ^^^^^^^^^^^^^^^^^^^^^^^^^^^^^^^^^^^^^^^^^^^^^^^^^^^^^^^^^^^
        else_=0
        ^^^^^^^
    )
    ^
  File "/Users/macbook13/Documents/pharma_new/.venv/lib/python3.13/site-packages/sqlalchemy/sql/functions.py", line 995, in __call__
    return Function(
        self.__names[-1], packagenames=tuple(self.__names[0:-1]), *c, **o
    )
TypeError: Function.__init__() got an unexpected keyword argument 'else_'
\n--- ERROR AT http://localhost:8000/api/v1/domain/analytics/reports?start_date=2026-01-01&end_date=2026-12-31&period=yearly ---\nTraceback (most recent call last):
  File "/Users/macbook13/Documents/pharma_new/.venv/lib/python3.13/site-packages/starlette/middleware/errors.py", line 164, in __call__
    await self.app(scope, receive, _send)
  File "/Users/macbook13/Documents/pharma_new/.venv/lib/python3.13/site-packages/starlette/middleware/cors.py", line 95, in __call__
    await self.simple_response(scope, receive, send, request_headers=headers)
  File "/Users/macbook13/Documents/pharma_new/.venv/lib/python3.13/site-packages/starlette/middleware/cors.py", line 153, in simple_response
    await self.app(scope, receive, send)
  File "/Users/macbook13/Documents/pharma_new/.venv/lib/python3.13/site-packages/starlette/middleware/exceptions.py", line 63, in __call__
    await wrap_app_handling_exceptions(self.app, conn)(scope, receive, send)
  File "/Users/macbook13/Documents/pharma_new/.venv/lib/python3.13/site-packages/starlette/_exception_handler.py", line 53, in wrapped_app
    raise exc
  File "/Users/macbook13/Documents/pharma_new/.venv/lib/python3.13/site-packages/starlette/_exception_handler.py", line 42, in wrapped_app
    await app(scope, receive, sender)
  File "/Users/macbook13/Documents/pharma_new/.venv/lib/python3.13/site-packages/fastapi/middleware/asyncexitstack.py", line 18, in __call__
    await self.app(scope, receive, send)
  File "/Users/macbook13/Documents/pharma_new/.venv/lib/python3.13/site-packages/starlette/routing.py", line 716, in __call__
    await self.middleware_stack(scope, receive, send)
  File "/Users/macbook13/Documents/pharma_new/.venv/lib/python3.13/site-packages/starlette/routing.py", line 736, in app
    await route.handle(scope, receive, send)
  File "/Users/macbook13/Documents/pharma_new/.venv/lib/python3.13/site-packages/starlette/routing.py", line 290, in handle
    await self.app(scope, receive, send)
  File "/Users/macbook13/Documents/pharma_new/.venv/lib/python3.13/site-packages/fastapi/routing.py", line 119, in app
    await wrap_app_handling_exceptions(app, request)(scope, receive, send)
  File "/Users/macbook13/Documents/pharma_new/.venv/lib/python3.13/site-packages/starlette/_exception_handler.py", line 53, in wrapped_app
    raise exc
  File "/Users/macbook13/Documents/pharma_new/.venv/lib/python3.13/site-packages/starlette/_exception_handler.py", line 42, in wrapped_app
    await app(scope, receive, sender)
  File "/Users/macbook13/Documents/pharma_new/.venv/lib/python3.13/site-packages/fastapi/routing.py", line 105, in app
    response = await f(request)
               ^^^^^^^^^^^^^^^^
  File "/Users/macbook13/Documents/pharma_new/.venv/lib/python3.13/site-packages/fastapi/routing.py", line 424, in app
    raw_response = await run_endpoint_function(
                   ^^^^^^^^^^^^^^^^^^^^^^^^^^^^
    ...<3 lines>...
    )
    ^
  File "/Users/macbook13/Documents/pharma_new/.venv/lib/python3.13/site-packages/fastapi/routing.py", line 312, in run_endpoint_function
    return await dependant.call(**values)
           ^^^^^^^^^^^^^^^^^^^^^^^^^^^^^^
  File "/Users/macbook13/Documents/pharma_new/backend/app/api/v1/endpoints/reports.py", line 72, in get_comprehensive_reports
    func.case(
    ~~~~~~~~~^
        (BonusLedger.ledger_type == "accrual", BonusLedger.amount),
        ^^^^^^^^^^^^^^^^^^^^^^^^^^^^^^^^^^^^^^^^^^^^^^^^^^^^^^^^^^^
        else_=0
        ^^^^^^^
    )
    ^
  File "/Users/macbook13/Documents/pharma_new/.venv/lib/python3.13/site-packages/sqlalchemy/sql/functions.py", line 995, in __call__
    return Function(
        self.__names[-1], packagenames=tuple(self.__names[0:-1]), *c, **o
    )
TypeError: Function.__init__() got an unexpected keyword argument 'else_'
\n--- ERROR AT http://localhost:8000/api/v1/domain/analytics/reports?start_date=2026-03-01&end_date=2026-03-31&period=monthly ---\nTraceback (most recent call last):
  File "/Users/macbook13/Documents/pharma_new/.venv/lib/python3.13/site-packages/starlette/middleware/errors.py", line 164, in __call__
    await self.app(scope, receive, _send)
  File "/Users/macbook13/Documents/pharma_new/.venv/lib/python3.13/site-packages/starlette/middleware/cors.py", line 95, in __call__
    await self.simple_response(scope, receive, send, request_headers=headers)
  File "/Users/macbook13/Documents/pharma_new/.venv/lib/python3.13/site-packages/starlette/middleware/cors.py", line 153, in simple_response
    await self.app(scope, receive, send)
  File "/Users/macbook13/Documents/pharma_new/.venv/lib/python3.13/site-packages/starlette/middleware/exceptions.py", line 63, in __call__
    await wrap_app_handling_exceptions(self.app, conn)(scope, receive, send)
  File "/Users/macbook13/Documents/pharma_new/.venv/lib/python3.13/site-packages/starlette/_exception_handler.py", line 53, in wrapped_app
    raise exc
  File "/Users/macbook13/Documents/pharma_new/.venv/lib/python3.13/site-packages/starlette/_exception_handler.py", line 42, in wrapped_app
    await app(scope, receive, sender)
  File "/Users/macbook13/Documents/pharma_new/.venv/lib/python3.13/site-packages/fastapi/middleware/asyncexitstack.py", line 18, in __call__
    await self.app(scope, receive, send)
  File "/Users/macbook13/Documents/pharma_new/.venv/lib/python3.13/site-packages/starlette/routing.py", line 716, in __call__
    await self.middleware_stack(scope, receive, send)
  File "/Users/macbook13/Documents/pharma_new/.venv/lib/python3.13/site-packages/starlette/routing.py", line 736, in app
    await route.handle(scope, receive, send)
  File "/Users/macbook13/Documents/pharma_new/.venv/lib/python3.13/site-packages/starlette/routing.py", line 290, in handle
    await self.app(scope, receive, send)
  File "/Users/macbook13/Documents/pharma_new/.venv/lib/python3.13/site-packages/fastapi/routing.py", line 119, in app
    await wrap_app_handling_exceptions(app, request)(scope, receive, send)
  File "/Users/macbook13/Documents/pharma_new/.venv/lib/python3.13/site-packages/starlette/_exception_handler.py", line 53, in wrapped_app
    raise exc
  File "/Users/macbook13/Documents/pharma_new/.venv/lib/python3.13/site-packages/starlette/_exception_handler.py", line 42, in wrapped_app
    await app(scope, receive, sender)
  File "/Users/macbook13/Documents/pharma_new/.venv/lib/python3.13/site-packages/fastapi/routing.py", line 105, in app
    response = await f(request)
               ^^^^^^^^^^^^^^^^
  File "/Users/macbook13/Documents/pharma_new/.venv/lib/python3.13/site-packages/fastapi/routing.py", line 424, in app
    raw_response = await run_endpoint_function(
                   ^^^^^^^^^^^^^^^^^^^^^^^^^^^^
    ...<3 lines>...
    )
    ^
  File "/Users/macbook13/Documents/pharma_new/.venv/lib/python3.13/site-packages/fastapi/routing.py", line 312, in run_endpoint_function
    return await dependant.call(**values)
           ^^^^^^^^^^^^^^^^^^^^^^^^^^^^^^
  File "/Users/macbook13/Documents/pharma_new/backend/app/api/v1/endpoints/reports.py", line 72, in get_comprehensive_reports
    func.case(
    ~~~~~~~~~^
        (BonusLedger.ledger_type == "accrual", BonusLedger.amount),
        ^^^^^^^^^^^^^^^^^^^^^^^^^^^^^^^^^^^^^^^^^^^^^^^^^^^^^^^^^^^
        else_=0
        ^^^^^^^
    )
    ^
  File "/Users/macbook13/Documents/pharma_new/.venv/lib/python3.13/site-packages/sqlalchemy/sql/functions.py", line 995, in __call__
    return Function(
        self.__names[-1], packagenames=tuple(self.__names[0:-1]), *c, **o
    )
TypeError: Function.__init__() got an unexpected keyword argument 'else_'
\n--- ERROR AT http://localhost:8000/api/v1/domain/analytics/reports?start_date=2026-03-01&end_date=2026-03-31&period=monthly ---\nTraceback (most recent call last):
  File "/Users/macbook13/Documents/pharma_new/.venv/lib/python3.13/site-packages/starlette/middleware/errors.py", line 164, in __call__
    await self.app(scope, receive, _send)
  File "/Users/macbook13/Documents/pharma_new/.venv/lib/python3.13/site-packages/starlette/middleware/cors.py", line 95, in __call__
    await self.simple_response(scope, receive, send, request_headers=headers)
  File "/Users/macbook13/Documents/pharma_new/.venv/lib/python3.13/site-packages/starlette/middleware/cors.py", line 153, in simple_response
    await self.app(scope, receive, send)
  File "/Users/macbook13/Documents/pharma_new/.venv/lib/python3.13/site-packages/starlette/middleware/exceptions.py", line 63, in __call__
    await wrap_app_handling_exceptions(self.app, conn)(scope, receive, send)
  File "/Users/macbook13/Documents/pharma_new/.venv/lib/python3.13/site-packages/starlette/_exception_handler.py", line 53, in wrapped_app
    raise exc
  File "/Users/macbook13/Documents/pharma_new/.venv/lib/python3.13/site-packages/starlette/_exception_handler.py", line 42, in wrapped_app
    await app(scope, receive, sender)
  File "/Users/macbook13/Documents/pharma_new/.venv/lib/python3.13/site-packages/fastapi/middleware/asyncexitstack.py", line 18, in __call__
    await self.app(scope, receive, send)
  File "/Users/macbook13/Documents/pharma_new/.venv/lib/python3.13/site-packages/starlette/routing.py", line 716, in __call__
    await self.middleware_stack(scope, receive, send)
  File "/Users/macbook13/Documents/pharma_new/.venv/lib/python3.13/site-packages/starlette/routing.py", line 736, in app
    await route.handle(scope, receive, send)
  File "/Users/macbook13/Documents/pharma_new/.venv/lib/python3.13/site-packages/starlette/routing.py", line 290, in handle
    await self.app(scope, receive, send)
  File "/Users/macbook13/Documents/pharma_new/.venv/lib/python3.13/site-packages/fastapi/routing.py", line 119, in app
    await wrap_app_handling_exceptions(app, request)(scope, receive, send)
  File "/Users/macbook13/Documents/pharma_new/.venv/lib/python3.13/site-packages/starlette/_exception_handler.py", line 53, in wrapped_app
    raise exc
  File "/Users/macbook13/Documents/pharma_new/.venv/lib/python3.13/site-packages/starlette/_exception_handler.py", line 42, in wrapped_app
    await app(scope, receive, sender)
  File "/Users/macbook13/Documents/pharma_new/.venv/lib/python3.13/site-packages/fastapi/routing.py", line 105, in app
    response = await f(request)
               ^^^^^^^^^^^^^^^^
  File "/Users/macbook13/Documents/pharma_new/.venv/lib/python3.13/site-packages/fastapi/routing.py", line 424, in app
    raw_response = await run_endpoint_function(
                   ^^^^^^^^^^^^^^^^^^^^^^^^^^^^
    ...<3 lines>...
    )
    ^
  File "/Users/macbook13/Documents/pharma_new/.venv/lib/python3.13/site-packages/fastapi/routing.py", line 312, in run_endpoint_function
    return await dependant.call(**values)
           ^^^^^^^^^^^^^^^^^^^^^^^^^^^^^^
  File "/Users/macbook13/Documents/pharma_new/backend/app/api/v1/endpoints/reports.py", line 72, in get_comprehensive_reports
    func.case(
    ~~~~~~~~~^
        (BonusLedger.ledger_type == "accrual", BonusLedger.amount),
        ^^^^^^^^^^^^^^^^^^^^^^^^^^^^^^^^^^^^^^^^^^^^^^^^^^^^^^^^^^^
        else_=0
        ^^^^^^^
    )
    ^
  File "/Users/macbook13/Documents/pharma_new/.venv/lib/python3.13/site-packages/sqlalchemy/sql/functions.py", line 995, in __call__
    return Function(
        self.__names[-1], packagenames=tuple(self.__names[0:-1]), *c, **o
    )
TypeError: Function.__init__() got an unexpected keyword argument 'else_'
\n--- ERROR AT http://localhost:8000/api/v1/domain/analytics/reports?start_date=2026-03-01&end_date=2026-03-31&period=monthly ---\nTraceback (most recent call last):
  File "/Users/macbook13/Documents/pharma_new/.venv/lib/python3.13/site-packages/starlette/middleware/errors.py", line 164, in __call__
    await self.app(scope, receive, _send)
  File "/Users/macbook13/Documents/pharma_new/.venv/lib/python3.13/site-packages/starlette/middleware/cors.py", line 95, in __call__
    await self.simple_response(scope, receive, send, request_headers=headers)
  File "/Users/macbook13/Documents/pharma_new/.venv/lib/python3.13/site-packages/starlette/middleware/cors.py", line 153, in simple_response
    await self.app(scope, receive, send)
  File "/Users/macbook13/Documents/pharma_new/.venv/lib/python3.13/site-packages/starlette/middleware/exceptions.py", line 63, in __call__
    await wrap_app_handling_exceptions(self.app, conn)(scope, receive, send)
  File "/Users/macbook13/Documents/pharma_new/.venv/lib/python3.13/site-packages/starlette/_exception_handler.py", line 53, in wrapped_app
    raise exc
  File "/Users/macbook13/Documents/pharma_new/.venv/lib/python3.13/site-packages/starlette/_exception_handler.py", line 42, in wrapped_app
    await app(scope, receive, sender)
  File "/Users/macbook13/Documents/pharma_new/.venv/lib/python3.13/site-packages/fastapi/middleware/asyncexitstack.py", line 18, in __call__
    await self.app(scope, receive, send)
  File "/Users/macbook13/Documents/pharma_new/.venv/lib/python3.13/site-packages/starlette/routing.py", line 716, in __call__
    await self.middleware_stack(scope, receive, send)
  File "/Users/macbook13/Documents/pharma_new/.venv/lib/python3.13/site-packages/starlette/routing.py", line 736, in app
    await route.handle(scope, receive, send)
  File "/Users/macbook13/Documents/pharma_new/.venv/lib/python3.13/site-packages/starlette/routing.py", line 290, in handle
    await self.app(scope, receive, send)
  File "/Users/macbook13/Documents/pharma_new/.venv/lib/python3.13/site-packages/fastapi/routing.py", line 119, in app
    await wrap_app_handling_exceptions(app, request)(scope, receive, send)
  File "/Users/macbook13/Documents/pharma_new/.venv/lib/python3.13/site-packages/starlette/_exception_handler.py", line 53, in wrapped_app
    raise exc
  File "/Users/macbook13/Documents/pharma_new/.venv/lib/python3.13/site-packages/starlette/_exception_handler.py", line 42, in wrapped_app
    await app(scope, receive, sender)
  File "/Users/macbook13/Documents/pharma_new/.venv/lib/python3.13/site-packages/fastapi/routing.py", line 105, in app
    response = await f(request)
               ^^^^^^^^^^^^^^^^
  File "/Users/macbook13/Documents/pharma_new/.venv/lib/python3.13/site-packages/fastapi/routing.py", line 424, in app
    raw_response = await run_endpoint_function(
                   ^^^^^^^^^^^^^^^^^^^^^^^^^^^^
    ...<3 lines>...
    )
    ^
  File "/Users/macbook13/Documents/pharma_new/.venv/lib/python3.13/site-packages/fastapi/routing.py", line 312, in run_endpoint_function
    return await dependant.call(**values)
           ^^^^^^^^^^^^^^^^^^^^^^^^^^^^^^
  File "/Users/macbook13/Documents/pharma_new/backend/app/api/v1/endpoints/reports.py", line 72, in get_comprehensive_reports
    func.case(
    ~~~~~~~~~^
        (BonusLedger.ledger_type == "accrual", BonusLedger.amount),
        ^^^^^^^^^^^^^^^^^^^^^^^^^^^^^^^^^^^^^^^^^^^^^^^^^^^^^^^^^^^
        else_=0
        ^^^^^^^
    )
    ^
  File "/Users/macbook13/Documents/pharma_new/.venv/lib/python3.13/site-packages/sqlalchemy/sql/functions.py", line 995, in __call__
    return Function(
        self.__names[-1], packagenames=tuple(self.__names[0:-1]), *c, **o
    )
TypeError: Function.__init__() got an unexpected keyword argument 'else_'
\n--- ERROR AT http://localhost:8000/api/v1/domain/analytics/reports?start_date=2026-03-01&end_date=2026-03-31&period=monthly ---\nTraceback (most recent call last):
  File "/Users/macbook13/Documents/pharma_new/.venv/lib/python3.13/site-packages/starlette/middleware/errors.py", line 164, in __call__
    await self.app(scope, receive, _send)
  File "/Users/macbook13/Documents/pharma_new/.venv/lib/python3.13/site-packages/starlette/middleware/cors.py", line 95, in __call__
    await self.simple_response(scope, receive, send, request_headers=headers)
  File "/Users/macbook13/Documents/pharma_new/.venv/lib/python3.13/site-packages/starlette/middleware/cors.py", line 153, in simple_response
    await self.app(scope, receive, send)
  File "/Users/macbook13/Documents/pharma_new/.venv/lib/python3.13/site-packages/starlette/middleware/exceptions.py", line 63, in __call__
    await wrap_app_handling_exceptions(self.app, conn)(scope, receive, send)
  File "/Users/macbook13/Documents/pharma_new/.venv/lib/python3.13/site-packages/starlette/_exception_handler.py", line 53, in wrapped_app
    raise exc
  File "/Users/macbook13/Documents/pharma_new/.venv/lib/python3.13/site-packages/starlette/_exception_handler.py", line 42, in wrapped_app
    await app(scope, receive, sender)
  File "/Users/macbook13/Documents/pharma_new/.venv/lib/python3.13/site-packages/fastapi/middleware/asyncexitstack.py", line 18, in __call__
    await self.app(scope, receive, send)
  File "/Users/macbook13/Documents/pharma_new/.venv/lib/python3.13/site-packages/starlette/routing.py", line 716, in __call__
    await self.middleware_stack(scope, receive, send)
  File "/Users/macbook13/Documents/pharma_new/.venv/lib/python3.13/site-packages/starlette/routing.py", line 736, in app
    await route.handle(scope, receive, send)
  File "/Users/macbook13/Documents/pharma_new/.venv/lib/python3.13/site-packages/starlette/routing.py", line 290, in handle
    await self.app(scope, receive, send)
  File "/Users/macbook13/Documents/pharma_new/.venv/lib/python3.13/site-packages/fastapi/routing.py", line 119, in app
    await wrap_app_handling_exceptions(app, request)(scope, receive, send)
  File "/Users/macbook13/Documents/pharma_new/.venv/lib/python3.13/site-packages/starlette/_exception_handler.py", line 53, in wrapped_app
    raise exc
  File "/Users/macbook13/Documents/pharma_new/.venv/lib/python3.13/site-packages/starlette/_exception_handler.py", line 42, in wrapped_app
    await app(scope, receive, sender)
  File "/Users/macbook13/Documents/pharma_new/.venv/lib/python3.13/site-packages/fastapi/routing.py", line 105, in app
    response = await f(request)
               ^^^^^^^^^^^^^^^^
  File "/Users/macbook13/Documents/pharma_new/.venv/lib/python3.13/site-packages/fastapi/routing.py", line 424, in app
    raw_response = await run_endpoint_function(
                   ^^^^^^^^^^^^^^^^^^^^^^^^^^^^
    ...<3 lines>...
    )
    ^
  File "/Users/macbook13/Documents/pharma_new/.venv/lib/python3.13/site-packages/fastapi/routing.py", line 312, in run_endpoint_function
    return await dependant.call(**values)
           ^^^^^^^^^^^^^^^^^^^^^^^^^^^^^^
  File "/Users/macbook13/Documents/pharma_new/backend/app/api/v1/endpoints/reports.py", line 72, in get_comprehensive_reports
    func.case(
    ~~~~~~~~~^
        (BonusLedger.ledger_type == "accrual", BonusLedger.amount),
        ^^^^^^^^^^^^^^^^^^^^^^^^^^^^^^^^^^^^^^^^^^^^^^^^^^^^^^^^^^^
        else_=0
        ^^^^^^^
    )
    ^
  File "/Users/macbook13/Documents/pharma_new/.venv/lib/python3.13/site-packages/sqlalchemy/sql/functions.py", line 995, in __call__
    return Function(
        self.__names[-1], packagenames=tuple(self.__names[0:-1]), *c, **o
    )
TypeError: Function.__init__() got an unexpected keyword argument 'else_'
\n--- ERROR AT http://localhost:8000/api/v1/domain/analytics/reports?start_date=2026-03-01&end_date=2026-03-31&period=monthly ---\nTraceback (most recent call last):
  File "/Users/macbook13/Documents/pharma_new/.venv/lib/python3.13/site-packages/starlette/middleware/errors.py", line 164, in __call__
    await self.app(scope, receive, _send)
  File "/Users/macbook13/Documents/pharma_new/.venv/lib/python3.13/site-packages/starlette/middleware/cors.py", line 95, in __call__
    await self.simple_response(scope, receive, send, request_headers=headers)
  File "/Users/macbook13/Documents/pharma_new/.venv/lib/python3.13/site-packages/starlette/middleware/cors.py", line 153, in simple_response
    await self.app(scope, receive, send)
  File "/Users/macbook13/Documents/pharma_new/.venv/lib/python3.13/site-packages/starlette/middleware/exceptions.py", line 63, in __call__
    await wrap_app_handling_exceptions(self.app, conn)(scope, receive, send)
  File "/Users/macbook13/Documents/pharma_new/.venv/lib/python3.13/site-packages/starlette/_exception_handler.py", line 53, in wrapped_app
    raise exc
  File "/Users/macbook13/Documents/pharma_new/.venv/lib/python3.13/site-packages/starlette/_exception_handler.py", line 42, in wrapped_app
    await app(scope, receive, sender)
  File "/Users/macbook13/Documents/pharma_new/.venv/lib/python3.13/site-packages/fastapi/middleware/asyncexitstack.py", line 18, in __call__
    await self.app(scope, receive, send)
  File "/Users/macbook13/Documents/pharma_new/.venv/lib/python3.13/site-packages/starlette/routing.py", line 716, in __call__
    await self.middleware_stack(scope, receive, send)
  File "/Users/macbook13/Documents/pharma_new/.venv/lib/python3.13/site-packages/starlette/routing.py", line 736, in app
    await route.handle(scope, receive, send)
  File "/Users/macbook13/Documents/pharma_new/.venv/lib/python3.13/site-packages/starlette/routing.py", line 290, in handle
    await self.app(scope, receive, send)
  File "/Users/macbook13/Documents/pharma_new/.venv/lib/python3.13/site-packages/fastapi/routing.py", line 119, in app
    await wrap_app_handling_exceptions(app, request)(scope, receive, send)
  File "/Users/macbook13/Documents/pharma_new/.venv/lib/python3.13/site-packages/starlette/_exception_handler.py", line 53, in wrapped_app
    raise exc
  File "/Users/macbook13/Documents/pharma_new/.venv/lib/python3.13/site-packages/starlette/_exception_handler.py", line 42, in wrapped_app
    await app(scope, receive, sender)
  File "/Users/macbook13/Documents/pharma_new/.venv/lib/python3.13/site-packages/fastapi/routing.py", line 105, in app
    response = await f(request)
               ^^^^^^^^^^^^^^^^
  File "/Users/macbook13/Documents/pharma_new/.venv/lib/python3.13/site-packages/fastapi/routing.py", line 424, in app
    raw_response = await run_endpoint_function(
                   ^^^^^^^^^^^^^^^^^^^^^^^^^^^^
    ...<3 lines>...
    )
    ^
  File "/Users/macbook13/Documents/pharma_new/.venv/lib/python3.13/site-packages/fastapi/routing.py", line 312, in run_endpoint_function
    return await dependant.call(**values)
           ^^^^^^^^^^^^^^^^^^^^^^^^^^^^^^
  File "/Users/macbook13/Documents/pharma_new/backend/app/api/v1/endpoints/reports.py", line 72, in get_comprehensive_reports
    func.case(
    ~~~~~~~~~^
        (BonusLedger.ledger_type == "accrual", BonusLedger.amount),
        ^^^^^^^^^^^^^^^^^^^^^^^^^^^^^^^^^^^^^^^^^^^^^^^^^^^^^^^^^^^
        else_=0
        ^^^^^^^
    )
    ^
  File "/Users/macbook13/Documents/pharma_new/.venv/lib/python3.13/site-packages/sqlalchemy/sql/functions.py", line 995, in __call__
    return Function(
        self.__names[-1], packagenames=tuple(self.__names[0:-1]), *c, **o
    )
TypeError: Function.__init__() got an unexpected keyword argument 'else_'
\n--- ERROR AT http://localhost:8000/api/v1/domain/analytics/reports?start_date=2026-03-01&end_date=2026-03-31&period=monthly ---\nTraceback (most recent call last):
  File "/Users/macbook13/Documents/pharma_new/.venv/lib/python3.13/site-packages/starlette/middleware/errors.py", line 164, in __call__
    await self.app(scope, receive, _send)
  File "/Users/macbook13/Documents/pharma_new/.venv/lib/python3.13/site-packages/starlette/middleware/cors.py", line 95, in __call__
    await self.simple_response(scope, receive, send, request_headers=headers)
  File "/Users/macbook13/Documents/pharma_new/.venv/lib/python3.13/site-packages/starlette/middleware/cors.py", line 153, in simple_response
    await self.app(scope, receive, send)
  File "/Users/macbook13/Documents/pharma_new/.venv/lib/python3.13/site-packages/starlette/middleware/exceptions.py", line 63, in __call__
    await wrap_app_handling_exceptions(self.app, conn)(scope, receive, send)
  File "/Users/macbook13/Documents/pharma_new/.venv/lib/python3.13/site-packages/starlette/_exception_handler.py", line 53, in wrapped_app
    raise exc
  File "/Users/macbook13/Documents/pharma_new/.venv/lib/python3.13/site-packages/starlette/_exception_handler.py", line 42, in wrapped_app
    await app(scope, receive, sender)
  File "/Users/macbook13/Documents/pharma_new/.venv/lib/python3.13/site-packages/fastapi/middleware/asyncexitstack.py", line 18, in __call__
    await self.app(scope, receive, send)
  File "/Users/macbook13/Documents/pharma_new/.venv/lib/python3.13/site-packages/starlette/routing.py", line 716, in __call__
    await self.middleware_stack(scope, receive, send)
  File "/Users/macbook13/Documents/pharma_new/.venv/lib/python3.13/site-packages/starlette/routing.py", line 736, in app
    await route.handle(scope, receive, send)
  File "/Users/macbook13/Documents/pharma_new/.venv/lib/python3.13/site-packages/starlette/routing.py", line 290, in handle
    await self.app(scope, receive, send)
  File "/Users/macbook13/Documents/pharma_new/.venv/lib/python3.13/site-packages/fastapi/routing.py", line 119, in app
    await wrap_app_handling_exceptions(app, request)(scope, receive, send)
  File "/Users/macbook13/Documents/pharma_new/.venv/lib/python3.13/site-packages/starlette/_exception_handler.py", line 53, in wrapped_app
    raise exc
  File "/Users/macbook13/Documents/pharma_new/.venv/lib/python3.13/site-packages/starlette/_exception_handler.py", line 42, in wrapped_app
    await app(scope, receive, sender)
  File "/Users/macbook13/Documents/pharma_new/.venv/lib/python3.13/site-packages/fastapi/routing.py", line 105, in app
    response = await f(request)
               ^^^^^^^^^^^^^^^^
  File "/Users/macbook13/Documents/pharma_new/.venv/lib/python3.13/site-packages/fastapi/routing.py", line 424, in app
    raw_response = await run_endpoint_function(
                   ^^^^^^^^^^^^^^^^^^^^^^^^^^^^
    ...<3 lines>...
    )
    ^
  File "/Users/macbook13/Documents/pharma_new/.venv/lib/python3.13/site-packages/fastapi/routing.py", line 312, in run_endpoint_function
    return await dependant.call(**values)
           ^^^^^^^^^^^^^^^^^^^^^^^^^^^^^^
  File "/Users/macbook13/Documents/pharma_new/backend/app/api/v1/endpoints/reports.py", line 72, in get_comprehensive_reports
    func.case(
    ~~~~~~~~~^
        (BonusLedger.ledger_type == "accrual", BonusLedger.amount),
        ^^^^^^^^^^^^^^^^^^^^^^^^^^^^^^^^^^^^^^^^^^^^^^^^^^^^^^^^^^^
        else_=0
        ^^^^^^^
    )
    ^
  File "/Users/macbook13/Documents/pharma_new/.venv/lib/python3.13/site-packages/sqlalchemy/sql/functions.py", line 995, in __call__
    return Function(
        self.__names[-1], packagenames=tuple(self.__names[0:-1]), *c, **o
    )
TypeError: Function.__init__() got an unexpected keyword argument 'else_'
\n--- ERROR AT http://localhost:8000/api/v1/domain/analytics/reports?start_date=2026-03-01&end_date=2026-03-31&period=monthly ---\nTraceback (most recent call last):
  File "/Users/macbook13/Documents/pharma_new/.venv/lib/python3.13/site-packages/starlette/middleware/errors.py", line 164, in __call__
    await self.app(scope, receive, _send)
  File "/Users/macbook13/Documents/pharma_new/.venv/lib/python3.13/site-packages/starlette/middleware/cors.py", line 95, in __call__
    await self.simple_response(scope, receive, send, request_headers=headers)
  File "/Users/macbook13/Documents/pharma_new/.venv/lib/python3.13/site-packages/starlette/middleware/cors.py", line 153, in simple_response
    await self.app(scope, receive, send)
  File "/Users/macbook13/Documents/pharma_new/.venv/lib/python3.13/site-packages/starlette/middleware/exceptions.py", line 63, in __call__
    await wrap_app_handling_exceptions(self.app, conn)(scope, receive, send)
  File "/Users/macbook13/Documents/pharma_new/.venv/lib/python3.13/site-packages/starlette/_exception_handler.py", line 53, in wrapped_app
    raise exc
  File "/Users/macbook13/Documents/pharma_new/.venv/lib/python3.13/site-packages/starlette/_exception_handler.py", line 42, in wrapped_app
    await app(scope, receive, sender)
  File "/Users/macbook13/Documents/pharma_new/.venv/lib/python3.13/site-packages/fastapi/middleware/asyncexitstack.py", line 18, in __call__
    await self.app(scope, receive, send)
  File "/Users/macbook13/Documents/pharma_new/.venv/lib/python3.13/site-packages/starlette/routing.py", line 716, in __call__
    await self.middleware_stack(scope, receive, send)
  File "/Users/macbook13/Documents/pharma_new/.venv/lib/python3.13/site-packages/starlette/routing.py", line 736, in app
    await route.handle(scope, receive, send)
  File "/Users/macbook13/Documents/pharma_new/.venv/lib/python3.13/site-packages/starlette/routing.py", line 290, in handle
    await self.app(scope, receive, send)
  File "/Users/macbook13/Documents/pharma_new/.venv/lib/python3.13/site-packages/fastapi/routing.py", line 119, in app
    await wrap_app_handling_exceptions(app, request)(scope, receive, send)
  File "/Users/macbook13/Documents/pharma_new/.venv/lib/python3.13/site-packages/starlette/_exception_handler.py", line 53, in wrapped_app
    raise exc
  File "/Users/macbook13/Documents/pharma_new/.venv/lib/python3.13/site-packages/starlette/_exception_handler.py", line 42, in wrapped_app
    await app(scope, receive, sender)
  File "/Users/macbook13/Documents/pharma_new/.venv/lib/python3.13/site-packages/fastapi/routing.py", line 105, in app
    response = await f(request)
               ^^^^^^^^^^^^^^^^
  File "/Users/macbook13/Documents/pharma_new/.venv/lib/python3.13/site-packages/fastapi/routing.py", line 424, in app
    raw_response = await run_endpoint_function(
                   ^^^^^^^^^^^^^^^^^^^^^^^^^^^^
    ...<3 lines>...
    )
    ^
  File "/Users/macbook13/Documents/pharma_new/.venv/lib/python3.13/site-packages/fastapi/routing.py", line 312, in run_endpoint_function
    return await dependant.call(**values)
           ^^^^^^^^^^^^^^^^^^^^^^^^^^^^^^
  File "/Users/macbook13/Documents/pharma_new/backend/app/api/v1/endpoints/reports.py", line 72, in get_comprehensive_reports
    func.case(
    ~~~~~~~~~^
        (BonusLedger.ledger_type == "accrual", BonusLedger.amount),
        ^^^^^^^^^^^^^^^^^^^^^^^^^^^^^^^^^^^^^^^^^^^^^^^^^^^^^^^^^^^
        else_=0
        ^^^^^^^
    )
    ^
  File "/Users/macbook13/Documents/pharma_new/.venv/lib/python3.13/site-packages/sqlalchemy/sql/functions.py", line 995, in __call__
    return Function(
        self.__names[-1], packagenames=tuple(self.__names[0:-1]), *c, **o
    )
TypeError: Function.__init__() got an unexpected keyword argument 'else_'
\n--- ERROR AT http://localhost:8000/api/v1/domain/analytics/reports?start_date=2026-03-01&end_date=2026-03-31&period=monthly ---\nTraceback (most recent call last):
  File "/Users/macbook13/Documents/pharma_new/.venv/lib/python3.13/site-packages/starlette/middleware/errors.py", line 164, in __call__
    await self.app(scope, receive, _send)
  File "/Users/macbook13/Documents/pharma_new/.venv/lib/python3.13/site-packages/starlette/middleware/cors.py", line 95, in __call__
    await self.simple_response(scope, receive, send, request_headers=headers)
  File "/Users/macbook13/Documents/pharma_new/.venv/lib/python3.13/site-packages/starlette/middleware/cors.py", line 153, in simple_response
    await self.app(scope, receive, send)
  File "/Users/macbook13/Documents/pharma_new/.venv/lib/python3.13/site-packages/starlette/middleware/exceptions.py", line 63, in __call__
    await wrap_app_handling_exceptions(self.app, conn)(scope, receive, send)
  File "/Users/macbook13/Documents/pharma_new/.venv/lib/python3.13/site-packages/starlette/_exception_handler.py", line 53, in wrapped_app
    raise exc
  File "/Users/macbook13/Documents/pharma_new/.venv/lib/python3.13/site-packages/starlette/_exception_handler.py", line 42, in wrapped_app
    await app(scope, receive, sender)
  File "/Users/macbook13/Documents/pharma_new/.venv/lib/python3.13/site-packages/fastapi/middleware/asyncexitstack.py", line 18, in __call__
    await self.app(scope, receive, send)
  File "/Users/macbook13/Documents/pharma_new/.venv/lib/python3.13/site-packages/starlette/routing.py", line 716, in __call__
    await self.middleware_stack(scope, receive, send)
  File "/Users/macbook13/Documents/pharma_new/.venv/lib/python3.13/site-packages/starlette/routing.py", line 736, in app
    await route.handle(scope, receive, send)
  File "/Users/macbook13/Documents/pharma_new/.venv/lib/python3.13/site-packages/starlette/routing.py", line 290, in handle
    await self.app(scope, receive, send)
  File "/Users/macbook13/Documents/pharma_new/.venv/lib/python3.13/site-packages/fastapi/routing.py", line 119, in app
    await wrap_app_handling_exceptions(app, request)(scope, receive, send)
  File "/Users/macbook13/Documents/pharma_new/.venv/lib/python3.13/site-packages/starlette/_exception_handler.py", line 53, in wrapped_app
    raise exc
  File "/Users/macbook13/Documents/pharma_new/.venv/lib/python3.13/site-packages/starlette/_exception_handler.py", line 42, in wrapped_app
    await app(scope, receive, sender)
  File "/Users/macbook13/Documents/pharma_new/.venv/lib/python3.13/site-packages/fastapi/routing.py", line 105, in app
    response = await f(request)
               ^^^^^^^^^^^^^^^^
  File "/Users/macbook13/Documents/pharma_new/.venv/lib/python3.13/site-packages/fastapi/routing.py", line 424, in app
    raw_response = await run_endpoint_function(
                   ^^^^^^^^^^^^^^^^^^^^^^^^^^^^
    ...<3 lines>...
    )
    ^
  File "/Users/macbook13/Documents/pharma_new/.venv/lib/python3.13/site-packages/fastapi/routing.py", line 312, in run_endpoint_function
    return await dependant.call(**values)
           ^^^^^^^^^^^^^^^^^^^^^^^^^^^^^^
  File "/Users/macbook13/Documents/pharma_new/backend/app/api/v1/endpoints/reports.py", line 72, in get_comprehensive_reports
    func.case(
    ~~~~~~~~~^
        (BonusLedger.ledger_type == "accrual", BonusLedger.amount),
        ^^^^^^^^^^^^^^^^^^^^^^^^^^^^^^^^^^^^^^^^^^^^^^^^^^^^^^^^^^^
        else_=0
        ^^^^^^^
    )
    ^
  File "/Users/macbook13/Documents/pharma_new/.venv/lib/python3.13/site-packages/sqlalchemy/sql/functions.py", line 995, in __call__
    return Function(
        self.__names[-1], packagenames=tuple(self.__names[0:-1]), *c, **o
    )
TypeError: Function.__init__() got an unexpected keyword argument 'else_'
\n--- ERROR AT http://localhost:8000/api/v1/domain/analytics/reports?start_date=2026-03-01&end_date=2026-03-31&period=monthly ---\nTraceback (most recent call last):
  File "/Users/macbook13/Documents/pharma_new/.venv/lib/python3.13/site-packages/starlette/middleware/errors.py", line 164, in __call__
    await self.app(scope, receive, _send)
  File "/Users/macbook13/Documents/pharma_new/.venv/lib/python3.13/site-packages/starlette/middleware/cors.py", line 95, in __call__
    await self.simple_response(scope, receive, send, request_headers=headers)
  File "/Users/macbook13/Documents/pharma_new/.venv/lib/python3.13/site-packages/starlette/middleware/cors.py", line 153, in simple_response
    await self.app(scope, receive, send)
  File "/Users/macbook13/Documents/pharma_new/.venv/lib/python3.13/site-packages/starlette/middleware/exceptions.py", line 63, in __call__
    await wrap_app_handling_exceptions(self.app, conn)(scope, receive, send)
  File "/Users/macbook13/Documents/pharma_new/.venv/lib/python3.13/site-packages/starlette/_exception_handler.py", line 53, in wrapped_app
    raise exc
  File "/Users/macbook13/Documents/pharma_new/.venv/lib/python3.13/site-packages/starlette/_exception_handler.py", line 42, in wrapped_app
    await app(scope, receive, sender)
  File "/Users/macbook13/Documents/pharma_new/.venv/lib/python3.13/site-packages/fastapi/middleware/asyncexitstack.py", line 18, in __call__
    await self.app(scope, receive, send)
  File "/Users/macbook13/Documents/pharma_new/.venv/lib/python3.13/site-packages/starlette/routing.py", line 716, in __call__
    await self.middleware_stack(scope, receive, send)
  File "/Users/macbook13/Documents/pharma_new/.venv/lib/python3.13/site-packages/starlette/routing.py", line 736, in app
    await route.handle(scope, receive, send)
  File "/Users/macbook13/Documents/pharma_new/.venv/lib/python3.13/site-packages/starlette/routing.py", line 290, in handle
    await self.app(scope, receive, send)
  File "/Users/macbook13/Documents/pharma_new/.venv/lib/python3.13/site-packages/fastapi/routing.py", line 119, in app
    await wrap_app_handling_exceptions(app, request)(scope, receive, send)
  File "/Users/macbook13/Documents/pharma_new/.venv/lib/python3.13/site-packages/starlette/_exception_handler.py", line 53, in wrapped_app
    raise exc
  File "/Users/macbook13/Documents/pharma_new/.venv/lib/python3.13/site-packages/starlette/_exception_handler.py", line 42, in wrapped_app
    await app(scope, receive, sender)
  File "/Users/macbook13/Documents/pharma_new/.venv/lib/python3.13/site-packages/fastapi/routing.py", line 105, in app
    response = await f(request)
               ^^^^^^^^^^^^^^^^
  File "/Users/macbook13/Documents/pharma_new/.venv/lib/python3.13/site-packages/fastapi/routing.py", line 424, in app
    raw_response = await run_endpoint_function(
                   ^^^^^^^^^^^^^^^^^^^^^^^^^^^^
    ...<3 lines>...
    )
    ^
  File "/Users/macbook13/Documents/pharma_new/.venv/lib/python3.13/site-packages/fastapi/routing.py", line 312, in run_endpoint_function
    return await dependant.call(**values)
           ^^^^^^^^^^^^^^^^^^^^^^^^^^^^^^
  File "/Users/macbook13/Documents/pharma_new/backend/app/api/v1/endpoints/reports.py", line 72, in get_comprehensive_reports
    func.case(
    ~~~~~~~~~^
        (BonusLedger.ledger_type == "accrual", BonusLedger.amount),
        ^^^^^^^^^^^^^^^^^^^^^^^^^^^^^^^^^^^^^^^^^^^^^^^^^^^^^^^^^^^
        else_=0
        ^^^^^^^
    )
    ^
  File "/Users/macbook13/Documents/pharma_new/.venv/lib/python3.13/site-packages/sqlalchemy/sql/functions.py", line 995, in __call__
    return Function(
        self.__names[-1], packagenames=tuple(self.__names[0:-1]), *c, **o
    )
TypeError: Function.__init__() got an unexpected keyword argument 'else_'
\n--- ERROR AT http://localhost:8000/api/v1/domain/analytics/reports?start_date=2026-04-01&end_date=2026-04-30&period=monthly ---\nTraceback (most recent call last):
  File "/Users/macbook13/Documents/pharma_new/.venv/lib/python3.13/site-packages/starlette/middleware/errors.py", line 164, in __call__
    await self.app(scope, receive, _send)
  File "/Users/macbook13/Documents/pharma_new/.venv/lib/python3.13/site-packages/starlette/middleware/cors.py", line 95, in __call__
    await self.simple_response(scope, receive, send, request_headers=headers)
  File "/Users/macbook13/Documents/pharma_new/.venv/lib/python3.13/site-packages/starlette/middleware/cors.py", line 153, in simple_response
    await self.app(scope, receive, send)
  File "/Users/macbook13/Documents/pharma_new/.venv/lib/python3.13/site-packages/starlette/middleware/exceptions.py", line 63, in __call__
    await wrap_app_handling_exceptions(self.app, conn)(scope, receive, send)
  File "/Users/macbook13/Documents/pharma_new/.venv/lib/python3.13/site-packages/starlette/_exception_handler.py", line 53, in wrapped_app
    raise exc
  File "/Users/macbook13/Documents/pharma_new/.venv/lib/python3.13/site-packages/starlette/_exception_handler.py", line 42, in wrapped_app
    await app(scope, receive, sender)
  File "/Users/macbook13/Documents/pharma_new/.venv/lib/python3.13/site-packages/fastapi/middleware/asyncexitstack.py", line 18, in __call__
    await self.app(scope, receive, send)
  File "/Users/macbook13/Documents/pharma_new/.venv/lib/python3.13/site-packages/starlette/routing.py", line 716, in __call__
    await self.middleware_stack(scope, receive, send)
  File "/Users/macbook13/Documents/pharma_new/.venv/lib/python3.13/site-packages/starlette/routing.py", line 736, in app
    await route.handle(scope, receive, send)
  File "/Users/macbook13/Documents/pharma_new/.venv/lib/python3.13/site-packages/starlette/routing.py", line 290, in handle
    await self.app(scope, receive, send)
  File "/Users/macbook13/Documents/pharma_new/.venv/lib/python3.13/site-packages/fastapi/routing.py", line 119, in app
    await wrap_app_handling_exceptions(app, request)(scope, receive, send)
  File "/Users/macbook13/Documents/pharma_new/.venv/lib/python3.13/site-packages/starlette/_exception_handler.py", line 53, in wrapped_app
    raise exc
  File "/Users/macbook13/Documents/pharma_new/.venv/lib/python3.13/site-packages/starlette/_exception_handler.py", line 42, in wrapped_app
    await app(scope, receive, sender)
  File "/Users/macbook13/Documents/pharma_new/.venv/lib/python3.13/site-packages/fastapi/routing.py", line 105, in app
    response = await f(request)
               ^^^^^^^^^^^^^^^^
  File "/Users/macbook13/Documents/pharma_new/.venv/lib/python3.13/site-packages/fastapi/routing.py", line 424, in app
    raw_response = await run_endpoint_function(
                   ^^^^^^^^^^^^^^^^^^^^^^^^^^^^
    ...<3 lines>...
    )
    ^
  File "/Users/macbook13/Documents/pharma_new/.venv/lib/python3.13/site-packages/fastapi/routing.py", line 312, in run_endpoint_function
    return await dependant.call(**values)
           ^^^^^^^^^^^^^^^^^^^^^^^^^^^^^^
  File "/Users/macbook13/Documents/pharma_new/backend/app/api/v1/endpoints/reports.py", line 72, in get_comprehensive_reports
    func.case(
    ~~~~~~~~~^
        (BonusLedger.ledger_type == "accrual", BonusLedger.amount),
        ^^^^^^^^^^^^^^^^^^^^^^^^^^^^^^^^^^^^^^^^^^^^^^^^^^^^^^^^^^^
        else_=0
        ^^^^^^^
    )
    ^
  File "/Users/macbook13/Documents/pharma_new/.venv/lib/python3.13/site-packages/sqlalchemy/sql/functions.py", line 995, in __call__
    return Function(
        self.__names[-1], packagenames=tuple(self.__names[0:-1]), *c, **o
    )
TypeError: Function.__init__() got an unexpected keyword argument 'else_'
\n--- ERROR AT http://localhost:8000/api/v1/domain/analytics/reports?start_date=2026-04-01&end_date=2026-04-30&period=monthly ---\nTraceback (most recent call last):
  File "/Users/macbook13/Documents/pharma_new/.venv/lib/python3.13/site-packages/starlette/middleware/errors.py", line 164, in __call__
    await self.app(scope, receive, _send)
  File "/Users/macbook13/Documents/pharma_new/.venv/lib/python3.13/site-packages/starlette/middleware/cors.py", line 95, in __call__
    await self.simple_response(scope, receive, send, request_headers=headers)
  File "/Users/macbook13/Documents/pharma_new/.venv/lib/python3.13/site-packages/starlette/middleware/cors.py", line 153, in simple_response
    await self.app(scope, receive, send)
  File "/Users/macbook13/Documents/pharma_new/.venv/lib/python3.13/site-packages/starlette/middleware/exceptions.py", line 63, in __call__
    await wrap_app_handling_exceptions(self.app, conn)(scope, receive, send)
  File "/Users/macbook13/Documents/pharma_new/.venv/lib/python3.13/site-packages/starlette/_exception_handler.py", line 53, in wrapped_app
    raise exc
  File "/Users/macbook13/Documents/pharma_new/.venv/lib/python3.13/site-packages/starlette/_exception_handler.py", line 42, in wrapped_app
    await app(scope, receive, sender)
  File "/Users/macbook13/Documents/pharma_new/.venv/lib/python3.13/site-packages/fastapi/middleware/asyncexitstack.py", line 18, in __call__
    await self.app(scope, receive, send)
  File "/Users/macbook13/Documents/pharma_new/.venv/lib/python3.13/site-packages/starlette/routing.py", line 716, in __call__
    await self.middleware_stack(scope, receive, send)
  File "/Users/macbook13/Documents/pharma_new/.venv/lib/python3.13/site-packages/starlette/routing.py", line 736, in app
    await route.handle(scope, receive, send)
  File "/Users/macbook13/Documents/pharma_new/.venv/lib/python3.13/site-packages/starlette/routing.py", line 290, in handle
    await self.app(scope, receive, send)
  File "/Users/macbook13/Documents/pharma_new/.venv/lib/python3.13/site-packages/fastapi/routing.py", line 119, in app
    await wrap_app_handling_exceptions(app, request)(scope, receive, send)
  File "/Users/macbook13/Documents/pharma_new/.venv/lib/python3.13/site-packages/starlette/_exception_handler.py", line 53, in wrapped_app
    raise exc
  File "/Users/macbook13/Documents/pharma_new/.venv/lib/python3.13/site-packages/starlette/_exception_handler.py", line 42, in wrapped_app
    await app(scope, receive, sender)
  File "/Users/macbook13/Documents/pharma_new/.venv/lib/python3.13/site-packages/fastapi/routing.py", line 105, in app
    response = await f(request)
               ^^^^^^^^^^^^^^^^
  File "/Users/macbook13/Documents/pharma_new/.venv/lib/python3.13/site-packages/fastapi/routing.py", line 424, in app
    raw_response = await run_endpoint_function(
                   ^^^^^^^^^^^^^^^^^^^^^^^^^^^^
    ...<3 lines>...
    )
    ^
  File "/Users/macbook13/Documents/pharma_new/.venv/lib/python3.13/site-packages/fastapi/routing.py", line 312, in run_endpoint_function
    return await dependant.call(**values)
           ^^^^^^^^^^^^^^^^^^^^^^^^^^^^^^
  File "/Users/macbook13/Documents/pharma_new/backend/app/api/v1/endpoints/reports.py", line 72, in get_comprehensive_reports
    func.case(
    ~~~~~~~~~^
        (BonusLedger.ledger_type == "accrual", BonusLedger.amount),
        ^^^^^^^^^^^^^^^^^^^^^^^^^^^^^^^^^^^^^^^^^^^^^^^^^^^^^^^^^^^
        else_=0
        ^^^^^^^
    )
    ^
  File "/Users/macbook13/Documents/pharma_new/.venv/lib/python3.13/site-packages/sqlalchemy/sql/functions.py", line 995, in __call__
    return Function(
        self.__names[-1], packagenames=tuple(self.__names[0:-1]), *c, **o
    )
TypeError: Function.__init__() got an unexpected keyword argument 'else_'
\n--- ERROR AT http://localhost:8000/api/v1/domain/analytics/reports?start_date=2026-04-01&end_date=2026-04-30&period=monthly ---\nTraceback (most recent call last):
  File "/Users/macbook13/Documents/pharma_new/.venv/lib/python3.13/site-packages/starlette/middleware/errors.py", line 164, in __call__
    await self.app(scope, receive, _send)
  File "/Users/macbook13/Documents/pharma_new/.venv/lib/python3.13/site-packages/starlette/middleware/cors.py", line 95, in __call__
    await self.simple_response(scope, receive, send, request_headers=headers)
  File "/Users/macbook13/Documents/pharma_new/.venv/lib/python3.13/site-packages/starlette/middleware/cors.py", line 153, in simple_response
    await self.app(scope, receive, send)
  File "/Users/macbook13/Documents/pharma_new/.venv/lib/python3.13/site-packages/starlette/middleware/exceptions.py", line 63, in __call__
    await wrap_app_handling_exceptions(self.app, conn)(scope, receive, send)
  File "/Users/macbook13/Documents/pharma_new/.venv/lib/python3.13/site-packages/starlette/_exception_handler.py", line 53, in wrapped_app
    raise exc
  File "/Users/macbook13/Documents/pharma_new/.venv/lib/python3.13/site-packages/starlette/_exception_handler.py", line 42, in wrapped_app
    await app(scope, receive, sender)
  File "/Users/macbook13/Documents/pharma_new/.venv/lib/python3.13/site-packages/fastapi/middleware/asyncexitstack.py", line 18, in __call__
    await self.app(scope, receive, send)
  File "/Users/macbook13/Documents/pharma_new/.venv/lib/python3.13/site-packages/starlette/routing.py", line 716, in __call__
    await self.middleware_stack(scope, receive, send)
  File "/Users/macbook13/Documents/pharma_new/.venv/lib/python3.13/site-packages/starlette/routing.py", line 736, in app
    await route.handle(scope, receive, send)
  File "/Users/macbook13/Documents/pharma_new/.venv/lib/python3.13/site-packages/starlette/routing.py", line 290, in handle
    await self.app(scope, receive, send)
  File "/Users/macbook13/Documents/pharma_new/.venv/lib/python3.13/site-packages/fastapi/routing.py", line 119, in app
    await wrap_app_handling_exceptions(app, request)(scope, receive, send)
  File "/Users/macbook13/Documents/pharma_new/.venv/lib/python3.13/site-packages/starlette/_exception_handler.py", line 53, in wrapped_app
    raise exc
  File "/Users/macbook13/Documents/pharma_new/.venv/lib/python3.13/site-packages/starlette/_exception_handler.py", line 42, in wrapped_app
    await app(scope, receive, sender)
  File "/Users/macbook13/Documents/pharma_new/.venv/lib/python3.13/site-packages/fastapi/routing.py", line 105, in app
    response = await f(request)
               ^^^^^^^^^^^^^^^^
  File "/Users/macbook13/Documents/pharma_new/.venv/lib/python3.13/site-packages/fastapi/routing.py", line 424, in app
    raw_response = await run_endpoint_function(
                   ^^^^^^^^^^^^^^^^^^^^^^^^^^^^
    ...<3 lines>...
    )
    ^
  File "/Users/macbook13/Documents/pharma_new/.venv/lib/python3.13/site-packages/fastapi/routing.py", line 312, in run_endpoint_function
    return await dependant.call(**values)
           ^^^^^^^^^^^^^^^^^^^^^^^^^^^^^^
  File "/Users/macbook13/Documents/pharma_new/backend/app/api/v1/endpoints/reports.py", line 72, in get_comprehensive_reports
    func.case(
    ~~~~~~~~~^
        (BonusLedger.ledger_type == "accrual", BonusLedger.amount),
        ^^^^^^^^^^^^^^^^^^^^^^^^^^^^^^^^^^^^^^^^^^^^^^^^^^^^^^^^^^^
        else_=0
        ^^^^^^^
    )
    ^
  File "/Users/macbook13/Documents/pharma_new/.venv/lib/python3.13/site-packages/sqlalchemy/sql/functions.py", line 995, in __call__
    return Function(
        self.__names[-1], packagenames=tuple(self.__names[0:-1]), *c, **o
    )
TypeError: Function.__init__() got an unexpected keyword argument 'else_'
\n--- ERROR AT http://localhost:8000/api/v1/domain/analytics/reports?start_date=2026-04-01&end_date=2026-04-30&period=monthly ---\nTraceback (most recent call last):
  File "/Users/macbook13/Documents/pharma_new/.venv/lib/python3.13/site-packages/starlette/middleware/errors.py", line 164, in __call__
    await self.app(scope, receive, _send)
  File "/Users/macbook13/Documents/pharma_new/.venv/lib/python3.13/site-packages/starlette/middleware/cors.py", line 95, in __call__
    await self.simple_response(scope, receive, send, request_headers=headers)
  File "/Users/macbook13/Documents/pharma_new/.venv/lib/python3.13/site-packages/starlette/middleware/cors.py", line 153, in simple_response
    await self.app(scope, receive, send)
  File "/Users/macbook13/Documents/pharma_new/.venv/lib/python3.13/site-packages/starlette/middleware/exceptions.py", line 63, in __call__
    await wrap_app_handling_exceptions(self.app, conn)(scope, receive, send)
  File "/Users/macbook13/Documents/pharma_new/.venv/lib/python3.13/site-packages/starlette/_exception_handler.py", line 53, in wrapped_app
    raise exc
  File "/Users/macbook13/Documents/pharma_new/.venv/lib/python3.13/site-packages/starlette/_exception_handler.py", line 42, in wrapped_app
    await app(scope, receive, sender)
  File "/Users/macbook13/Documents/pharma_new/.venv/lib/python3.13/site-packages/fastapi/middleware/asyncexitstack.py", line 18, in __call__
    await self.app(scope, receive, send)
  File "/Users/macbook13/Documents/pharma_new/.venv/lib/python3.13/site-packages/starlette/routing.py", line 716, in __call__
    await self.middleware_stack(scope, receive, send)
  File "/Users/macbook13/Documents/pharma_new/.venv/lib/python3.13/site-packages/starlette/routing.py", line 736, in app
    await route.handle(scope, receive, send)
  File "/Users/macbook13/Documents/pharma_new/.venv/lib/python3.13/site-packages/starlette/routing.py", line 290, in handle
    await self.app(scope, receive, send)
  File "/Users/macbook13/Documents/pharma_new/.venv/lib/python3.13/site-packages/fastapi/routing.py", line 119, in app
    await wrap_app_handling_exceptions(app, request)(scope, receive, send)
  File "/Users/macbook13/Documents/pharma_new/.venv/lib/python3.13/site-packages/starlette/_exception_handler.py", line 53, in wrapped_app
    raise exc
  File "/Users/macbook13/Documents/pharma_new/.venv/lib/python3.13/site-packages/starlette/_exception_handler.py", line 42, in wrapped_app
    await app(scope, receive, sender)
  File "/Users/macbook13/Documents/pharma_new/.venv/lib/python3.13/site-packages/fastapi/routing.py", line 105, in app
    response = await f(request)
               ^^^^^^^^^^^^^^^^
  File "/Users/macbook13/Documents/pharma_new/.venv/lib/python3.13/site-packages/fastapi/routing.py", line 424, in app
    raw_response = await run_endpoint_function(
                   ^^^^^^^^^^^^^^^^^^^^^^^^^^^^
    ...<3 lines>...
    )
    ^
  File "/Users/macbook13/Documents/pharma_new/.venv/lib/python3.13/site-packages/fastapi/routing.py", line 312, in run_endpoint_function
    return await dependant.call(**values)
           ^^^^^^^^^^^^^^^^^^^^^^^^^^^^^^
  File "/Users/macbook13/Documents/pharma_new/backend/app/api/v1/endpoints/reports.py", line 72, in get_comprehensive_reports
    func.case(
    ~~~~~~~~~^
        (BonusLedger.ledger_type == "accrual", BonusLedger.amount),
        ^^^^^^^^^^^^^^^^^^^^^^^^^^^^^^^^^^^^^^^^^^^^^^^^^^^^^^^^^^^
        else_=0
        ^^^^^^^
    )
    ^
  File "/Users/macbook13/Documents/pharma_new/.venv/lib/python3.13/site-packages/sqlalchemy/sql/functions.py", line 995, in __call__
    return Function(
        self.__names[-1], packagenames=tuple(self.__names[0:-1]), *c, **o
    )
TypeError: Function.__init__() got an unexpected keyword argument 'else_'
\n--- ERROR AT http://localhost:8000/api/v1/domain/analytics/reports?start_date=2026-07-01&end_date=2026-07-31&period=monthly ---\nTraceback (most recent call last):
  File "/Users/macbook13/Documents/pharma_new/.venv/lib/python3.13/site-packages/starlette/middleware/errors.py", line 164, in __call__
    await self.app(scope, receive, _send)
  File "/Users/macbook13/Documents/pharma_new/.venv/lib/python3.13/site-packages/starlette/middleware/cors.py", line 95, in __call__
    await self.simple_response(scope, receive, send, request_headers=headers)
  File "/Users/macbook13/Documents/pharma_new/.venv/lib/python3.13/site-packages/starlette/middleware/cors.py", line 153, in simple_response
    await self.app(scope, receive, send)
  File "/Users/macbook13/Documents/pharma_new/.venv/lib/python3.13/site-packages/starlette/middleware/exceptions.py", line 63, in __call__
    await wrap_app_handling_exceptions(self.app, conn)(scope, receive, send)
  File "/Users/macbook13/Documents/pharma_new/.venv/lib/python3.13/site-packages/starlette/_exception_handler.py", line 53, in wrapped_app
    raise exc
  File "/Users/macbook13/Documents/pharma_new/.venv/lib/python3.13/site-packages/starlette/_exception_handler.py", line 42, in wrapped_app
    await app(scope, receive, sender)
  File "/Users/macbook13/Documents/pharma_new/.venv/lib/python3.13/site-packages/fastapi/middleware/asyncexitstack.py", line 18, in __call__
    await self.app(scope, receive, send)
  File "/Users/macbook13/Documents/pharma_new/.venv/lib/python3.13/site-packages/starlette/routing.py", line 716, in __call__
    await self.middleware_stack(scope, receive, send)
  File "/Users/macbook13/Documents/pharma_new/.venv/lib/python3.13/site-packages/starlette/routing.py", line 736, in app
    await route.handle(scope, receive, send)
  File "/Users/macbook13/Documents/pharma_new/.venv/lib/python3.13/site-packages/starlette/routing.py", line 290, in handle
    await self.app(scope, receive, send)
  File "/Users/macbook13/Documents/pharma_new/.venv/lib/python3.13/site-packages/fastapi/routing.py", line 119, in app
    await wrap_app_handling_exceptions(app, request)(scope, receive, send)
  File "/Users/macbook13/Documents/pharma_new/.venv/lib/python3.13/site-packages/starlette/_exception_handler.py", line 53, in wrapped_app
    raise exc
  File "/Users/macbook13/Documents/pharma_new/.venv/lib/python3.13/site-packages/starlette/_exception_handler.py", line 42, in wrapped_app
    await app(scope, receive, sender)
  File "/Users/macbook13/Documents/pharma_new/.venv/lib/python3.13/site-packages/fastapi/routing.py", line 105, in app
    response = await f(request)
               ^^^^^^^^^^^^^^^^
  File "/Users/macbook13/Documents/pharma_new/.venv/lib/python3.13/site-packages/fastapi/routing.py", line 424, in app
    raw_response = await run_endpoint_function(
                   ^^^^^^^^^^^^^^^^^^^^^^^^^^^^
    ...<3 lines>...
    )
    ^
  File "/Users/macbook13/Documents/pharma_new/.venv/lib/python3.13/site-packages/fastapi/routing.py", line 312, in run_endpoint_function
    return await dependant.call(**values)
           ^^^^^^^^^^^^^^^^^^^^^^^^^^^^^^
  File "/Users/macbook13/Documents/pharma_new/backend/app/api/v1/endpoints/reports.py", line 72, in get_comprehensive_reports
    func.case(
    ~~~~~~~~~^
        (BonusLedger.ledger_type == "accrual", BonusLedger.amount),
        ^^^^^^^^^^^^^^^^^^^^^^^^^^^^^^^^^^^^^^^^^^^^^^^^^^^^^^^^^^^
        else_=0
        ^^^^^^^
    )
    ^
  File "/Users/macbook13/Documents/pharma_new/.venv/lib/python3.13/site-packages/sqlalchemy/sql/functions.py", line 995, in __call__
    return Function(
        self.__names[-1], packagenames=tuple(self.__names[0:-1]), *c, **o
    )
TypeError: Function.__init__() got an unexpected keyword argument 'else_'
\n--- ERROR AT http://localhost:8000/api/v1/domain/analytics/reports?start_date=2026-07-01&end_date=2026-07-31&period=monthly ---\nTraceback (most recent call last):
  File "/Users/macbook13/Documents/pharma_new/.venv/lib/python3.13/site-packages/starlette/middleware/errors.py", line 164, in __call__
    await self.app(scope, receive, _send)
  File "/Users/macbook13/Documents/pharma_new/.venv/lib/python3.13/site-packages/starlette/middleware/cors.py", line 95, in __call__
    await self.simple_response(scope, receive, send, request_headers=headers)
  File "/Users/macbook13/Documents/pharma_new/.venv/lib/python3.13/site-packages/starlette/middleware/cors.py", line 153, in simple_response
    await self.app(scope, receive, send)
  File "/Users/macbook13/Documents/pharma_new/.venv/lib/python3.13/site-packages/starlette/middleware/exceptions.py", line 63, in __call__
    await wrap_app_handling_exceptions(self.app, conn)(scope, receive, send)
  File "/Users/macbook13/Documents/pharma_new/.venv/lib/python3.13/site-packages/starlette/_exception_handler.py", line 53, in wrapped_app
    raise exc
  File "/Users/macbook13/Documents/pharma_new/.venv/lib/python3.13/site-packages/starlette/_exception_handler.py", line 42, in wrapped_app
    await app(scope, receive, sender)
  File "/Users/macbook13/Documents/pharma_new/.venv/lib/python3.13/site-packages/fastapi/middleware/asyncexitstack.py", line 18, in __call__
    await self.app(scope, receive, send)
  File "/Users/macbook13/Documents/pharma_new/.venv/lib/python3.13/site-packages/starlette/routing.py", line 716, in __call__
    await self.middleware_stack(scope, receive, send)
  File "/Users/macbook13/Documents/pharma_new/.venv/lib/python3.13/site-packages/starlette/routing.py", line 736, in app
    await route.handle(scope, receive, send)
  File "/Users/macbook13/Documents/pharma_new/.venv/lib/python3.13/site-packages/starlette/routing.py", line 290, in handle
    await self.app(scope, receive, send)
  File "/Users/macbook13/Documents/pharma_new/.venv/lib/python3.13/site-packages/fastapi/routing.py", line 119, in app
    await wrap_app_handling_exceptions(app, request)(scope, receive, send)
  File "/Users/macbook13/Documents/pharma_new/.venv/lib/python3.13/site-packages/starlette/_exception_handler.py", line 53, in wrapped_app
    raise exc
  File "/Users/macbook13/Documents/pharma_new/.venv/lib/python3.13/site-packages/starlette/_exception_handler.py", line 42, in wrapped_app
    await app(scope, receive, sender)
  File "/Users/macbook13/Documents/pharma_new/.venv/lib/python3.13/site-packages/fastapi/routing.py", line 105, in app
    response = await f(request)
               ^^^^^^^^^^^^^^^^
  File "/Users/macbook13/Documents/pharma_new/.venv/lib/python3.13/site-packages/fastapi/routing.py", line 424, in app
    raw_response = await run_endpoint_function(
                   ^^^^^^^^^^^^^^^^^^^^^^^^^^^^
    ...<3 lines>...
    )
    ^
  File "/Users/macbook13/Documents/pharma_new/.venv/lib/python3.13/site-packages/fastapi/routing.py", line 312, in run_endpoint_function
    return await dependant.call(**values)
           ^^^^^^^^^^^^^^^^^^^^^^^^^^^^^^
  File "/Users/macbook13/Documents/pharma_new/backend/app/api/v1/endpoints/reports.py", line 72, in get_comprehensive_reports
    func.case(
    ~~~~~~~~~^
        (BonusLedger.ledger_type == "accrual", BonusLedger.amount),
        ^^^^^^^^^^^^^^^^^^^^^^^^^^^^^^^^^^^^^^^^^^^^^^^^^^^^^^^^^^^
        else_=0
        ^^^^^^^
    )
    ^
  File "/Users/macbook13/Documents/pharma_new/.venv/lib/python3.13/site-packages/sqlalchemy/sql/functions.py", line 995, in __call__
    return Function(
        self.__names[-1], packagenames=tuple(self.__names[0:-1]), *c, **o
    )
TypeError: Function.__init__() got an unexpected keyword argument 'else_'
\n--- ERROR AT http://localhost:8000/api/v1/domain/analytics/reports?start_date=2026-07-01&end_date=2026-07-31&period=monthly ---\nTraceback (most recent call last):
  File "/Users/macbook13/Documents/pharma_new/.venv/lib/python3.13/site-packages/starlette/middleware/errors.py", line 164, in __call__
    await self.app(scope, receive, _send)
  File "/Users/macbook13/Documents/pharma_new/.venv/lib/python3.13/site-packages/starlette/middleware/cors.py", line 95, in __call__
    await self.simple_response(scope, receive, send, request_headers=headers)
  File "/Users/macbook13/Documents/pharma_new/.venv/lib/python3.13/site-packages/starlette/middleware/cors.py", line 153, in simple_response
    await self.app(scope, receive, send)
  File "/Users/macbook13/Documents/pharma_new/.venv/lib/python3.13/site-packages/starlette/middleware/exceptions.py", line 63, in __call__
    await wrap_app_handling_exceptions(self.app, conn)(scope, receive, send)
  File "/Users/macbook13/Documents/pharma_new/.venv/lib/python3.13/site-packages/starlette/_exception_handler.py", line 53, in wrapped_app
    raise exc
  File "/Users/macbook13/Documents/pharma_new/.venv/lib/python3.13/site-packages/starlette/_exception_handler.py", line 42, in wrapped_app
    await app(scope, receive, sender)
  File "/Users/macbook13/Documents/pharma_new/.venv/lib/python3.13/site-packages/fastapi/middleware/asyncexitstack.py", line 18, in __call__
    await self.app(scope, receive, send)
  File "/Users/macbook13/Documents/pharma_new/.venv/lib/python3.13/site-packages/starlette/routing.py", line 716, in __call__
    await self.middleware_stack(scope, receive, send)
  File "/Users/macbook13/Documents/pharma_new/.venv/lib/python3.13/site-packages/starlette/routing.py", line 736, in app
    await route.handle(scope, receive, send)
  File "/Users/macbook13/Documents/pharma_new/.venv/lib/python3.13/site-packages/starlette/routing.py", line 290, in handle
    await self.app(scope, receive, send)
  File "/Users/macbook13/Documents/pharma_new/.venv/lib/python3.13/site-packages/fastapi/routing.py", line 119, in app
    await wrap_app_handling_exceptions(app, request)(scope, receive, send)
  File "/Users/macbook13/Documents/pharma_new/.venv/lib/python3.13/site-packages/starlette/_exception_handler.py", line 53, in wrapped_app
    raise exc
  File "/Users/macbook13/Documents/pharma_new/.venv/lib/python3.13/site-packages/starlette/_exception_handler.py", line 42, in wrapped_app
    await app(scope, receive, sender)
  File "/Users/macbook13/Documents/pharma_new/.venv/lib/python3.13/site-packages/fastapi/routing.py", line 105, in app
    response = await f(request)
               ^^^^^^^^^^^^^^^^
  File "/Users/macbook13/Documents/pharma_new/.venv/lib/python3.13/site-packages/fastapi/routing.py", line 424, in app
    raw_response = await run_endpoint_function(
                   ^^^^^^^^^^^^^^^^^^^^^^^^^^^^
    ...<3 lines>...
    )
    ^
  File "/Users/macbook13/Documents/pharma_new/.venv/lib/python3.13/site-packages/fastapi/routing.py", line 312, in run_endpoint_function
    return await dependant.call(**values)
           ^^^^^^^^^^^^^^^^^^^^^^^^^^^^^^
  File "/Users/macbook13/Documents/pharma_new/backend/app/api/v1/endpoints/reports.py", line 72, in get_comprehensive_reports
    func.case(
    ~~~~~~~~~^
        (BonusLedger.ledger_type == "accrual", BonusLedger.amount),
        ^^^^^^^^^^^^^^^^^^^^^^^^^^^^^^^^^^^^^^^^^^^^^^^^^^^^^^^^^^^
        else_=0
        ^^^^^^^
    )
    ^
  File "/Users/macbook13/Documents/pharma_new/.venv/lib/python3.13/site-packages/sqlalchemy/sql/functions.py", line 995, in __call__
    return Function(
        self.__names[-1], packagenames=tuple(self.__names[0:-1]), *c, **o
    )
TypeError: Function.__init__() got an unexpected keyword argument 'else_'
\n--- ERROR AT http://localhost:8000/api/v1/domain/analytics/reports?start_date=2025-07-01&end_date=2025-07-31&period=monthly ---\nTraceback (most recent call last):
  File "/Users/macbook13/Documents/pharma_new/.venv/lib/python3.13/site-packages/starlette/middleware/errors.py", line 164, in __call__
    await self.app(scope, receive, _send)
  File "/Users/macbook13/Documents/pharma_new/.venv/lib/python3.13/site-packages/starlette/middleware/cors.py", line 95, in __call__
    await self.simple_response(scope, receive, send, request_headers=headers)
  File "/Users/macbook13/Documents/pharma_new/.venv/lib/python3.13/site-packages/starlette/middleware/cors.py", line 153, in simple_response
    await self.app(scope, receive, send)
  File "/Users/macbook13/Documents/pharma_new/.venv/lib/python3.13/site-packages/starlette/middleware/exceptions.py", line 63, in __call__
    await wrap_app_handling_exceptions(self.app, conn)(scope, receive, send)
  File "/Users/macbook13/Documents/pharma_new/.venv/lib/python3.13/site-packages/starlette/_exception_handler.py", line 53, in wrapped_app
    raise exc
  File "/Users/macbook13/Documents/pharma_new/.venv/lib/python3.13/site-packages/starlette/_exception_handler.py", line 42, in wrapped_app
    await app(scope, receive, sender)
  File "/Users/macbook13/Documents/pharma_new/.venv/lib/python3.13/site-packages/fastapi/middleware/asyncexitstack.py", line 18, in __call__
    await self.app(scope, receive, send)
  File "/Users/macbook13/Documents/pharma_new/.venv/lib/python3.13/site-packages/starlette/routing.py", line 716, in __call__
    await self.middleware_stack(scope, receive, send)
  File "/Users/macbook13/Documents/pharma_new/.venv/lib/python3.13/site-packages/starlette/routing.py", line 736, in app
    await route.handle(scope, receive, send)
  File "/Users/macbook13/Documents/pharma_new/.venv/lib/python3.13/site-packages/starlette/routing.py", line 290, in handle
    await self.app(scope, receive, send)
  File "/Users/macbook13/Documents/pharma_new/.venv/lib/python3.13/site-packages/fastapi/routing.py", line 119, in app
    await wrap_app_handling_exceptions(app, request)(scope, receive, send)
  File "/Users/macbook13/Documents/pharma_new/.venv/lib/python3.13/site-packages/starlette/_exception_handler.py", line 53, in wrapped_app
    raise exc
  File "/Users/macbook13/Documents/pharma_new/.venv/lib/python3.13/site-packages/starlette/_exception_handler.py", line 42, in wrapped_app
    await app(scope, receive, sender)
  File "/Users/macbook13/Documents/pharma_new/.venv/lib/python3.13/site-packages/fastapi/routing.py", line 105, in app
    response = await f(request)
               ^^^^^^^^^^^^^^^^
  File "/Users/macbook13/Documents/pharma_new/.venv/lib/python3.13/site-packages/fastapi/routing.py", line 424, in app
    raw_response = await run_endpoint_function(
                   ^^^^^^^^^^^^^^^^^^^^^^^^^^^^
    ...<3 lines>...
    )
    ^
  File "/Users/macbook13/Documents/pharma_new/.venv/lib/python3.13/site-packages/fastapi/routing.py", line 312, in run_endpoint_function
    return await dependant.call(**values)
           ^^^^^^^^^^^^^^^^^^^^^^^^^^^^^^
  File "/Users/macbook13/Documents/pharma_new/backend/app/api/v1/endpoints/reports.py", line 72, in get_comprehensive_reports
    func.case(
    ~~~~~~~~~^
        (BonusLedger.ledger_type == "accrual", BonusLedger.amount),
        ^^^^^^^^^^^^^^^^^^^^^^^^^^^^^^^^^^^^^^^^^^^^^^^^^^^^^^^^^^^
        else_=0
        ^^^^^^^
    )
    ^
  File "/Users/macbook13/Documents/pharma_new/.venv/lib/python3.13/site-packages/sqlalchemy/sql/functions.py", line 995, in __call__
    return Function(
        self.__names[-1], packagenames=tuple(self.__names[0:-1]), *c, **o
    )
TypeError: Function.__init__() got an unexpected keyword argument 'else_'
\n--- ERROR AT http://localhost:8000/api/v1/domain/analytics/reports?start_date=2025-07-01&end_date=2025-07-31&period=monthly ---\nTraceback (most recent call last):
  File "/Users/macbook13/Documents/pharma_new/.venv/lib/python3.13/site-packages/starlette/middleware/errors.py", line 164, in __call__
    await self.app(scope, receive, _send)
  File "/Users/macbook13/Documents/pharma_new/.venv/lib/python3.13/site-packages/starlette/middleware/cors.py", line 95, in __call__
    await self.simple_response(scope, receive, send, request_headers=headers)
  File "/Users/macbook13/Documents/pharma_new/.venv/lib/python3.13/site-packages/starlette/middleware/cors.py", line 153, in simple_response
    await self.app(scope, receive, send)
  File "/Users/macbook13/Documents/pharma_new/.venv/lib/python3.13/site-packages/starlette/middleware/exceptions.py", line 63, in __call__
    await wrap_app_handling_exceptions(self.app, conn)(scope, receive, send)
  File "/Users/macbook13/Documents/pharma_new/.venv/lib/python3.13/site-packages/starlette/_exception_handler.py", line 53, in wrapped_app
    raise exc
  File "/Users/macbook13/Documents/pharma_new/.venv/lib/python3.13/site-packages/starlette/_exception_handler.py", line 42, in wrapped_app
    await app(scope, receive, sender)
  File "/Users/macbook13/Documents/pharma_new/.venv/lib/python3.13/site-packages/fastapi/middleware/asyncexitstack.py", line 18, in __call__
    await self.app(scope, receive, send)
  File "/Users/macbook13/Documents/pharma_new/.venv/lib/python3.13/site-packages/starlette/routing.py", line 716, in __call__
    await self.middleware_stack(scope, receive, send)
  File "/Users/macbook13/Documents/pharma_new/.venv/lib/python3.13/site-packages/starlette/routing.py", line 736, in app
    await route.handle(scope, receive, send)
  File "/Users/macbook13/Documents/pharma_new/.venv/lib/python3.13/site-packages/starlette/routing.py", line 290, in handle
    await self.app(scope, receive, send)
  File "/Users/macbook13/Documents/pharma_new/.venv/lib/python3.13/site-packages/fastapi/routing.py", line 119, in app
    await wrap_app_handling_exceptions(app, request)(scope, receive, send)
  File "/Users/macbook13/Documents/pharma_new/.venv/lib/python3.13/site-packages/starlette/_exception_handler.py", line 53, in wrapped_app
    raise exc
  File "/Users/macbook13/Documents/pharma_new/.venv/lib/python3.13/site-packages/starlette/_exception_handler.py", line 42, in wrapped_app
    await app(scope, receive, sender)
  File "/Users/macbook13/Documents/pharma_new/.venv/lib/python3.13/site-packages/fastapi/routing.py", line 105, in app
    response = await f(request)
               ^^^^^^^^^^^^^^^^
  File "/Users/macbook13/Documents/pharma_new/.venv/lib/python3.13/site-packages/fastapi/routing.py", line 424, in app
    raw_response = await run_endpoint_function(
                   ^^^^^^^^^^^^^^^^^^^^^^^^^^^^
    ...<3 lines>...
    )
    ^
  File "/Users/macbook13/Documents/pharma_new/.venv/lib/python3.13/site-packages/fastapi/routing.py", line 312, in run_endpoint_function
    return await dependant.call(**values)
           ^^^^^^^^^^^^^^^^^^^^^^^^^^^^^^
  File "/Users/macbook13/Documents/pharma_new/backend/app/api/v1/endpoints/reports.py", line 72, in get_comprehensive_reports
    func.case(
    ~~~~~~~~~^
        (BonusLedger.ledger_type == "accrual", BonusLedger.amount),
        ^^^^^^^^^^^^^^^^^^^^^^^^^^^^^^^^^^^^^^^^^^^^^^^^^^^^^^^^^^^
        else_=0
        ^^^^^^^
    )
    ^
  File "/Users/macbook13/Documents/pharma_new/.venv/lib/python3.13/site-packages/sqlalchemy/sql/functions.py", line 995, in __call__
    return Function(
        self.__names[-1], packagenames=tuple(self.__names[0:-1]), *c, **o
    )
TypeError: Function.__init__() got an unexpected keyword argument 'else_'
\n--- ERROR AT http://localhost:8000/api/v1/domain/analytics/reports?start_date=2025-07-01&end_date=2025-07-31&period=monthly ---\nTraceback (most recent call last):
  File "/Users/macbook13/Documents/pharma_new/.venv/lib/python3.13/site-packages/starlette/middleware/errors.py", line 164, in __call__
    await self.app(scope, receive, _send)
  File "/Users/macbook13/Documents/pharma_new/.venv/lib/python3.13/site-packages/starlette/middleware/cors.py", line 95, in __call__
    await self.simple_response(scope, receive, send, request_headers=headers)
  File "/Users/macbook13/Documents/pharma_new/.venv/lib/python3.13/site-packages/starlette/middleware/cors.py", line 153, in simple_response
    await self.app(scope, receive, send)
  File "/Users/macbook13/Documents/pharma_new/.venv/lib/python3.13/site-packages/starlette/middleware/exceptions.py", line 63, in __call__
    await wrap_app_handling_exceptions(self.app, conn)(scope, receive, send)
  File "/Users/macbook13/Documents/pharma_new/.venv/lib/python3.13/site-packages/starlette/_exception_handler.py", line 53, in wrapped_app
    raise exc
  File "/Users/macbook13/Documents/pharma_new/.venv/lib/python3.13/site-packages/starlette/_exception_handler.py", line 42, in wrapped_app
    await app(scope, receive, sender)
  File "/Users/macbook13/Documents/pharma_new/.venv/lib/python3.13/site-packages/fastapi/middleware/asyncexitstack.py", line 18, in __call__
    await self.app(scope, receive, send)
  File "/Users/macbook13/Documents/pharma_new/.venv/lib/python3.13/site-packages/starlette/routing.py", line 716, in __call__
    await self.middleware_stack(scope, receive, send)
  File "/Users/macbook13/Documents/pharma_new/.venv/lib/python3.13/site-packages/starlette/routing.py", line 736, in app
    await route.handle(scope, receive, send)
  File "/Users/macbook13/Documents/pharma_new/.venv/lib/python3.13/site-packages/starlette/routing.py", line 290, in handle
    await self.app(scope, receive, send)
  File "/Users/macbook13/Documents/pharma_new/.venv/lib/python3.13/site-packages/fastapi/routing.py", line 119, in app
    await wrap_app_handling_exceptions(app, request)(scope, receive, send)
  File "/Users/macbook13/Documents/pharma_new/.venv/lib/python3.13/site-packages/starlette/_exception_handler.py", line 53, in wrapped_app
    raise exc
  File "/Users/macbook13/Documents/pharma_new/.venv/lib/python3.13/site-packages/starlette/_exception_handler.py", line 42, in wrapped_app
    await app(scope, receive, sender)
  File "/Users/macbook13/Documents/pharma_new/.venv/lib/python3.13/site-packages/fastapi/routing.py", line 105, in app
    response = await f(request)
               ^^^^^^^^^^^^^^^^
  File "/Users/macbook13/Documents/pharma_new/.venv/lib/python3.13/site-packages/fastapi/routing.py", line 424, in app
    raw_response = await run_endpoint_function(
                   ^^^^^^^^^^^^^^^^^^^^^^^^^^^^
    ...<3 lines>...
    )
    ^
  File "/Users/macbook13/Documents/pharma_new/.venv/lib/python3.13/site-packages/fastapi/routing.py", line 312, in run_endpoint_function
    return await dependant.call(**values)
           ^^^^^^^^^^^^^^^^^^^^^^^^^^^^^^
  File "/Users/macbook13/Documents/pharma_new/backend/app/api/v1/endpoints/reports.py", line 72, in get_comprehensive_reports
    func.case(
    ~~~~~~~~~^
        (BonusLedger.ledger_type == "accrual", BonusLedger.amount),
        ^^^^^^^^^^^^^^^^^^^^^^^^^^^^^^^^^^^^^^^^^^^^^^^^^^^^^^^^^^^
        else_=0
        ^^^^^^^
    )
    ^
  File "/Users/macbook13/Documents/pharma_new/.venv/lib/python3.13/site-packages/sqlalchemy/sql/functions.py", line 995, in __call__
    return Function(
        self.__names[-1], packagenames=tuple(self.__names[0:-1]), *c, **o
    )
TypeError: Function.__init__() got an unexpected keyword argument 'else_'
\n--- ERROR AT http://localhost:8000/api/v1/domain/analytics/reports?start_date=2025-07-01&end_date=2025-07-31&period=monthly ---\nTraceback (most recent call last):
  File "/Users/macbook13/Documents/pharma_new/.venv/lib/python3.13/site-packages/starlette/middleware/errors.py", line 164, in __call__
    await self.app(scope, receive, _send)
  File "/Users/macbook13/Documents/pharma_new/.venv/lib/python3.13/site-packages/starlette/middleware/cors.py", line 95, in __call__
    await self.simple_response(scope, receive, send, request_headers=headers)
  File "/Users/macbook13/Documents/pharma_new/.venv/lib/python3.13/site-packages/starlette/middleware/cors.py", line 153, in simple_response
    await self.app(scope, receive, send)
  File "/Users/macbook13/Documents/pharma_new/.venv/lib/python3.13/site-packages/starlette/middleware/exceptions.py", line 63, in __call__
    await wrap_app_handling_exceptions(self.app, conn)(scope, receive, send)
  File "/Users/macbook13/Documents/pharma_new/.venv/lib/python3.13/site-packages/starlette/_exception_handler.py", line 53, in wrapped_app
    raise exc
  File "/Users/macbook13/Documents/pharma_new/.venv/lib/python3.13/site-packages/starlette/_exception_handler.py", line 42, in wrapped_app
    await app(scope, receive, sender)
  File "/Users/macbook13/Documents/pharma_new/.venv/lib/python3.13/site-packages/fastapi/middleware/asyncexitstack.py", line 18, in __call__
    await self.app(scope, receive, send)
  File "/Users/macbook13/Documents/pharma_new/.venv/lib/python3.13/site-packages/starlette/routing.py", line 716, in __call__
    await self.middleware_stack(scope, receive, send)
  File "/Users/macbook13/Documents/pharma_new/.venv/lib/python3.13/site-packages/starlette/routing.py", line 736, in app
    await route.handle(scope, receive, send)
  File "/Users/macbook13/Documents/pharma_new/.venv/lib/python3.13/site-packages/starlette/routing.py", line 290, in handle
    await self.app(scope, receive, send)
  File "/Users/macbook13/Documents/pharma_new/.venv/lib/python3.13/site-packages/fastapi/routing.py", line 119, in app
    await wrap_app_handling_exceptions(app, request)(scope, receive, send)
  File "/Users/macbook13/Documents/pharma_new/.venv/lib/python3.13/site-packages/starlette/_exception_handler.py", line 53, in wrapped_app
    raise exc
  File "/Users/macbook13/Documents/pharma_new/.venv/lib/python3.13/site-packages/starlette/_exception_handler.py", line 42, in wrapped_app
    await app(scope, receive, sender)
  File "/Users/macbook13/Documents/pharma_new/.venv/lib/python3.13/site-packages/fastapi/routing.py", line 105, in app
    response = await f(request)
               ^^^^^^^^^^^^^^^^
  File "/Users/macbook13/Documents/pharma_new/.venv/lib/python3.13/site-packages/fastapi/routing.py", line 424, in app
    raw_response = await run_endpoint_function(
                   ^^^^^^^^^^^^^^^^^^^^^^^^^^^^
    ...<3 lines>...
    )
    ^
  File "/Users/macbook13/Documents/pharma_new/.venv/lib/python3.13/site-packages/fastapi/routing.py", line 312, in run_endpoint_function
    return await dependant.call(**values)
           ^^^^^^^^^^^^^^^^^^^^^^^^^^^^^^
  File "/Users/macbook13/Documents/pharma_new/backend/app/api/v1/endpoints/reports.py", line 49, in get_comprehensive_reports
    Plan.year >= start_year,
                 ^^^^^^^^^^
NameError: name 'start_year' is not defined
\n--- ERROR AT http://localhost:8000/api/v1/domain/analytics/reports?start_date=2025-07-01&end_date=2025-07-31&period=monthly ---\nTraceback (most recent call last):
  File "/Users/macbook13/Documents/pharma_new/.venv/lib/python3.13/site-packages/starlette/middleware/errors.py", line 164, in __call__
    await self.app(scope, receive, _send)
  File "/Users/macbook13/Documents/pharma_new/.venv/lib/python3.13/site-packages/starlette/middleware/cors.py", line 95, in __call__
    await self.simple_response(scope, receive, send, request_headers=headers)
  File "/Users/macbook13/Documents/pharma_new/.venv/lib/python3.13/site-packages/starlette/middleware/cors.py", line 153, in simple_response
    await self.app(scope, receive, send)
  File "/Users/macbook13/Documents/pharma_new/.venv/lib/python3.13/site-packages/starlette/middleware/exceptions.py", line 63, in __call__
    await wrap_app_handling_exceptions(self.app, conn)(scope, receive, send)
  File "/Users/macbook13/Documents/pharma_new/.venv/lib/python3.13/site-packages/starlette/_exception_handler.py", line 53, in wrapped_app
    raise exc
  File "/Users/macbook13/Documents/pharma_new/.venv/lib/python3.13/site-packages/starlette/_exception_handler.py", line 42, in wrapped_app
    await app(scope, receive, sender)
  File "/Users/macbook13/Documents/pharma_new/.venv/lib/python3.13/site-packages/fastapi/middleware/asyncexitstack.py", line 18, in __call__
    await self.app(scope, receive, send)
  File "/Users/macbook13/Documents/pharma_new/.venv/lib/python3.13/site-packages/starlette/routing.py", line 716, in __call__
    await self.middleware_stack(scope, receive, send)
  File "/Users/macbook13/Documents/pharma_new/.venv/lib/python3.13/site-packages/starlette/routing.py", line 736, in app
    await route.handle(scope, receive, send)
  File "/Users/macbook13/Documents/pharma_new/.venv/lib/python3.13/site-packages/starlette/routing.py", line 290, in handle
    await self.app(scope, receive, send)
  File "/Users/macbook13/Documents/pharma_new/.venv/lib/python3.13/site-packages/fastapi/routing.py", line 119, in app
    await wrap_app_handling_exceptions(app, request)(scope, receive, send)
  File "/Users/macbook13/Documents/pharma_new/.venv/lib/python3.13/site-packages/starlette/_exception_handler.py", line 53, in wrapped_app
    raise exc
  File "/Users/macbook13/Documents/pharma_new/.venv/lib/python3.13/site-packages/starlette/_exception_handler.py", line 42, in wrapped_app
    await app(scope, receive, sender)
  File "/Users/macbook13/Documents/pharma_new/.venv/lib/python3.13/site-packages/fastapi/routing.py", line 105, in app
    response = await f(request)
               ^^^^^^^^^^^^^^^^
  File "/Users/macbook13/Documents/pharma_new/.venv/lib/python3.13/site-packages/fastapi/routing.py", line 424, in app
    raw_response = await run_endpoint_function(
                   ^^^^^^^^^^^^^^^^^^^^^^^^^^^^
    ...<3 lines>...
    )
    ^
  File "/Users/macbook13/Documents/pharma_new/.venv/lib/python3.13/site-packages/fastapi/routing.py", line 312, in run_endpoint_function
    return await dependant.call(**values)
           ^^^^^^^^^^^^^^^^^^^^^^^^^^^^^^
  File "/Users/macbook13/Documents/pharma_new/backend/app/api/v1/endpoints/reports.py", line 49, in get_comprehensive_reports
    Plan.year >= start_year,
                 ^^^^^^^^^^
NameError: name 'start_year' is not defined
\n--- ERROR AT http://localhost:8000/api/v1/domain/analytics/reports?start_date=2026-03-01&end_date=2026-03-31&period=monthly ---\nTraceback (most recent call last):
  File "/Users/macbook13/Documents/pharma_new/.venv/lib/python3.13/site-packages/starlette/middleware/errors.py", line 164, in __call__
    await self.app(scope, receive, _send)
  File "/Users/macbook13/Documents/pharma_new/.venv/lib/python3.13/site-packages/starlette/middleware/cors.py", line 95, in __call__
    await self.simple_response(scope, receive, send, request_headers=headers)
  File "/Users/macbook13/Documents/pharma_new/.venv/lib/python3.13/site-packages/starlette/middleware/cors.py", line 153, in simple_response
    await self.app(scope, receive, send)
  File "/Users/macbook13/Documents/pharma_new/.venv/lib/python3.13/site-packages/starlette/middleware/exceptions.py", line 63, in __call__
    await wrap_app_handling_exceptions(self.app, conn)(scope, receive, send)
  File "/Users/macbook13/Documents/pharma_new/.venv/lib/python3.13/site-packages/starlette/_exception_handler.py", line 53, in wrapped_app
    raise exc
  File "/Users/macbook13/Documents/pharma_new/.venv/lib/python3.13/site-packages/starlette/_exception_handler.py", line 42, in wrapped_app
    await app(scope, receive, sender)
  File "/Users/macbook13/Documents/pharma_new/.venv/lib/python3.13/site-packages/fastapi/middleware/asyncexitstack.py", line 18, in __call__
    await self.app(scope, receive, send)
  File "/Users/macbook13/Documents/pharma_new/.venv/lib/python3.13/site-packages/starlette/routing.py", line 716, in __call__
    await self.middleware_stack(scope, receive, send)
  File "/Users/macbook13/Documents/pharma_new/.venv/lib/python3.13/site-packages/starlette/routing.py", line 736, in app
    await route.handle(scope, receive, send)
  File "/Users/macbook13/Documents/pharma_new/.venv/lib/python3.13/site-packages/starlette/routing.py", line 290, in handle
    await self.app(scope, receive, send)
  File "/Users/macbook13/Documents/pharma_new/.venv/lib/python3.13/site-packages/fastapi/routing.py", line 119, in app
    await wrap_app_handling_exceptions(app, request)(scope, receive, send)
  File "/Users/macbook13/Documents/pharma_new/.venv/lib/python3.13/site-packages/starlette/_exception_handler.py", line 53, in wrapped_app
    raise exc
  File "/Users/macbook13/Documents/pharma_new/.venv/lib/python3.13/site-packages/starlette/_exception_handler.py", line 42, in wrapped_app
    await app(scope, receive, sender)
  File "/Users/macbook13/Documents/pharma_new/.venv/lib/python3.13/site-packages/fastapi/routing.py", line 105, in app
    response = await f(request)
               ^^^^^^^^^^^^^^^^
  File "/Users/macbook13/Documents/pharma_new/.venv/lib/python3.13/site-packages/fastapi/routing.py", line 424, in app
    raw_response = await run_endpoint_function(
                   ^^^^^^^^^^^^^^^^^^^^^^^^^^^^
    ...<3 lines>...
    )
    ^
  File "/Users/macbook13/Documents/pharma_new/.venv/lib/python3.13/site-packages/fastapi/routing.py", line 312, in run_endpoint_function
    return await dependant.call(**values)
           ^^^^^^^^^^^^^^^^^^^^^^^^^^^^^^
  File "/Users/macbook13/Documents/pharma_new/backend/app/api/v1/endpoints/reports.py", line 49, in get_comprehensive_reports
    Plan.year >= start_year,
                 ^^^^^^^^^^
NameError: name 'start_year' is not defined
\n--- ERROR AT http://localhost:8000/api/v1/domain/analytics/reports?start_date=2026-03-01&end_date=2026-03-31&period=monthly ---\nTraceback (most recent call last):
  File "/Users/macbook13/Documents/pharma_new/.venv/lib/python3.13/site-packages/starlette/middleware/errors.py", line 164, in __call__
    await self.app(scope, receive, _send)
  File "/Users/macbook13/Documents/pharma_new/.venv/lib/python3.13/site-packages/starlette/middleware/cors.py", line 95, in __call__
    await self.simple_response(scope, receive, send, request_headers=headers)
  File "/Users/macbook13/Documents/pharma_new/.venv/lib/python3.13/site-packages/starlette/middleware/cors.py", line 153, in simple_response
    await self.app(scope, receive, send)
  File "/Users/macbook13/Documents/pharma_new/.venv/lib/python3.13/site-packages/starlette/middleware/exceptions.py", line 63, in __call__
    await wrap_app_handling_exceptions(self.app, conn)(scope, receive, send)
  File "/Users/macbook13/Documents/pharma_new/.venv/lib/python3.13/site-packages/starlette/_exception_handler.py", line 53, in wrapped_app
    raise exc
  File "/Users/macbook13/Documents/pharma_new/.venv/lib/python3.13/site-packages/starlette/_exception_handler.py", line 42, in wrapped_app
    await app(scope, receive, sender)
  File "/Users/macbook13/Documents/pharma_new/.venv/lib/python3.13/site-packages/fastapi/middleware/asyncexitstack.py", line 18, in __call__
    await self.app(scope, receive, send)
  File "/Users/macbook13/Documents/pharma_new/.venv/lib/python3.13/site-packages/starlette/routing.py", line 716, in __call__
    await self.middleware_stack(scope, receive, send)
  File "/Users/macbook13/Documents/pharma_new/.venv/lib/python3.13/site-packages/starlette/routing.py", line 736, in app
    await route.handle(scope, receive, send)
  File "/Users/macbook13/Documents/pharma_new/.venv/lib/python3.13/site-packages/starlette/routing.py", line 290, in handle
    await self.app(scope, receive, send)
  File "/Users/macbook13/Documents/pharma_new/.venv/lib/python3.13/site-packages/fastapi/routing.py", line 119, in app
    await wrap_app_handling_exceptions(app, request)(scope, receive, send)
  File "/Users/macbook13/Documents/pharma_new/.venv/lib/python3.13/site-packages/starlette/_exception_handler.py", line 53, in wrapped_app
    raise exc
  File "/Users/macbook13/Documents/pharma_new/.venv/lib/python3.13/site-packages/starlette/_exception_handler.py", line 42, in wrapped_app
    await app(scope, receive, sender)
  File "/Users/macbook13/Documents/pharma_new/.venv/lib/python3.13/site-packages/fastapi/routing.py", line 105, in app
    response = await f(request)
               ^^^^^^^^^^^^^^^^
  File "/Users/macbook13/Documents/pharma_new/.venv/lib/python3.13/site-packages/fastapi/routing.py", line 424, in app
    raw_response = await run_endpoint_function(
                   ^^^^^^^^^^^^^^^^^^^^^^^^^^^^
    ...<3 lines>...
    )
    ^
  File "/Users/macbook13/Documents/pharma_new/.venv/lib/python3.13/site-packages/fastapi/routing.py", line 312, in run_endpoint_function
    return await dependant.call(**values)
           ^^^^^^^^^^^^^^^^^^^^^^^^^^^^^^
  File "/Users/macbook13/Documents/pharma_new/backend/app/api/v1/endpoints/reports.py", line 49, in get_comprehensive_reports
    Plan.year >= start_year,
                 ^^^^^^^^^^
NameError: name 'start_year' is not defined
\n--- ERROR AT http://localhost:8000/api/v1/domain/analytics/reports?start_date=2026-02-01&end_date=2026-02-28&period=monthly ---\nTraceback (most recent call last):
  File "/Users/macbook13/Documents/pharma_new/.venv/lib/python3.13/site-packages/starlette/middleware/errors.py", line 164, in __call__
    await self.app(scope, receive, _send)
  File "/Users/macbook13/Documents/pharma_new/.venv/lib/python3.13/site-packages/starlette/middleware/cors.py", line 95, in __call__
    await self.simple_response(scope, receive, send, request_headers=headers)
  File "/Users/macbook13/Documents/pharma_new/.venv/lib/python3.13/site-packages/starlette/middleware/cors.py", line 153, in simple_response
    await self.app(scope, receive, send)
  File "/Users/macbook13/Documents/pharma_new/.venv/lib/python3.13/site-packages/starlette/middleware/exceptions.py", line 63, in __call__
    await wrap_app_handling_exceptions(self.app, conn)(scope, receive, send)
  File "/Users/macbook13/Documents/pharma_new/.venv/lib/python3.13/site-packages/starlette/_exception_handler.py", line 53, in wrapped_app
    raise exc
  File "/Users/macbook13/Documents/pharma_new/.venv/lib/python3.13/site-packages/starlette/_exception_handler.py", line 42, in wrapped_app
    await app(scope, receive, sender)
  File "/Users/macbook13/Documents/pharma_new/.venv/lib/python3.13/site-packages/fastapi/middleware/asyncexitstack.py", line 18, in __call__
    await self.app(scope, receive, send)
  File "/Users/macbook13/Documents/pharma_new/.venv/lib/python3.13/site-packages/starlette/routing.py", line 716, in __call__
    await self.middleware_stack(scope, receive, send)
  File "/Users/macbook13/Documents/pharma_new/.venv/lib/python3.13/site-packages/starlette/routing.py", line 736, in app
    await route.handle(scope, receive, send)
  File "/Users/macbook13/Documents/pharma_new/.venv/lib/python3.13/site-packages/starlette/routing.py", line 290, in handle
    await self.app(scope, receive, send)
  File "/Users/macbook13/Documents/pharma_new/.venv/lib/python3.13/site-packages/fastapi/routing.py", line 119, in app
    await wrap_app_handling_exceptions(app, request)(scope, receive, send)
  File "/Users/macbook13/Documents/pharma_new/.venv/lib/python3.13/site-packages/starlette/_exception_handler.py", line 53, in wrapped_app
    raise exc
  File "/Users/macbook13/Documents/pharma_new/.venv/lib/python3.13/site-packages/starlette/_exception_handler.py", line 42, in wrapped_app
    await app(scope, receive, sender)
  File "/Users/macbook13/Documents/pharma_new/.venv/lib/python3.13/site-packages/fastapi/routing.py", line 105, in app
    response = await f(request)
               ^^^^^^^^^^^^^^^^
  File "/Users/macbook13/Documents/pharma_new/.venv/lib/python3.13/site-packages/fastapi/routing.py", line 424, in app
    raw_response = await run_endpoint_function(
                   ^^^^^^^^^^^^^^^^^^^^^^^^^^^^
    ...<3 lines>...
    )
    ^
  File "/Users/macbook13/Documents/pharma_new/.venv/lib/python3.13/site-packages/fastapi/routing.py", line 312, in run_endpoint_function
    return await dependant.call(**values)
           ^^^^^^^^^^^^^^^^^^^^^^^^^^^^^^
  File "/Users/macbook13/Documents/pharma_new/backend/app/api/v1/endpoints/reports.py", line 49, in get_comprehensive_reports
    Plan.year >= start_year,
                 ^^^^^^^^^^
NameError: name 'start_year' is not defined
\n--- ERROR AT http://localhost:8000/api/v1/domain/analytics/reports?start_date=2026-02-01&end_date=2026-02-28&period=monthly ---\nTraceback (most recent call last):
  File "/Users/macbook13/Documents/pharma_new/.venv/lib/python3.13/site-packages/starlette/middleware/errors.py", line 164, in __call__
    await self.app(scope, receive, _send)
  File "/Users/macbook13/Documents/pharma_new/.venv/lib/python3.13/site-packages/starlette/middleware/cors.py", line 95, in __call__
    await self.simple_response(scope, receive, send, request_headers=headers)
  File "/Users/macbook13/Documents/pharma_new/.venv/lib/python3.13/site-packages/starlette/middleware/cors.py", line 153, in simple_response
    await self.app(scope, receive, send)
  File "/Users/macbook13/Documents/pharma_new/.venv/lib/python3.13/site-packages/starlette/middleware/exceptions.py", line 63, in __call__
    await wrap_app_handling_exceptions(self.app, conn)(scope, receive, send)
  File "/Users/macbook13/Documents/pharma_new/.venv/lib/python3.13/site-packages/starlette/_exception_handler.py", line 53, in wrapped_app
    raise exc
  File "/Users/macbook13/Documents/pharma_new/.venv/lib/python3.13/site-packages/starlette/_exception_handler.py", line 42, in wrapped_app
    await app(scope, receive, sender)
  File "/Users/macbook13/Documents/pharma_new/.venv/lib/python3.13/site-packages/fastapi/middleware/asyncexitstack.py", line 18, in __call__
    await self.app(scope, receive, send)
  File "/Users/macbook13/Documents/pharma_new/.venv/lib/python3.13/site-packages/starlette/routing.py", line 716, in __call__
    await self.middleware_stack(scope, receive, send)
  File "/Users/macbook13/Documents/pharma_new/.venv/lib/python3.13/site-packages/starlette/routing.py", line 736, in app
    await route.handle(scope, receive, send)
  File "/Users/macbook13/Documents/pharma_new/.venv/lib/python3.13/site-packages/starlette/routing.py", line 290, in handle
    await self.app(scope, receive, send)
  File "/Users/macbook13/Documents/pharma_new/.venv/lib/python3.13/site-packages/fastapi/routing.py", line 119, in app
    await wrap_app_handling_exceptions(app, request)(scope, receive, send)
  File "/Users/macbook13/Documents/pharma_new/.venv/lib/python3.13/site-packages/starlette/_exception_handler.py", line 53, in wrapped_app
    raise exc
  File "/Users/macbook13/Documents/pharma_new/.venv/lib/python3.13/site-packages/starlette/_exception_handler.py", line 42, in wrapped_app
    await app(scope, receive, sender)
  File "/Users/macbook13/Documents/pharma_new/.venv/lib/python3.13/site-packages/fastapi/routing.py", line 105, in app
    response = await f(request)
               ^^^^^^^^^^^^^^^^
  File "/Users/macbook13/Documents/pharma_new/.venv/lib/python3.13/site-packages/fastapi/routing.py", line 424, in app
    raw_response = await run_endpoint_function(
                   ^^^^^^^^^^^^^^^^^^^^^^^^^^^^
    ...<3 lines>...
    )
    ^
  File "/Users/macbook13/Documents/pharma_new/.venv/lib/python3.13/site-packages/fastapi/routing.py", line 312, in run_endpoint_function
    return await dependant.call(**values)
           ^^^^^^^^^^^^^^^^^^^^^^^^^^^^^^
  File "/Users/macbook13/Documents/pharma_new/backend/app/api/v1/endpoints/reports.py", line 49, in get_comprehensive_reports
    Plan.year >= start_year,
                 ^^^^^^^^^^
NameError: name 'start_year' is not defined
\n--- ERROR AT http://localhost:8000/api/v1/domain/analytics/reports?start_date=2026-02-01&end_date=2026-02-28&period=monthly ---\nTraceback (most recent call last):
  File "/Users/macbook13/Documents/pharma_new/.venv/lib/python3.13/site-packages/starlette/middleware/errors.py", line 164, in __call__
    await self.app(scope, receive, _send)
  File "/Users/macbook13/Documents/pharma_new/.venv/lib/python3.13/site-packages/starlette/middleware/cors.py", line 95, in __call__
    await self.simple_response(scope, receive, send, request_headers=headers)
  File "/Users/macbook13/Documents/pharma_new/.venv/lib/python3.13/site-packages/starlette/middleware/cors.py", line 153, in simple_response
    await self.app(scope, receive, send)
  File "/Users/macbook13/Documents/pharma_new/.venv/lib/python3.13/site-packages/starlette/middleware/exceptions.py", line 63, in __call__
    await wrap_app_handling_exceptions(self.app, conn)(scope, receive, send)
  File "/Users/macbook13/Documents/pharma_new/.venv/lib/python3.13/site-packages/starlette/_exception_handler.py", line 53, in wrapped_app
    raise exc
  File "/Users/macbook13/Documents/pharma_new/.venv/lib/python3.13/site-packages/starlette/_exception_handler.py", line 42, in wrapped_app
    await app(scope, receive, sender)
  File "/Users/macbook13/Documents/pharma_new/.venv/lib/python3.13/site-packages/fastapi/middleware/asyncexitstack.py", line 18, in __call__
    await self.app(scope, receive, send)
  File "/Users/macbook13/Documents/pharma_new/.venv/lib/python3.13/site-packages/starlette/routing.py", line 716, in __call__
    await self.middleware_stack(scope, receive, send)
  File "/Users/macbook13/Documents/pharma_new/.venv/lib/python3.13/site-packages/starlette/routing.py", line 736, in app
    await route.handle(scope, receive, send)
  File "/Users/macbook13/Documents/pharma_new/.venv/lib/python3.13/site-packages/starlette/routing.py", line 290, in handle
    await self.app(scope, receive, send)
  File "/Users/macbook13/Documents/pharma_new/.venv/lib/python3.13/site-packages/fastapi/routing.py", line 119, in app
    await wrap_app_handling_exceptions(app, request)(scope, receive, send)
  File "/Users/macbook13/Documents/pharma_new/.venv/lib/python3.13/site-packages/starlette/_exception_handler.py", line 53, in wrapped_app
    raise exc
  File "/Users/macbook13/Documents/pharma_new/.venv/lib/python3.13/site-packages/starlette/_exception_handler.py", line 42, in wrapped_app
    await app(scope, receive, sender)
  File "/Users/macbook13/Documents/pharma_new/.venv/lib/python3.13/site-packages/fastapi/routing.py", line 105, in app
    response = await f(request)
               ^^^^^^^^^^^^^^^^
  File "/Users/macbook13/Documents/pharma_new/.venv/lib/python3.13/site-packages/fastapi/routing.py", line 424, in app
    raw_response = await run_endpoint_function(
                   ^^^^^^^^^^^^^^^^^^^^^^^^^^^^
    ...<3 lines>...
    )
    ^
  File "/Users/macbook13/Documents/pharma_new/.venv/lib/python3.13/site-packages/fastapi/routing.py", line 312, in run_endpoint_function
    return await dependant.call(**values)
           ^^^^^^^^^^^^^^^^^^^^^^^^^^^^^^
  File "/Users/macbook13/Documents/pharma_new/backend/app/api/v1/endpoints/reports.py", line 49, in get_comprehensive_reports
    Plan.year >= start_year,
                 ^^^^^^^^^^
NameError: name 'start_year' is not defined
\n--- ERROR AT http://localhost:8000/api/v1/domain/analytics/reports?start_date=2026-02-01&end_date=2026-02-28&period=monthly ---\nTraceback (most recent call last):
  File "/Users/macbook13/Documents/pharma_new/.venv/lib/python3.13/site-packages/starlette/middleware/errors.py", line 164, in __call__
    await self.app(scope, receive, _send)
  File "/Users/macbook13/Documents/pharma_new/.venv/lib/python3.13/site-packages/starlette/middleware/cors.py", line 95, in __call__
    await self.simple_response(scope, receive, send, request_headers=headers)
  File "/Users/macbook13/Documents/pharma_new/.venv/lib/python3.13/site-packages/starlette/middleware/cors.py", line 153, in simple_response
    await self.app(scope, receive, send)
  File "/Users/macbook13/Documents/pharma_new/.venv/lib/python3.13/site-packages/starlette/middleware/exceptions.py", line 63, in __call__
    await wrap_app_handling_exceptions(self.app, conn)(scope, receive, send)
  File "/Users/macbook13/Documents/pharma_new/.venv/lib/python3.13/site-packages/starlette/_exception_handler.py", line 53, in wrapped_app
    raise exc
  File "/Users/macbook13/Documents/pharma_new/.venv/lib/python3.13/site-packages/starlette/_exception_handler.py", line 42, in wrapped_app
    await app(scope, receive, sender)
  File "/Users/macbook13/Documents/pharma_new/.venv/lib/python3.13/site-packages/fastapi/middleware/asyncexitstack.py", line 18, in __call__
    await self.app(scope, receive, send)
  File "/Users/macbook13/Documents/pharma_new/.venv/lib/python3.13/site-packages/starlette/routing.py", line 716, in __call__
    await self.middleware_stack(scope, receive, send)
  File "/Users/macbook13/Documents/pharma_new/.venv/lib/python3.13/site-packages/starlette/routing.py", line 736, in app
    await route.handle(scope, receive, send)
  File "/Users/macbook13/Documents/pharma_new/.venv/lib/python3.13/site-packages/starlette/routing.py", line 290, in handle
    await self.app(scope, receive, send)
  File "/Users/macbook13/Documents/pharma_new/.venv/lib/python3.13/site-packages/fastapi/routing.py", line 119, in app
    await wrap_app_handling_exceptions(app, request)(scope, receive, send)
  File "/Users/macbook13/Documents/pharma_new/.venv/lib/python3.13/site-packages/starlette/_exception_handler.py", line 53, in wrapped_app
    raise exc
  File "/Users/macbook13/Documents/pharma_new/.venv/lib/python3.13/site-packages/starlette/_exception_handler.py", line 42, in wrapped_app
    await app(scope, receive, sender)
  File "/Users/macbook13/Documents/pharma_new/.venv/lib/python3.13/site-packages/fastapi/routing.py", line 105, in app
    response = await f(request)
               ^^^^^^^^^^^^^^^^
  File "/Users/macbook13/Documents/pharma_new/.venv/lib/python3.13/site-packages/fastapi/routing.py", line 424, in app
    raw_response = await run_endpoint_function(
                   ^^^^^^^^^^^^^^^^^^^^^^^^^^^^
    ...<3 lines>...
    )
    ^
  File "/Users/macbook13/Documents/pharma_new/.venv/lib/python3.13/site-packages/fastapi/routing.py", line 312, in run_endpoint_function
    return await dependant.call(**values)
           ^^^^^^^^^^^^^^^^^^^^^^^^^^^^^^
  File "/Users/macbook13/Documents/pharma_new/backend/app/api/v1/endpoints/reports.py", line 49, in get_comprehensive_reports
    Plan.year >= start_year,
                 ^^^^^^^^^^
NameError: name 'start_year' is not defined
\n--- ERROR AT http://localhost:8000/api/v1/domain/analytics/reports?start_date=2026-03-01&end_date=2026-03-31&period=monthly ---\nTraceback (most recent call last):
  File "/Users/macbook13/Documents/pharma_new/.venv/lib/python3.13/site-packages/starlette/middleware/errors.py", line 164, in __call__
    await self.app(scope, receive, _send)
  File "/Users/macbook13/Documents/pharma_new/.venv/lib/python3.13/site-packages/starlette/middleware/cors.py", line 95, in __call__
    await self.simple_response(scope, receive, send, request_headers=headers)
  File "/Users/macbook13/Documents/pharma_new/.venv/lib/python3.13/site-packages/starlette/middleware/cors.py", line 153, in simple_response
    await self.app(scope, receive, send)
  File "/Users/macbook13/Documents/pharma_new/.venv/lib/python3.13/site-packages/starlette/middleware/exceptions.py", line 63, in __call__
    await wrap_app_handling_exceptions(self.app, conn)(scope, receive, send)
  File "/Users/macbook13/Documents/pharma_new/.venv/lib/python3.13/site-packages/starlette/_exception_handler.py", line 53, in wrapped_app
    raise exc
  File "/Users/macbook13/Documents/pharma_new/.venv/lib/python3.13/site-packages/starlette/_exception_handler.py", line 42, in wrapped_app
    await app(scope, receive, sender)
  File "/Users/macbook13/Documents/pharma_new/.venv/lib/python3.13/site-packages/fastapi/middleware/asyncexitstack.py", line 18, in __call__
    await self.app(scope, receive, send)
  File "/Users/macbook13/Documents/pharma_new/.venv/lib/python3.13/site-packages/starlette/routing.py", line 716, in __call__
    await self.middleware_stack(scope, receive, send)
  File "/Users/macbook13/Documents/pharma_new/.venv/lib/python3.13/site-packages/starlette/routing.py", line 736, in app
    await route.handle(scope, receive, send)
  File "/Users/macbook13/Documents/pharma_new/.venv/lib/python3.13/site-packages/starlette/routing.py", line 290, in handle
    await self.app(scope, receive, send)
  File "/Users/macbook13/Documents/pharma_new/.venv/lib/python3.13/site-packages/fastapi/routing.py", line 119, in app
    await wrap_app_handling_exceptions(app, request)(scope, receive, send)
  File "/Users/macbook13/Documents/pharma_new/.venv/lib/python3.13/site-packages/starlette/_exception_handler.py", line 53, in wrapped_app
    raise exc
  File "/Users/macbook13/Documents/pharma_new/.venv/lib/python3.13/site-packages/starlette/_exception_handler.py", line 42, in wrapped_app
    await app(scope, receive, sender)
  File "/Users/macbook13/Documents/pharma_new/.venv/lib/python3.13/site-packages/fastapi/routing.py", line 105, in app
    response = await f(request)
               ^^^^^^^^^^^^^^^^
  File "/Users/macbook13/Documents/pharma_new/.venv/lib/python3.13/site-packages/fastapi/routing.py", line 424, in app
    raw_response = await run_endpoint_function(
                   ^^^^^^^^^^^^^^^^^^^^^^^^^^^^
    ...<3 lines>...
    )
    ^
  File "/Users/macbook13/Documents/pharma_new/.venv/lib/python3.13/site-packages/fastapi/routing.py", line 312, in run_endpoint_function
    return await dependant.call(**values)
           ^^^^^^^^^^^^^^^^^^^^^^^^^^^^^^
  File "/Users/macbook13/Documents/pharma_new/backend/app/api/v1/endpoints/reports.py", line 49, in get_comprehensive_reports
    Plan.year >= start_year,
                 ^^^^^^^^^^
NameError: name 'start_year' is not defined
\n--- ERROR AT http://localhost:8000/api/v1/domain/analytics/reports?start_date=2026-03-01&end_date=2026-03-31&period=monthly ---\nTraceback (most recent call last):
  File "/Users/macbook13/Documents/pharma_new/.venv/lib/python3.13/site-packages/starlette/middleware/errors.py", line 164, in __call__
    await self.app(scope, receive, _send)
  File "/Users/macbook13/Documents/pharma_new/.venv/lib/python3.13/site-packages/starlette/middleware/cors.py", line 95, in __call__
    await self.simple_response(scope, receive, send, request_headers=headers)
  File "/Users/macbook13/Documents/pharma_new/.venv/lib/python3.13/site-packages/starlette/middleware/cors.py", line 153, in simple_response
    await self.app(scope, receive, send)
  File "/Users/macbook13/Documents/pharma_new/.venv/lib/python3.13/site-packages/starlette/middleware/exceptions.py", line 63, in __call__
    await wrap_app_handling_exceptions(self.app, conn)(scope, receive, send)
  File "/Users/macbook13/Documents/pharma_new/.venv/lib/python3.13/site-packages/starlette/_exception_handler.py", line 53, in wrapped_app
    raise exc
  File "/Users/macbook13/Documents/pharma_new/.venv/lib/python3.13/site-packages/starlette/_exception_handler.py", line 42, in wrapped_app
    await app(scope, receive, sender)
  File "/Users/macbook13/Documents/pharma_new/.venv/lib/python3.13/site-packages/fastapi/middleware/asyncexitstack.py", line 18, in __call__
    await self.app(scope, receive, send)
  File "/Users/macbook13/Documents/pharma_new/.venv/lib/python3.13/site-packages/starlette/routing.py", line 716, in __call__
    await self.middleware_stack(scope, receive, send)
  File "/Users/macbook13/Documents/pharma_new/.venv/lib/python3.13/site-packages/starlette/routing.py", line 736, in app
    await route.handle(scope, receive, send)
  File "/Users/macbook13/Documents/pharma_new/.venv/lib/python3.13/site-packages/starlette/routing.py", line 290, in handle
    await self.app(scope, receive, send)
  File "/Users/macbook13/Documents/pharma_new/.venv/lib/python3.13/site-packages/fastapi/routing.py", line 119, in app
    await wrap_app_handling_exceptions(app, request)(scope, receive, send)
  File "/Users/macbook13/Documents/pharma_new/.venv/lib/python3.13/site-packages/starlette/_exception_handler.py", line 53, in wrapped_app
    raise exc
  File "/Users/macbook13/Documents/pharma_new/.venv/lib/python3.13/site-packages/starlette/_exception_handler.py", line 42, in wrapped_app
    await app(scope, receive, sender)
  File "/Users/macbook13/Documents/pharma_new/.venv/lib/python3.13/site-packages/fastapi/routing.py", line 105, in app
    response = await f(request)
               ^^^^^^^^^^^^^^^^
  File "/Users/macbook13/Documents/pharma_new/.venv/lib/python3.13/site-packages/fastapi/routing.py", line 424, in app
    raw_response = await run_endpoint_function(
                   ^^^^^^^^^^^^^^^^^^^^^^^^^^^^
    ...<3 lines>...
    )
    ^
  File "/Users/macbook13/Documents/pharma_new/.venv/lib/python3.13/site-packages/fastapi/routing.py", line 312, in run_endpoint_function
    return await dependant.call(**values)
           ^^^^^^^^^^^^^^^^^^^^^^^^^^^^^^
  File "/Users/macbook13/Documents/pharma_new/backend/app/api/v1/endpoints/reports.py", line 49, in get_comprehensive_reports
    Plan.year >= start_year,
                 ^^^^^^^^^^
NameError: name 'start_year' is not defined
\n--- ERROR AT http://localhost:8000/api/v1/domain/analytics/reports?start_date=2026-03-01&end_date=2026-03-31&period=monthly ---\nTraceback (most recent call last):
  File "/Users/macbook13/Documents/pharma_new/.venv/lib/python3.13/site-packages/starlette/middleware/errors.py", line 164, in __call__
    await self.app(scope, receive, _send)
  File "/Users/macbook13/Documents/pharma_new/.venv/lib/python3.13/site-packages/starlette/middleware/cors.py", line 95, in __call__
    await self.simple_response(scope, receive, send, request_headers=headers)
  File "/Users/macbook13/Documents/pharma_new/.venv/lib/python3.13/site-packages/starlette/middleware/cors.py", line 153, in simple_response
    await self.app(scope, receive, send)
  File "/Users/macbook13/Documents/pharma_new/.venv/lib/python3.13/site-packages/starlette/middleware/exceptions.py", line 63, in __call__
    await wrap_app_handling_exceptions(self.app, conn)(scope, receive, send)
  File "/Users/macbook13/Documents/pharma_new/.venv/lib/python3.13/site-packages/starlette/_exception_handler.py", line 53, in wrapped_app
    raise exc
  File "/Users/macbook13/Documents/pharma_new/.venv/lib/python3.13/site-packages/starlette/_exception_handler.py", line 42, in wrapped_app
    await app(scope, receive, sender)
  File "/Users/macbook13/Documents/pharma_new/.venv/lib/python3.13/site-packages/fastapi/middleware/asyncexitstack.py", line 18, in __call__
    await self.app(scope, receive, send)
  File "/Users/macbook13/Documents/pharma_new/.venv/lib/python3.13/site-packages/starlette/routing.py", line 716, in __call__
    await self.middleware_stack(scope, receive, send)
  File "/Users/macbook13/Documents/pharma_new/.venv/lib/python3.13/site-packages/starlette/routing.py", line 736, in app
    await route.handle(scope, receive, send)
  File "/Users/macbook13/Documents/pharma_new/.venv/lib/python3.13/site-packages/starlette/routing.py", line 290, in handle
    await self.app(scope, receive, send)
  File "/Users/macbook13/Documents/pharma_new/.venv/lib/python3.13/site-packages/fastapi/routing.py", line 119, in app
    await wrap_app_handling_exceptions(app, request)(scope, receive, send)
  File "/Users/macbook13/Documents/pharma_new/.venv/lib/python3.13/site-packages/starlette/_exception_handler.py", line 53, in wrapped_app
    raise exc
  File "/Users/macbook13/Documents/pharma_new/.venv/lib/python3.13/site-packages/starlette/_exception_handler.py", line 42, in wrapped_app
    await app(scope, receive, sender)
  File "/Users/macbook13/Documents/pharma_new/.venv/lib/python3.13/site-packages/fastapi/routing.py", line 105, in app
    response = await f(request)
               ^^^^^^^^^^^^^^^^
  File "/Users/macbook13/Documents/pharma_new/.venv/lib/python3.13/site-packages/fastapi/routing.py", line 424, in app
    raw_response = await run_endpoint_function(
                   ^^^^^^^^^^^^^^^^^^^^^^^^^^^^
    ...<3 lines>...
    )
    ^
  File "/Users/macbook13/Documents/pharma_new/.venv/lib/python3.13/site-packages/fastapi/routing.py", line 312, in run_endpoint_function
    return await dependant.call(**values)
           ^^^^^^^^^^^^^^^^^^^^^^^^^^^^^^
  File "/Users/macbook13/Documents/pharma_new/backend/app/api/v1/endpoints/reports.py", line 49, in get_comprehensive_reports
    Plan.year >= start_year,
                 ^^^^^^^^^^
NameError: name 'start_year' is not defined
\n--- ERROR AT http://localhost:8000/api/v1/domain/analytics/reports?start_date=2026-03-01&end_date=2026-03-31&period=monthly ---\nTraceback (most recent call last):
  File "/Users/macbook13/Documents/pharma_new/.venv/lib/python3.13/site-packages/starlette/middleware/errors.py", line 164, in __call__
    await self.app(scope, receive, _send)
  File "/Users/macbook13/Documents/pharma_new/.venv/lib/python3.13/site-packages/starlette/middleware/cors.py", line 95, in __call__
    await self.simple_response(scope, receive, send, request_headers=headers)
  File "/Users/macbook13/Documents/pharma_new/.venv/lib/python3.13/site-packages/starlette/middleware/cors.py", line 153, in simple_response
    await self.app(scope, receive, send)
  File "/Users/macbook13/Documents/pharma_new/.venv/lib/python3.13/site-packages/starlette/middleware/exceptions.py", line 63, in __call__
    await wrap_app_handling_exceptions(self.app, conn)(scope, receive, send)
  File "/Users/macbook13/Documents/pharma_new/.venv/lib/python3.13/site-packages/starlette/_exception_handler.py", line 53, in wrapped_app
    raise exc
  File "/Users/macbook13/Documents/pharma_new/.venv/lib/python3.13/site-packages/starlette/_exception_handler.py", line 42, in wrapped_app
    await app(scope, receive, sender)
  File "/Users/macbook13/Documents/pharma_new/.venv/lib/python3.13/site-packages/fastapi/middleware/asyncexitstack.py", line 18, in __call__
    await self.app(scope, receive, send)
  File "/Users/macbook13/Documents/pharma_new/.venv/lib/python3.13/site-packages/starlette/routing.py", line 716, in __call__
    await self.middleware_stack(scope, receive, send)
  File "/Users/macbook13/Documents/pharma_new/.venv/lib/python3.13/site-packages/starlette/routing.py", line 736, in app
    await route.handle(scope, receive, send)
  File "/Users/macbook13/Documents/pharma_new/.venv/lib/python3.13/site-packages/starlette/routing.py", line 290, in handle
    await self.app(scope, receive, send)
  File "/Users/macbook13/Documents/pharma_new/.venv/lib/python3.13/site-packages/fastapi/routing.py", line 119, in app
    await wrap_app_handling_exceptions(app, request)(scope, receive, send)
  File "/Users/macbook13/Documents/pharma_new/.venv/lib/python3.13/site-packages/starlette/_exception_handler.py", line 53, in wrapped_app
    raise exc
  File "/Users/macbook13/Documents/pharma_new/.venv/lib/python3.13/site-packages/starlette/_exception_handler.py", line 42, in wrapped_app
    await app(scope, receive, sender)
  File "/Users/macbook13/Documents/pharma_new/.venv/lib/python3.13/site-packages/fastapi/routing.py", line 105, in app
    response = await f(request)
               ^^^^^^^^^^^^^^^^
  File "/Users/macbook13/Documents/pharma_new/.venv/lib/python3.13/site-packages/fastapi/routing.py", line 424, in app
    raw_response = await run_endpoint_function(
                   ^^^^^^^^^^^^^^^^^^^^^^^^^^^^
    ...<3 lines>...
    )
    ^
  File "/Users/macbook13/Documents/pharma_new/.venv/lib/python3.13/site-packages/fastapi/routing.py", line 312, in run_endpoint_function
    return await dependant.call(**values)
           ^^^^^^^^^^^^^^^^^^^^^^^^^^^^^^
  File "/Users/macbook13/Documents/pharma_new/backend/app/api/v1/endpoints/reports.py", line 49, in get_comprehensive_reports
    Plan.year >= start_year,
                 ^^^^^^^^^^
NameError: name 'start_year' is not defined
\n--- ERROR AT http://localhost:8000/api/v1/domain/analytics/reports?start_date=2026-03-01&end_date=2026-03-31&period=monthly ---\nTraceback (most recent call last):
  File "/Users/macbook13/Documents/pharma_new/.venv/lib/python3.13/site-packages/starlette/middleware/errors.py", line 164, in __call__
    await self.app(scope, receive, _send)
  File "/Users/macbook13/Documents/pharma_new/.venv/lib/python3.13/site-packages/starlette/middleware/cors.py", line 95, in __call__
    await self.simple_response(scope, receive, send, request_headers=headers)
  File "/Users/macbook13/Documents/pharma_new/.venv/lib/python3.13/site-packages/starlette/middleware/cors.py", line 153, in simple_response
    await self.app(scope, receive, send)
  File "/Users/macbook13/Documents/pharma_new/.venv/lib/python3.13/site-packages/starlette/middleware/exceptions.py", line 63, in __call__
    await wrap_app_handling_exceptions(self.app, conn)(scope, receive, send)
  File "/Users/macbook13/Documents/pharma_new/.venv/lib/python3.13/site-packages/starlette/_exception_handler.py", line 53, in wrapped_app
    raise exc
  File "/Users/macbook13/Documents/pharma_new/.venv/lib/python3.13/site-packages/starlette/_exception_handler.py", line 42, in wrapped_app
    await app(scope, receive, sender)
  File "/Users/macbook13/Documents/pharma_new/.venv/lib/python3.13/site-packages/fastapi/middleware/asyncexitstack.py", line 18, in __call__
    await self.app(scope, receive, send)
  File "/Users/macbook13/Documents/pharma_new/.venv/lib/python3.13/site-packages/starlette/routing.py", line 716, in __call__
    await self.middleware_stack(scope, receive, send)
  File "/Users/macbook13/Documents/pharma_new/.venv/lib/python3.13/site-packages/starlette/routing.py", line 736, in app
    await route.handle(scope, receive, send)
  File "/Users/macbook13/Documents/pharma_new/.venv/lib/python3.13/site-packages/starlette/routing.py", line 290, in handle
    await self.app(scope, receive, send)
  File "/Users/macbook13/Documents/pharma_new/.venv/lib/python3.13/site-packages/fastapi/routing.py", line 119, in app
    await wrap_app_handling_exceptions(app, request)(scope, receive, send)
  File "/Users/macbook13/Documents/pharma_new/.venv/lib/python3.13/site-packages/starlette/_exception_handler.py", line 53, in wrapped_app
    raise exc
  File "/Users/macbook13/Documents/pharma_new/.venv/lib/python3.13/site-packages/starlette/_exception_handler.py", line 42, in wrapped_app
    await app(scope, receive, sender)
  File "/Users/macbook13/Documents/pharma_new/.venv/lib/python3.13/site-packages/fastapi/routing.py", line 105, in app
    response = await f(request)
               ^^^^^^^^^^^^^^^^
  File "/Users/macbook13/Documents/pharma_new/.venv/lib/python3.13/site-packages/fastapi/routing.py", line 424, in app
    raw_response = await run_endpoint_function(
                   ^^^^^^^^^^^^^^^^^^^^^^^^^^^^
    ...<3 lines>...
    )
    ^
  File "/Users/macbook13/Documents/pharma_new/.venv/lib/python3.13/site-packages/fastapi/routing.py", line 312, in run_endpoint_function
    return await dependant.call(**values)
           ^^^^^^^^^^^^^^^^^^^^^^^^^^^^^^
  File "/Users/macbook13/Documents/pharma_new/backend/app/api/v1/endpoints/reports.py", line 110, in get_comprehensive_reports
    case(
    ~~~~^
        [(BonusLedger.ledger_type == "accrual", BonusLedger.amount)],
        ^^^^^^^^^^^^^^^^^^^^^^^^^^^^^^^^^^^^^^^^^^^^^^^^^^^^^^^^^^^^^
        else_=0
        ^^^^^^^
    )
    ^
  File "/Users/macbook13/Documents/pharma_new/.venv/lib/python3.13/site-packages/sqlalchemy/sql/_elements_constructors.py", line 853, in case
    return Case(*whens, value=value, else_=else_)
  File "/Users/macbook13/Documents/pharma_new/.venv/lib/python3.13/site-packages/sqlalchemy/sql/elements.py", line 3349, in __init__
    new_whens: Iterable[Any] = coercions._expression_collection_was_a_list(
                               ~~~~~~~~~~~~~~~~~~~~~~~~~~~~~~~~~~~~~~~~~~~^
        "whens", "case", whens
        ^^^^^^^^^^^^^^^^^^^^^^
    )
    ^
  File "/Users/macbook13/Documents/pharma_new/.venv/lib/python3.13/site-packages/sqlalchemy/sql/coercions.py", line 152, in _expression_collection_was_a_list
    raise exc.ArgumentError(
    ...<4 lines>...
    )
sqlalchemy.exc.ArgumentError: The "whens" argument to case(), when referring to a sequence of items, is now passed as a series of positional elements, rather than as a list. 
